Component: ARM Compiler 5.06 update 7 (build 960) Tool: armlink [4d3601]

==============================================================================

Section Cross References

    startup_stm32f40_41xxx.o(RESET) refers to startup_stm32f40_41xxx.o(STACK) for __initial_sp
    startup_stm32f40_41xxx.o(RESET) refers to startup_stm32f40_41xxx.o(.text) for Reset_Handler
    startup_stm32f40_41xxx.o(RESET) refers to stm32f4xx_it.o(i.NMI_Handler) for NMI_Handler
    startup_stm32f40_41xxx.o(RESET) refers to stm32f4xx_it.o(i.HardFault_Handler) for HardFault_Handler
    startup_stm32f40_41xxx.o(RESET) refers to stm32f4xx_it.o(i.MemManage_Handler) for MemManage_Handler
    startup_stm32f40_41xxx.o(RESET) refers to stm32f4xx_it.o(i.BusFault_Handler) for BusFault_Handler
    startup_stm32f40_41xxx.o(RESET) refers to stm32f4xx_it.o(i.UsageFault_Handler) for UsageFault_Handler
    startup_stm32f40_41xxx.o(RESET) refers to stm32f4xx_it.o(i.SVC_Handler) for SVC_Handler
    startup_stm32f40_41xxx.o(RESET) refers to stm32f4xx_it.o(i.DebugMon_Handler) for DebugMon_Handler
    startup_stm32f40_41xxx.o(RESET) refers to stm32f4xx_it.o(i.PendSV_Handler) for PendSV_Handler
    startup_stm32f40_41xxx.o(RESET) refers to stm32f4xx_it.o(i.SysTick_Handler) for SysTick_Handler
    startup_stm32f40_41xxx.o(RESET) refers to main.o(i.TIM3_IRQHandler) for TIM3_IRQHandler
    startup_stm32f40_41xxx.o(RESET) refers to main.o(i.TIM6_DAC_IRQHandler) for TIM6_DAC_IRQHandler
    startup_stm32f40_41xxx.o(.text) refers to system_stm32f4xx.o(i.SystemInit) for SystemInit
    startup_stm32f40_41xxx.o(.text) refers to entry.o(.ARM.Collect$$$$00000000) for __main
    stm32f4xx_rcc.o(i.RCC_GetClocksFreq) refers to stm32f4xx_rcc.o(.data) for .data
    stm32f4xx_rcc.o(i.RCC_WaitForHSEStartUp) refers to stm32f4xx_rcc.o(i.RCC_GetFlagStatus) for RCC_GetFlagStatus
    stm32f4xx_gpio.o(i.GPIO_DeInit) refers to stm32f4xx_rcc.o(i.RCC_AHB1PeriphResetCmd) for RCC_AHB1PeriphResetCmd
    stm32f4xx_syscfg.o(i.SYSCFG_DeInit) refers to stm32f4xx_rcc.o(i.RCC_APB2PeriphResetCmd) for RCC_APB2PeriphResetCmd
    stm32f4xx_tim.o(i.TIM_DeInit) refers to stm32f4xx_rcc.o(i.RCC_APB2PeriphResetCmd) for RCC_APB2PeriphResetCmd
    stm32f4xx_tim.o(i.TIM_DeInit) refers to stm32f4xx_rcc.o(i.RCC_APB1PeriphResetCmd) for RCC_APB1PeriphResetCmd
    stm32f4xx_tim.o(i.TIM_ETRClockMode1Config) refers to stm32f4xx_tim.o(i.TIM_ETRConfig) for TIM_ETRConfig
    stm32f4xx_tim.o(i.TIM_ETRClockMode2Config) refers to stm32f4xx_tim.o(i.TIM_ETRConfig) for TIM_ETRConfig
    stm32f4xx_tim.o(i.TIM_ICInit) refers to stm32f4xx_tim.o(i.TI4_Config) for TI4_Config
    stm32f4xx_tim.o(i.TIM_ICInit) refers to stm32f4xx_tim.o(i.TIM_SetIC4Prescaler) for TIM_SetIC4Prescaler
    stm32f4xx_tim.o(i.TIM_ICInit) refers to stm32f4xx_tim.o(i.TI1_Config) for TI1_Config
    stm32f4xx_tim.o(i.TIM_ICInit) refers to stm32f4xx_tim.o(i.TIM_SetIC1Prescaler) for TIM_SetIC1Prescaler
    stm32f4xx_tim.o(i.TIM_ICInit) refers to stm32f4xx_tim.o(i.TI2_Config) for TI2_Config
    stm32f4xx_tim.o(i.TIM_ICInit) refers to stm32f4xx_tim.o(i.TIM_SetIC2Prescaler) for TIM_SetIC2Prescaler
    stm32f4xx_tim.o(i.TIM_ICInit) refers to stm32f4xx_tim.o(i.TI3_Config) for TI3_Config
    stm32f4xx_tim.o(i.TIM_ICInit) refers to stm32f4xx_tim.o(i.TIM_SetIC3Prescaler) for TIM_SetIC3Prescaler
    stm32f4xx_tim.o(i.TIM_ITRxExternalClockConfig) refers to stm32f4xx_tim.o(i.TIM_SelectInputTrigger) for TIM_SelectInputTrigger
    stm32f4xx_tim.o(i.TIM_PWMIConfig) refers to stm32f4xx_tim.o(i.TI2_Config) for TI2_Config
    stm32f4xx_tim.o(i.TIM_PWMIConfig) refers to stm32f4xx_tim.o(i.TIM_SetIC2Prescaler) for TIM_SetIC2Prescaler
    stm32f4xx_tim.o(i.TIM_PWMIConfig) refers to stm32f4xx_tim.o(i.TI1_Config) for TI1_Config
    stm32f4xx_tim.o(i.TIM_PWMIConfig) refers to stm32f4xx_tim.o(i.TIM_SetIC1Prescaler) for TIM_SetIC1Prescaler
    stm32f4xx_tim.o(i.TIM_TIxExternalClockConfig) refers to stm32f4xx_tim.o(i.TI1_Config) for TI1_Config
    stm32f4xx_tim.o(i.TIM_TIxExternalClockConfig) refers to stm32f4xx_tim.o(i.TIM_SelectInputTrigger) for TIM_SelectInputTrigger
    stm32f4xx_tim.o(i.TIM_TIxExternalClockConfig) refers to stm32f4xx_tim.o(i.TI2_Config) for TI2_Config
    stm32f4xx_usart.o(i.USART_DeInit) refers to stm32f4xx_rcc.o(i.RCC_APB2PeriphResetCmd) for RCC_APB2PeriphResetCmd
    stm32f4xx_usart.o(i.USART_DeInit) refers to stm32f4xx_rcc.o(i.RCC_APB1PeriphResetCmd) for RCC_APB1PeriphResetCmd
    stm32f4xx_usart.o(i.USART_Init) refers to stm32f4xx_rcc.o(i.RCC_GetClocksFreq) for RCC_GetClocksFreq
    base_timer.o(i.BASE_Timer_Init) refers to stm32f4xx_rcc.o(i.RCC_APB1PeriphClockCmd) for RCC_APB1PeriphClockCmd
    base_timer.o(i.BASE_Timer_Init) refers to stm32f4xx_tim.o(i.TIM_TimeBaseInit) for TIM_TimeBaseInit
    base_timer.o(i.BASE_Timer_Init) refers to stm32f4xx_tim.o(i.TIM_ITConfig) for TIM_ITConfig
    base_timer.o(i.BASE_Timer_Init) refers to misc.o(i.NVIC_Init) for NVIC_Init
    base_timer.o(i.BASE_Timer_Init) refers to stm32f4xx_tim.o(i.TIM_Cmd) for TIM_Cmd
[...]
    printf3.o(i.__0sprintf$3) refers to printf3.o(i._sputc) for _sputc
    printf3.o(i.__0vfprintf$3) refers to printf3.o(i._printf_core) for _printf_core
    printf3.o(i.__0vfprintf$3) refers to uart.o(i.fputc) for fputc
    printf3.o(i.__0vprintf$3) refers to printf3.o(i._printf_core) for _printf_core
    printf3.o(i.__0vprintf$3) refers to uart.o(i.fputc) for fputc
    printf3.o(i.__0vprintf$3) refers to stdout.o(.data) for __stdout
    printf3.o(i.__0vsnprintf$3) refers to printf3.o(i._printf_core) for _printf_core
    printf3.o(i.__0vsnprintf$3) refers to printf3.o(i._snputc) for _snputc
    printf3.o(i.__0vsprintf$3) refers to printf3.o(i._printf_core) for _printf_core
    printf3.o(i.__0vsprintf$3) refers to printf3.o(i._sputc) for _sputc
    printf3.o(i._printf_core) refers to uidiv.o(.text) for __aeabi_uidivmod
    printf4.o(i.__0fprintf$4) refers to printf4.o(i._printf_core) for _printf_core
    printf4.o(i.__0fprintf$4) refers to uart.o(i.fputc) for fputc
    printf4.o(i.__0printf$4) refers to printf4.o(i._printf_core) for _printf_core
    printf4.o(i.__0printf$4) refers to uart.o(i.fputc) for fputc
    printf4.o(i.__0printf$4) refers to stdout.o(.data) for __stdout
    printf4.o(i.__0snprintf$4) refers to printf4.o(i._printf_core) for _printf_core
    printf4.o(i.__0snprintf$4) refers to printf4.o(i._snputc) for _snputc
    printf4.o(i.__0sprintf$4) refers to printf4.o(i._printf_core) for _printf_core
    printf4.o(i.__0sprintf$4) refers to printf4.o(i._sputc) for _sputc
    printf4.o(i.__0vfprintf$4) refers to printf4.o(i._printf_core) for _printf_core
    printf4.o(i.__0vfprintf$4) refers to uart.o(i.fputc) for fputc
    printf4.o(i.__0vprintf$4) refers to printf4.o(i._printf_core) for _printf_core
    printf4.o(i.__0vprintf$4) refers to uart.o(i.fputc) for fputc
    printf4.o(i.__0vprintf$4) refers to stdout.o(.data) for __stdout
    printf4.o(i.__0vsnprintf$4) refers to printf4.o(i._printf_core) for _printf_core
    printf4.o(i.__0vsnprintf$4) refers to printf4.o(i._snputc) for _snputc
    printf4.o(i.__0vsprintf$4) refers to printf4.o(i._printf_core) for _printf_core
    printf4.o(i.__0vsprintf$4) refers to printf4.o(i._sputc) for _sputc
    printf4.o(i._printf_core) refers to uldiv.o(.text) for __aeabi_uldivmod
    printf5.o(i.__0fprintf$5) refers to printf5.o(i._printf_core) for _printf_core
    printf5.o(i.__0fprintf$5) refers to uart.o(i.fputc) for fputc
    printf5.o(i.__0printf$5) refers to printf5.o(i._printf_core) for _printf_core
    printf5.o(i.__0printf$5) refers to uart.o(i.fputc) for fputc
    printf5.o(i.__0printf$5) refers to stdout.o(.data) for __stdout
    printf5.o(i.__0snprintf$5) refers to printf5.o(i._printf_core) for _printf_core
    printf5.o(i.__0snprintf$5) refers to printf5.o(i._snputc) for _snputc
    printf5.o(i.__0sprintf$5) refers to printf5.o(i._printf_core) for _printf_core
    printf5.o(i.__0sprintf$5) refers to printf5.o(i._sputc) for _sputc
    printf5.o(i.__0vfprintf$5) refers to printf5.o(i._printf_core) for _printf_core
    printf5.o(i.__0vfprintf$5) refers to uart.o(i.fputc) for fputc
    printf5.o(i.__0vprintf$5) refers to printf5.o(i._printf_core) for _printf_core
    printf5.o(i.__0vprintf$5) refers to uart.o(i.fputc) for fputc
    printf5.o(i.__0vprintf$5) refers to stdout.o(.data) for __stdout
    printf5.o(i.__0vsnprintf$5) refers to printf5.o(i._printf_core) for _printf_core
    printf5.o(i.__0vsnprintf$5) refers to printf5.o(i._snputc) for _snputc
    printf5.o(i.__0vsprintf$5) refers to printf5.o(i._printf_core) for _printf_core
    printf5.o(i.__0vsprintf$5) refers to printf5.o(i._sputc) for _sputc
    printf5.o(i._printf_core) refers to uldiv.o(.text) for __aeabi_uldivmod
    printf6.o(i.__0fprintf$6) refers to printf6.o(i._printf_core) for _printf_core
    printf6.o(i.__0fprintf$6) refers to uart.o(i.fputc) for fputc
    printf6.o(i.__0printf$6) refers to printf6.o(i._printf_core) for _printf_core
    printf6.o(i.__0printf$6) refers to uart.o(i.fputc) for fputc
    printf6.o(i.__0printf$6) refers to stdout.o(.data) for __stdout
    printf6.o(i.__0snprintf$6) refers to printf6.o(i._printf_core) for _printf_core
    printf6.o(i.__0snprintf$6) refers to printf6.o(i._snputc) for _snputc
    printf6.o(i.__0sprintf$6) refers to printf6.o(i._printf_core) for _printf_core
    printf6.o(i.__0sprintf$6) refers to printf6.o(i._sputc) for _sputc
    printf6.o(i.__0vfprintf$6) refers to printf6.o(i._printf_core) for _printf_core
    printf6.o(i.__0vfprintf$6) refers to uart.o(i.fputc) for fputc
    printf6.o(i.__0vprintf$6) refers to printf6.o(i._printf_core) for _printf_core
    printf6.o(i.__0vprintf$6) refers to uart.o(i.fputc) for fputc
    printf6.o(i.__0vprintf$6) refers to stdout.o(.data) for __stdout
    printf6.o(i.__0vsnprintf$6) refers to printf6.o(i._printf_core) for _printf_core
    printf6.o(i.__0vsnprintf$6) refers to printf6.o(i._snputc) for _snputc
    printf6.o(i.__0vsprintf$6) refers to printf6.o(i._printf_core) for _printf_core
    printf6.o(i.__0vsprintf$6) refers to printf6.o(i._sputc) for _sputc
    printf6.o(i._printf_core) refers to printf6.o(i._printf_pre_padding) for _printf_pre_padding
    printf6.o(i._printf_core) refers to uidiv.o(.text) for __aeabi_uidivmod
    printf6.o(i._printf_core) refers to printf6.o(i._printf_post_padding) for _printf_post_padding
    printf7.o(i.__0fprintf$7) refers to printf7.o(i._printf_core) for _printf_core
    printf7.o(i.__0fprintf$7) refers to uart.o(i.fputc) for fputc
    printf7.o(i.__0printf$7) refers to printf7.o(i._printf_core) for _printf_core
    printf7.o(i.__0printf$7) refers to uart.o(i.fputc) for fputc
    printf7.o(i.__0printf$7) refers to stdout.o(.data) for __stdout
    printf7.o(i.__0snprintf$7) refers to printf7.o(i._printf_core) for _printf_core
    printf7.o(i.__0snprintf$7) refers to printf7.o(i._snputc) for _snputc
    printf7.o(i.__0sprintf$7) refers to printf7.o(i._printf_core) for _printf_core
    printf7.o(i.__0sprintf$7) refers to printf7.o(i._sputc) for _sputc
    printf7.o(i.__0vfprintf$7) refers to printf7.o(i._printf_core) for _printf_core
    printf7.o(i.__0vfprintf$7) refers to uart.o(i.fputc) for fputc
    printf7.o(i.__0vprintf$7) refers to printf7.o(i._printf_core) for _printf_core
    printf7.o(i.__0vprintf$7) refers to uart.o(i.fputc) for fputc
    printf7.o(i.__0vprintf$7) refers to stdout.o(.data) for __stdout
    printf7.o(i.__0vsnprintf$7) refers to printf7.o(i._printf_core) for _printf_core
    printf7.o(i.__0vsnprintf$7) refers to printf7.o(i._snputc) for _snputc
    printf7.o(i.__0vsprintf$7) refers to printf7.o(i._printf_core) for _printf_core
    printf7.o(i.__0vsprintf$7) refers to printf7.o(i._sputc) for _sputc
    printf7.o(i._printf_core) refers to printf7.o(i._printf_pre_padding) for _printf_pre_padding
    printf7.o(i._printf_core) refers to uldiv.o(.text) for __aeabi_uldivmod
    printf7.o(i._printf_core) refers to printf7.o(i._printf_post_padding) for _printf_post_padding
    printf8.o(i.__0fprintf$8) refers to printf8.o(i._printf_core) for _printf_core
    printf8.o(i.__0fprintf$8) refers to uart.o(i.fputc) for fputc
    printf8.o(i.__0printf$8) refers to printf8.o(i._printf_core) for _printf_core
    printf8.o(i.__0printf$8) refers to uart.o(i.fputc) for fputc
    printf8.o(i.__0printf$8) refers to stdout.o(.data) for __stdout
    printf8.o(i.__0snprintf$8) refers to printf8.o(i._printf_core) for _printf_core
    printf8.o(i.__0snprintf$8) refers to printf8.o(i._snputc) for _snputc
    printf8.o(i.__0sprintf$8) refers to printf8.o(i._printf_core) for _printf_core
    printf8.o(i.__0sprintf$8) refers to printf8.o(i._sputc) for _sputc
    printf8.o(i.__0vfprintf$8) refers to printf8.o(i._printf_core) for _printf_core
    printf8.o(i.__0vfprintf$8) refers to uart.o(i.fputc) for fputc
    printf8.o(i.__0vprintf$8) refers to printf8.o(i._printf_core) for _printf_core
    printf8.o(i.__0vprintf$8) refers to uart.o(i.fputc) for fputc
    printf8.o(i.__0vprintf$8) refers to stdout.o(.data) for __stdout
    printf8.o(i.__0vsnprintf$8) refers to printf8.o(i._printf_core) for _printf_core
    printf8.o(i.__0vsnprintf$8) refers to printf8.o(i._snputc) for _snputc
    printf8.o(i.__0vsprintf$8) refers to printf8.o(i._printf_core) for _printf_core
    printf8.o(i.__0vsprintf$8) refers to printf8.o(i._sputc) for _sputc
    printf8.o(i._printf_core) refers to printf8.o(i._printf_pre_padding) for _printf_pre_padding
    printf8.o(i._printf_core) refers to uldiv.o(.text) for __aeabi_uldivmod
    printf8.o(i._printf_core) refers to printf8.o(i._printf_post_padding) for _printf_post_padding
    printfa.o(i.__0fprintf) refers (Special) to iusefp.o(.text) for __I$use$fp
    printfa.o(i.__0fprintf) refers to printfa.o(i._printf_core) for _printf_core
    printfa.o(i.__0fprintf) refers to uart.o(i.fputc) for fputc
    printfa.o(i.__0printf) refers (Special) to iusefp.o(.text) for __I$use$fp
    printfa.o(i.__0printf) refers to printfa.o(i._printf_core) for _printf_core
    printfa.o(i.__0printf) refers to uart.o(i.fputc) for fputc
    printfa.o(i.__0printf) refers to stdout.o(.data) for __stdout
    printfa.o(i.__0snprintf) refers (Special) to iusefp.o(.text) for __I$use$fp
    printfa.o(i.__0snprintf) refers to printfa.o(i._printf_core) for _printf_core
    printfa.o(i.__0snprintf) refers to printfa.o(i._snputc) for _snputc
    printfa.o(i.__0sprintf) refers (Special) to iusefp.o(.text) for __I$use$fp
    printfa.o(i.__0sprintf) refers to printfa.o(i._printf_core) for _printf_core
    printfa.o(i.__0sprintf) refers to printfa.o(i._sputc) for _sputc
    printfa.o(i.__0vfprintf) refers (Special) to iusefp.o(.text) for __I$use$fp
    printfa.o(i.__0vfprintf) refers to printfa.o(i._printf_core) for _printf_core
    printfa.o(i.__0vfprintf) refers to uart.o(i.fputc) for fputc
    printfa.o(i.__0vprintf) refers (Special) to iusefp.o(.text) for __I$use$fp
    printfa.o(i.__0vprintf) refers to printfa.o(i._printf_core) for _printf_core
    printfa.o(i.__0vprintf) refers to uart.o(i.fputc) for fputc
    printfa.o(i.__0vprintf) refers to stdout.o(.data) for __stdout
    printfa.o(i.__0vsnprintf) refers (Special) to iusefp.o(.text) for __I$use$fp
    printfa.o(i.__0vsnprintf) refers to printfa.o(i._printf_core) for _printf_core
    printfa.o(i.__0vsnprintf) refers to printfa.o(i._snputc) for _snputc
    printfa.o(i.__0vsprintf) refers (Special) to iusefp.o(.text) for __I$use$fp
    printfa.o(i.__0vsprintf) refers to printfa.o(i._printf_core) for _printf_core
    printfa.o(i.__0vsprintf) refers to printfa.o(i._sputc) for _sputc
    printfa.o(i._fp_digits) refers (Special) to iusefp.o(.text) for __I$use$fp
    printfa.o(i._fp_digits) refers to dmul.o(.text) for __aeabi_dmul
    printfa.o(i._fp_digits) refers to ddiv.o(.text) for __aeabi_ddiv
    printfa.o(i._fp_digits) refers to cdrcmple.o(.text) for __aeabi_cdrcmple
    printfa.o(i._fp_digits) refers to dadd.o(.text) for __aeabi_dadd
    printfa.o(i._fp_digits) refers to dfixul.o(.text) for __aeabi_d2ulz
    printfa.o(i._fp_digits) refers to uldiv.o(.text) for __aeabi_uldivmod
    printfa.o(i._printf_core) refers (Special) to iusefp.o(.text) for __I$use$fp
    printfa.o(i._printf_core) refers to printfa.o(i._printf_pre_padding) for _printf_pre_padding
    printfa.o(i._printf_core) refers to uldiv.o(.text) for __aeabi_uldivmod
    printfa.o(i._printf_core) refers to printfa.o(i._printf_post_padding) for _printf_post_padding
    printfa.o(i._printf_core) refers to printfa.o(i._fp_digits) for _fp_digits
    printfa.o(i._printf_core) refers to uidiv.o(.text) for __aeabi_uidivmod
    printfa.o(i._printf_post_padding) refers (Special) to iusefp.o(.text) for __I$use$fp
    printfa.o(i._printf_pre_padding) refers (Special) to iusefp.o(.text) for __I$use$fp
    printfa.o(i._snputc) refers (Special) to iusefp.o(.text) for __I$use$fp
    printfa.o(i._sputc) refers (Special) to iusefp.o(.text) for __I$use$fp
    dmul.o(.text) refers (Special) to iusefp.o(.text) for __I$use$fp
    dmul.o(.text) refers to depilogue.o(.text) for _double_epilogue
    ddiv.o(.text) refers (Special) to iusefp.o(.text) for __I$use$fp
    ddiv.o(.text) refers to depilogue.o(.text) for _double_round
    dfltui.o(.text) refers (Special) to iusefp.o(.text) for __I$use$fp
    dfltui.o(.text) refers to depilogue.o(.text) for _double_epilogue
    dfltl.o(.text) refers (Special) to iusefp.o(.text) for __I$use$fp
    dfltl.o(.text) refers to depilogue.o(.text) for _double_epilogue
    f2d.o(.text) refers (Special) to iusefp.o(.text) for __I$use$fp
    d2f.o(.text) refers (Special) to iusefp.o(.text) for __I$use$fp
    d2f.o(.text) refers to fepilogue.o(.text) for _float_round
    entry2.o(.ARM.Collect$$$$00000001) refers to entry2.o(.ARM.Collect$$$$00002712) for __lit__00000000
    entry2.o(.ARM.Collect$$$$00002712) refers to startup_stm32f40_41xxx.o(STACK) for __initial_sp
    entry2.o(__vectab_stack_and_reset_area) refers to startup_stm32f40_41xxx.o(STACK) for __initial_sp
    entry2.o(__vectab_stack_and_reset_area) refers to entry.o(.ARM.Collect$$$$00000000) for __main
    entry5.o(.ARM.Collect$$$$00000004) refers to init.o(.text) for __scatterload
    entry9a.o(.ARM.Collect$$$$0000000B) refers to main.o(i.main) for main
    entry9b.o(.ARM.Collect$$$$0000000C) refers to main.o(i.main) for main
    uldiv.o(.text) refers to llushr.o(.text) for __aeabi_llsr
    uldiv.o(.text) refers to llshl.o(.text) for __aeabi_llsl
    depilogue.o(.text) refers to llshl.o(.text) for __aeabi_llsl
    depilogue.o(.text) refers to llushr.o(.text) for __aeabi_llsr
    dadd.o(.text) refers to llshl.o(.text) for __aeabi_llsl
    dadd.o(.text) refers to llsshr.o(.text) for __aeabi_lasr
    dadd.o(.text) refers to depilogue.o(.text) for _double_epilogue
    dfixul.o(.text) refers to llushr.o(.text) for __aeabi_llsr
    dfixul.o(.text) refers to llshl.o(.text) for __aeabi_llsl
    init.o(.text) refers to entry5.o(.ARM.Collect$$$$00000004) for __main_after_scatterload


==============================================================================

Removing Unused input sections from the image.

    Removing startup_stm32f40_41xxx.o(HEAP), (512 bytes).
    Removing misc.o(.rev16_text), (4 bytes).
    Removing misc.o(.revsh_text), (4 bytes).
    Removing misc.o(.rrx_text), (6 bytes).
    Removing misc.o(i.NVIC_SetVectorTable), (20 bytes).
    Removing misc.o(i.NVIC_SystemLPConfig), (28 bytes).
    Removing stm32f4xx_rcc.o(.rev16_text), (4 bytes).
    Removing stm32f4xx_rcc.o(.revsh_text), (4 bytes).
    Removing stm32f4xx_rcc.o(.rrx_text), (6 bytes).
    Removing stm32f4xx_rcc.o(i.RCC_AHB1PeriphClockLPModeCmd), (28 bytes).
    Removing stm32f4xx_rcc.o(i.RCC_AHB1PeriphResetCmd), (28 bytes).
    Removing stm32f4xx_rcc.o(i.RCC_AHB2PeriphClockCmd), (28 bytes).
    Removing stm32f4xx_rcc.o(i.RCC_AHB2PeriphClockLPModeCmd), (28 bytes).
    Removing stm32f4xx_rcc.o(i.RCC_AHB2PeriphResetCmd), (28 bytes).
    Removing stm32f4xx_rcc.o(i.RCC_AHB3PeriphClockCmd), (28 bytes).
    Removing stm32f4xx_rcc.o(i.RCC_AHB3PeriphClockLPModeCmd), (28 bytes).
    Removing stm32f4xx_rcc.o(i.RCC_AHB3PeriphResetCmd), (28 bytes).
    Removing stm32f4xx_rcc.o(i.RCC_APB1PeriphClockLPModeCmd), (28 bytes).
    Removing stm32f4xx_rcc.o(i.RCC_APB1PeriphResetCmd), (28 bytes).
    Removing stm32f4xx_rcc.o(i.RCC_APB2PeriphClockLPModeCmd), (28 bytes).
    Removing stm32f4xx_rcc.o(i.RCC_APB2PeriphResetCmd), (28 bytes).
    Removing stm32f4xx_rcc.o(i.RCC_AdjustHSICalibrationValue), (20 bytes).
    Removing stm32f4xx_rcc.o(i.RCC_BackupResetCmd), (12 bytes).
    Removing stm32f4xx_rcc.o(i.RCC_ClearFlag), (16 bytes).
    Removing stm32f4xx_rcc.o(i.RCC_ClearITPendingBit), (12 bytes).
    Removing stm32f4xx_rcc.o(i.RCC_ClockSecuritySystemCmd), (12 bytes).
    Removing stm32f4xx_rcc.o(i.RCC_DeInit), (84 bytes).
    Removing stm32f4xx_rcc.o(i.RCC_GetFlagStatus), (56 bytes).
    Removing stm32f4xx_rcc.o(i.RCC_GetITStatus), (20 bytes).
    Removing stm32f4xx_rcc.o(i.RCC_GetSYSCLKSource), (16 bytes).
    Removing stm32f4xx_rcc.o(i.RCC_HCLKConfig), (20 bytes).
    Removing stm32f4xx_rcc.o(i.RCC_HSEConfig), (16 bytes).
    Removing stm32f4xx_rcc.o(i.RCC_HSICmd), (12 bytes).
    Removing stm32f4xx_rcc.o(i.RCC_I2SCLKConfig), (12 bytes).
    Removing stm32f4xx_rcc.o(i.RCC_ITConfig), (28 bytes).
    Removing stm32f4xx_rcc.o(i.RCC_LSEConfig), (32 bytes).
    Removing stm32f4xx_rcc.o(i.RCC_LSEModeConfig), (32 bytes).
    Removing stm32f4xx_rcc.o(i.RCC_LSICmd), (12 bytes).
    Removing stm32f4xx_rcc.o(i.RCC_LTDCCLKDivConfig), (20 bytes).
    Removing stm32f4xx_rcc.o(i.RCC_MCO1Config), (20 bytes).
    Removing stm32f4xx_rcc.o(i.RCC_MCO2Config), (20 bytes).
    Removing stm32f4xx_rcc.o(i.RCC_PCLK1Config), (20 bytes).
    Removing stm32f4xx_rcc.o(i.RCC_PCLK2Config), (20 bytes).
    Removing stm32f4xx_rcc.o(i.RCC_PLLCmd), (12 bytes).
    Removing stm32f4xx_rcc.o(i.RCC_PLLConfig), (36 bytes).
    Removing stm32f4xx_rcc.o(i.RCC_PLLI2SCmd), (12 bytes).
    Removing stm32f4xx_rcc.o(i.RCC_PLLI2SConfig), (16 bytes).
    Removing stm32f4xx_rcc.o(i.RCC_PLLSAICmd), (12 bytes).
    Removing stm32f4xx_rcc.o(i.RCC_PLLSAIConfig), (20 bytes).
    Removing stm32f4xx_rcc.o(i.RCC_RTCCLKCmd), (12 bytes).
    Removing stm32f4xx_rcc.o(i.RCC_RTCCLKConfig), (48 bytes).
    Removing stm32f4xx_rcc.o(i.RCC_SAIBlockACLKConfig), (20 bytes).
    Removing stm32f4xx_rcc.o(i.RCC_SAIBlockBCLKConfig), (20 bytes).
    Removing stm32f4xx_rcc.o(i.RCC_SAIPLLI2SClkDivConfig), (20 bytes).
    Removing stm32f4xx_rcc.o(i.RCC_SAIPLLSAIClkDivConfig), (24 bytes).
    Removing stm32f4xx_rcc.o(i.RCC_SYSCLKConfig), (20 bytes).
    Removing stm32f4xx_rcc.o(i.RCC_TIMCLKPresConfig), (12 bytes).
    Removing stm32f4xx_rcc.o(i.RCC_WaitForHSEStartUp), (48 bytes).
    Removing stm32f4xx_gpio.o(.rev16_text), (4 bytes).
    Removing stm32f4xx_gpio.o(.revsh_text), (4 bytes).
    Removing stm32f4xx_gpio.o(.rrx_text), (6 bytes).
    Removing stm32f4xx_gpio.o(i.GPIO_DeInit), (340 bytes).
    Removing stm32f4xx_gpio.o(i.GPIO_PinLockConfig), (26 bytes).
    Removing stm32f4xx_gpio.o(i.GPIO_ReadInputData), (6 bytes).
    Removing stm32f4xx_gpio.o(i.GPIO_ReadInputDataBit), (14 bytes).
    Removing stm32f4xx_gpio.o(i.GPIO_ReadOutputData), (6 bytes).
    Removing stm32f4xx_gpio.o(i.GPIO_ReadOutputDataBit), (14 bytes).
    Removing stm32f4xx_gpio.o(i.GPIO_ResetBits), (6 bytes).
    Removing stm32f4xx_gpio.o(i.GPIO_SetBits), (4 bytes).
    Removing stm32f4xx_gpio.o(i.GPIO_StructInit), (18 bytes).
    Removing stm32f4xx_gpio.o(i.GPIO_ToggleBits), (8 bytes).
    Removing stm32f4xx_gpio.o(i.GPIO_Write), (4 bytes).
    Removing stm32f4xx_exti.o(.rev16_text), (4 bytes).
    Removing stm32f4xx_exti.o(.revsh_text), (4 bytes).
    Removing stm32f4xx_exti.o(.rrx_text), (6 bytes).
    Removing stm32f4xx_exti.o(i.EXTI_ClearFlag), (12 bytes).
    Removing stm32f4xx_exti.o(i.EXTI_ClearITPendingBit), (12 bytes).
    Removing stm32f4xx_exti.o(i.EXTI_DeInit), (36 bytes).
    Removing stm32f4xx_exti.o(i.EXTI_GenerateSWInterrupt), (16 bytes).
    Removing stm32f4xx_exti.o(i.EXTI_GetFlagStatus), (20 bytes).
    Removing stm32f4xx_exti.o(i.EXTI_GetITStatus), (20 bytes).
    Removing stm32f4xx_exti.o(i.EXTI_Init), (116 bytes).
    Removing stm32f4xx_exti.o(i.EXTI_StructInit), (14 bytes).
    Removing stm32f4xx_syscfg.o(.rev16_text), (4 bytes).
    Removing stm32f4xx_syscfg.o(.revsh_text), (4 bytes).
    Removing stm32f4xx_syscfg.o(.rrx_text), (6 bytes).
    Removing stm32f4xx_syscfg.o(i.SYSCFG_CompensationCellCmd), (12 bytes).
    Removing stm32f4xx_syscfg.o(i.SYSCFG_DeInit), (24 bytes).
    Removing stm32f4xx_syscfg.o(i.SYSCFG_ETH_MediaInterfaceConfig), (12 bytes).
    Removing stm32f4xx_syscfg.o(i.SYSCFG_EXTILineConfig), (44 bytes).
    Removing stm32f4xx_syscfg.o(i.SYSCFG_GetCompensationCellStatus), (20 bytes).
    Removing stm32f4xx_syscfg.o(i.SYSCFG_MemoryRemapConfig), (12 bytes).
    Removing stm32f4xx_syscfg.o(i.SYSCFG_MemorySwappingBank), (12 bytes).
    Removing stm32f4xx_tim.o(.rev16_text), (4 bytes).
    Removing stm32f4xx_tim.o(.revsh_text), (4 bytes).
    Removing stm32f4xx_tim.o(.rrx_text), (6 bytes).
    Removing stm32f4xx_tim.o(i.TIM_BDTRConfig), (34 bytes).
    Removing stm32f4xx_tim.o(i.TIM_BDTRStructInit), (18 bytes).
    Removing stm32f4xx_tim.o(i.TIM_CCPreloadControl), (24 bytes).
    Removing stm32f4xx_tim.o(i.TIM_CCxCmd), (22 bytes).
    Removing stm32f4xx_tim.o(i.TIM_CCxNCmd), (22 bytes).
    Removing stm32f4xx_tim.o(i.TIM_ClearFlag), (6 bytes).
    Removing stm32f4xx_tim.o(i.TIM_ClearOC1Ref), (12 bytes).
    Removing stm32f4xx_tim.o(i.TIM_ClearOC2Ref), (20 bytes).
    Removing stm32f4xx_tim.o(i.TIM_ClearOC3Ref), (12 bytes).
    Removing stm32f4xx_tim.o(i.TIM_ClearOC4Ref), (20 bytes).
    Removing stm32f4xx_tim.o(i.TIM_CounterModeConfig), (12 bytes).
    Removing stm32f4xx_tim.o(i.TIM_CtrlPWMOutputs), (28 bytes).
    Removing stm32f4xx_tim.o(i.TIM_DMACmd), (20 bytes).
    Removing stm32f4xx_tim.o(i.TIM_DMAConfig), (8 bytes).
    Removing stm32f4xx_tim.o(i.TIM_DeInit), (428 bytes).
    Removing stm32f4xx_tim.o(i.TIM_ETRClockMode1Config), (32 bytes).
    Removing stm32f4xx_tim.o(i.TIM_ETRClockMode2Config), (20 bytes).
    Removing stm32f4xx_tim.o(i.TIM_ETRConfig), (24 bytes).
    Removing stm32f4xx_tim.o(i.TIM_EncoderInterfaceConfig), (50 bytes).
    Removing stm32f4xx_tim.o(i.TIM_ForcedOC1Config), (12 bytes).
    Removing stm32f4xx_tim.o(i.TIM_ForcedOC2Config), (20 bytes).
    Removing stm32f4xx_tim.o(i.TIM_ForcedOC3Config), (12 bytes).
    Removing stm32f4xx_tim.o(i.TIM_ForcedOC4Config), (20 bytes).
    Removing stm32f4xx_tim.o(i.TIM_GenerateEvent), (4 bytes).
    Removing stm32f4xx_tim.o(i.TIM_GetCapture2), (4 bytes).
    Removing stm32f4xx_tim.o(i.TIM_GetCapture3), (4 bytes).
    Removing stm32f4xx_tim.o(i.TIM_GetCapture4), (4 bytes).
    Removing stm32f4xx_tim.o(i.TIM_GetCounter), (4 bytes).
    Removing stm32f4xx_tim.o(i.TIM_GetFlagStatus), (14 bytes).
    Removing stm32f4xx_tim.o(i.TIM_GetPrescaler), (4 bytes).
    Removing stm32f4xx_tim.o(i.TIM_ICStructInit), (16 bytes).
    Removing stm32f4xx_tim.o(i.TIM_ITRxExternalClockConfig), (20 bytes).
    Removing stm32f4xx_tim.o(i.TIM_InternalClockConfig), (10 bytes).
    Removing stm32f4xx_tim.o(i.TIM_OC1FastConfig), (12 bytes).
    Removing stm32f4xx_tim.o(i.TIM_OC1NPolarityConfig), (12 bytes).
    Removing stm32f4xx_tim.o(i.TIM_OC2FastConfig), (20 bytes).
    Removing stm32f4xx_tim.o(i.TIM_OC2Init), (136 bytes).
    Removing stm32f4xx_tim.o(i.TIM_OC2NPolarityConfig), (20 bytes).
    Removing stm32f4xx_tim.o(i.TIM_OC2PolarityConfig), (20 bytes).
    Removing stm32f4xx_tim.o(i.TIM_OC2PreloadConfig), (20 bytes).
    Removing stm32f4xx_tim.o(i.TIM_OC3FastConfig), (12 bytes).
    Removing stm32f4xx_tim.o(i.TIM_OC3Init), (132 bytes).
    Removing stm32f4xx_tim.o(i.TIM_OC3NPolarityConfig), (20 bytes).
    Removing stm32f4xx_tim.o(i.TIM_OC3PolarityConfig), (20 bytes).
    Removing stm32f4xx_tim.o(i.TIM_OC3PreloadConfig), (12 bytes).
    Removing stm32f4xx_tim.o(i.TIM_OC4FastConfig), (20 bytes).
    Removing stm32f4xx_tim.o(i.TIM_OC4Init), (100 bytes).
    Removing stm32f4xx_tim.o(i.TIM_OC4PolarityConfig), (20 bytes).
    Removing stm32f4xx_tim.o(i.TIM_OC4PreloadConfig), (20 bytes).
    Removing stm32f4xx_tim.o(i.TIM_OCStructInit), (20 bytes).
    Removing stm32f4xx_tim.o(i.TIM_PWMIConfig), (110 bytes).
    Removing stm32f4xx_tim.o(i.TIM_PrescalerConfig), (6 bytes).
    Removing stm32f4xx_tim.o(i.TIM_RemapConfig), (6 bytes).
    Removing stm32f4xx_tim.o(i.TIM_SelectCCDMA), (24 bytes).
    Removing stm32f4xx_tim.o(i.TIM_SelectCOM), (24 bytes).
    Removing stm32f4xx_tim.o(i.TIM_SelectHallSensor), (24 bytes).
    Removing stm32f4xx_tim.o(i.TIM_SelectInputTrigger), (12 bytes).
    Removing stm32f4xx_tim.o(i.TIM_SelectMasterSlaveMode), (16 bytes).
    Removing stm32f4xx_tim.o(i.TIM_SelectOCxM), (80 bytes).
    Removing stm32f4xx_tim.o(i.TIM_SelectOnePulseMode), (16 bytes).
    Removing stm32f4xx_tim.o(i.TIM_SelectOutputTrigger), (16 bytes).
    Removing stm32f4xx_tim.o(i.TIM_SelectSlaveMode), (16 bytes).
    Removing stm32f4xx_tim.o(i.TIM_SetAutoreload), (4 bytes).
    Removing stm32f4xx_tim.o(i.TIM_SetClockDivision), (16 bytes).
    Removing stm32f4xx_tim.o(i.TIM_SetCompare1), (4 bytes).
    Removing stm32f4xx_tim.o(i.TIM_SetCompare2), (4 bytes).
    Removing stm32f4xx_tim.o(i.TIM_SetCompare3), (4 bytes).
    Removing stm32f4xx_tim.o(i.TIM_SetCompare4), (4 bytes).
    Removing stm32f4xx_tim.o(i.TIM_TIxExternalClockConfig), (48 bytes).
    Removing stm32f4xx_tim.o(i.TIM_TimeBaseStructInit), (18 bytes).
    Removing stm32f4xx_tim.o(i.TIM_UpdateDisableConfig), (24 bytes).
    Removing stm32f4xx_tim.o(i.TIM_UpdateRequestConfig), (24 bytes).
    Removing stm32f4xx_usart.o(.rev16_text), (4 bytes).
    Removing stm32f4xx_usart.o(.revsh_text), (4 bytes).
    Removing stm32f4xx_usart.o(.rrx_text), (6 bytes).
    Removing stm32f4xx_usart.o(i.USART_ClearFlag), (8 bytes).
    Removing stm32f4xx_usart.o(i.USART_ClearITPendingBit), (16 bytes).
    Removing stm32f4xx_usart.o(i.USART_ClockInit), (28 bytes).
    Removing stm32f4xx_usart.o(i.USART_ClockStructInit), (12 bytes).
    Removing stm32f4xx_usart.o(i.USART_DMACmd), (20 bytes).
    Removing stm32f4xx_usart.o(i.USART_DeInit), (256 bytes).
    Removing stm32f4xx_usart.o(i.USART_GetITStatus), (64 bytes).
    Removing stm32f4xx_usart.o(i.USART_HalfDuplexCmd), (24 bytes).
    Removing stm32f4xx_usart.o(i.USART_ITConfig), (54 bytes).
    Removing stm32f4xx_usart.o(i.USART_IrDACmd), (24 bytes).
    Removing stm32f4xx_usart.o(i.USART_IrDAConfig), (16 bytes).
    Removing stm32f4xx_usart.o(i.USART_LINBreakDetectLengthConfig), (16 bytes).
    Removing stm32f4xx_usart.o(i.USART_LINCmd), (24 bytes).
    Removing stm32f4xx_usart.o(i.USART_OneBitMethodCmd), (24 bytes).
    Removing stm32f4xx_usart.o(i.USART_OverSampling8Cmd), (24 bytes).
    Removing stm32f4xx_usart.o(i.USART_ReceiveData), (8 bytes).
    Removing stm32f4xx_usart.o(i.USART_ReceiverWakeUpCmd), (24 bytes).
    Removing stm32f4xx_usart.o(i.USART_SendBreak), (10 bytes).
    Removing stm32f4xx_usart.o(i.USART_SetAddress), (16 bytes).
    Removing stm32f4xx_usart.o(i.USART_SetGuardTime), (16 bytes).
    Removing stm32f4xx_usart.o(i.USART_SetPrescaler), (16 bytes).
    Removing stm32f4xx_usart.o(i.USART_SmartCardCmd), (24 bytes).
    Removing stm32f4xx_usart.o(i.USART_SmartCardNACKCmd), (24 bytes).
    Removing stm32f4xx_usart.o(i.USART_StructInit), (22 bytes).
    Removing stm32f4xx_usart.o(i.USART_WakeUpConfig), (16 bytes).
    Removing base_timer.o(.rev16_text), (4 bytes).
    Removing base_timer.o(.revsh_text), (4 bytes).
    Removing base_timer.o(.rrx_text), (6 bytes).
    Removing pwm.o(.rev16_text), (4 bytes).
    Removing pwm.o(.revsh_text), (4 bytes).
    Removing pwm.o(.rrx_text), (6 bytes).
    Removing led.o(.rev16_text), (4 bytes).
    Removing led.o(.revsh_text), (4 bytes).
    Removing led.o(.rrx_text), (6 bytes).
    Removing led.o(i.LED_Off), (24 bytes).
    Removing led.o(i.LED_On), (24 bytes).
    Removing led.o(i.LED_Toggle), (24 bytes).
    Removing uart.o(.rev16_text), (4 bytes).
    Removing uart.o(.revsh_text), (4 bytes).
    Removing uart.o(.rrx_text), (6 bytes).
    Removing uart.o(i.USART_SendString), (54 bytes).
    Removing button.o(.rev16_text), (4 bytes).
    Removing button.o(.revsh_text), (4 bytes).
    Removing button.o(.rrx_text), (6 bytes).
    Removing button.o(i.Get_Button_Status), (24 bytes).
    Removing sonic.o(.rev16_text), (4 bytes).
    Removing sonic.o(.revsh_text), (4 bytes).
    Removing sonic.o(.rrx_text), (6 bytes).
    Removing sonic.o(i.HC_SR04_GetDistance1), (168 bytes).
    Removing general_timer.o(.rev16_text), (4 bytes).
    Removing general_timer.o(.revsh_text), (4 bytes).
    Removing general_timer.o(.rrx_text), (6 bytes).
    Removing system_stm32f4xx.o(.rev16_text), (4 bytes).
    Removing system_stm32f4xx.o(.revsh_text), (4 bytes).
    Removing system_stm32f4xx.o(.rrx_text), (6 bytes).
    Removing system_stm32f4xx.o(i.SystemCoreClockUpdate), (132 bytes).
    Removing system_stm32f4xx.o(.data), (20 bytes).
    Removing delay.o(.rev16_text), (4 bytes).
    Removing delay.o(.revsh_text), (4 bytes).
    Removing delay.o(.rrx_text), (6 bytes).
    Removing delay.o(i.Delay_ms), (38 bytes).
    Removing main.o(.rev16_text), (4 bytes).
    Removing main.o(.revsh_text), (4 bytes).
    Removing main.o(.rrx_text), (6 bytes).
    Removing stm32f4xx_it.o(.rev16_text), (4 bytes).
    Removing stm32f4xx_it.o(.revsh_text), (4 bytes).
    Removing stm32f4xx_it.o(.rrx_text), (6 bytes).
    Removing dfltui.o(.text), (26 bytes).

239 unused section(s) (total 6216 bytes) removed from the image.

==============================================================================

Image Symbol Table

    Local Symbols

    Symbol Name                              Value     Ov Type        Size  Object(Section)

    ../clib/microlib/division.c              0x00000000   Number         0  uidiv.o ABSOLUTE
    ../clib/microlib/division.c              0x00000000   Number         0  uldiv.o ABSOLUTE
    ../clib/microlib/init/entry.s            0x00000000   Number         0  entry7b.o ABSOLUTE
    ../clib/microlib/init/entry.s            0x00000000   Number         0  entry8a.o ABSOLUTE
    ../clib/microlib/init/entry.s            0x00000000   Number         0  entry2.o ABSOLUTE
    ../clib/microlib/init/entry.s            0x00000000   Number         0  entry9a.o ABSOLUTE
    ../clib/microlib/init/entry.s            0x00000000   Number         0  entry11b.o ABSOLUTE
    ../clib/microlib/init/entry.s            0x00000000   Number         0  entry9b.o ABSOLUTE
    ../clib/microlib/init/entry.s            0x00000000   Number         0  entry.o ABSOLUTE
    ../clib/microlib/init/entry.s            0x00000000   Number         0  entry12a.o ABSOLUTE
    ../clib/microlib/init/entry.s            0x00000000   Number         0  entry12b.o ABSOLUTE
    ../clib/microlib/init/entry.s            0x00000000   Number         0  entry10a.o ABSOLUTE
    ../clib/microlib/init/entry.s            0x00000000   Number         0  entry10b.o ABSOLUTE
    ../clib/microlib/init/entry.s            0x00000000   Number         0  entry8b.o ABSOLUTE
    ../clib/microlib/init/entry.s            0x00000000   Number         0  entry11a.o ABSOLUTE
    ../clib/microlib/init/entry.s            0x00000000   Number         0  entry5.o ABSOLUTE
    ../clib/microlib/init/entry.s            0x00000000   Number         0  entry7a.o ABSOLUTE
    ../clib/microlib/longlong.c              0x00000000   Number         0  llshl.o ABSOLUTE
    ../clib/microlib/longlong.c              0x00000000   Number         0  llushr.o ABSOLUTE
    ../clib/microlib/longlong.c              0x00000000   Number         0  llsshr.o ABSOLUTE
    ../clib/microlib/printf/printf.c         0x00000000   Number         0  printfa.o ABSOLUTE
    ../clib/microlib/printf/printf.c         0x00000000   Number         0  printf8.o ABSOLUTE
    ../clib/microlib/printf/printf.c         0x00000000   Number         0  printf7.o ABSOLUTE
    ../clib/microlib/printf/printf.c         0x00000000   Number         0  printf6.o ABSOLUTE
    ../clib/microlib/printf/printf.c         0x00000000   Number         0  printf4.o ABSOLUTE
    ../clib/microlib/printf/printf.c         0x00000000   Number         0  printf3.o ABSOLUTE
    ../clib/microlib/printf/printf.c         0x00000000   Number         0  printf2.o ABSOLUTE
    ../clib/microlib/printf/printf.c         0x00000000   Number         0  printf1.o ABSOLUTE
    ../clib/microlib/printf/printf.c         0x00000000   Number         0  printf0.o ABSOLUTE
    ../clib/microlib/printf/printf.c         0x00000000   Number         0  printfb.o ABSOLUTE
    ../clib/microlib/printf/printf.c         0x00000000   Number         0  printf5.o ABSOLUTE
    ../clib/microlib/printf/stubs.s          0x00000000   Number         0  stubs.o ABSOLUTE
    ../clib/microlib/stdio/streams.c         0x00000000   Number         0  stdout.o ABSOLUTE
    ../clib/microlib/stubs.s                 0x00000000   Number         0  iusefp.o ABSOLUTE
    ../fplib/microlib/d2f.c                  0x00000000   Number         0  d2f.o ABSOLUTE
    ../fplib/microlib/f2d.c                  0x00000000   Number         0  f2d.o ABSOLUTE
    ../fplib/microlib/fpadd.c                0x00000000   Number         0  dadd.o ABSOLUTE
    ../fplib/microlib/fpdiv.c                0x00000000   Number         0  ddiv.o ABSOLUTE
    ../fplib/microlib/fpepilogue.c           0x00000000   Number         0  fepilogue.o ABSOLUTE
    ../fplib/microlib/fpepilogue.c           0x00000000   Number         0  depilogue.o ABSOLUTE
    ../fplib/microlib/fpfix.c                0x00000000   Number         0  dfixul.o ABSOLUTE
    ../fplib/microlib/fpflt.c                0x00000000   Number         0  dfltui.o ABSOLUTE
    ../fplib/microlib/fpflt.c                0x00000000   Number         0  dfltl.o ABSOLUTE
    ../fplib/microlib/fpmul.c                0x00000000   Number         0  dmul.o ABSOLUTE
    ..\CMSIS\startup_stm32f40_41xxx.s        0x00000000   Number         0  startup_stm32f40_41xxx.o ABSOLUTE
    ..\DEVICE_LIB\src\misc.c                 0x00000000   Number         0  misc.o ABSOLUTE
    ..\DEVICE_LIB\src\stm32f4xx_exti.c       0x00000000   Number         0  stm32f4xx_exti.o ABSOLUTE
    ..\DEVICE_LIB\src\stm32f4xx_gpio.c       0x00000000   Number         0  stm32f4xx_gpio.o ABSOLUTE
    ..\DEVICE_LIB\src\stm32f4xx_rcc.c        0x00000000   Number         0  stm32f4xx_rcc.o ABSOLUTE
    ..\DEVICE_LIB\src\stm32f4xx_syscfg.c     0x00000000   Number         0  stm32f4xx_syscfg.o ABSOLUTE
    ..\DEVICE_LIB\src\stm32f4xx_tim.c        0x00000000   Number         0  stm32f4xx_tim.o ABSOLUTE
    ..\DEVICE_LIB\src\stm32f4xx_usart.c      0x00000000   Number         0  stm32f4xx_usart.o ABSOLUTE
    ..\HARDWARE\base_timer.c                 0x00000000   Number         0  base_timer.o ABSOLUTE
    ..\HARDWARE\button.c                     0x00000000   Number         0  button.o ABSOLUTE
    ..\HARDWARE\general_timer.c              0x00000000   Number         0  general_timer.o ABSOLUTE
    ..\HARDWARE\led.c                        0x00000000   Number         0  led.o ABSOLUTE
    ..\HARDWARE\pwm.c                        0x00000000   Number         0  pwm.o ABSOLUTE
    ..\HARDWARE\sonic.c                      0x00000000   Number         0  sonic.o ABSOLUTE
    ..\HARDWARE\uart.c                       0x00000000   Number         0  uart.o ABSOLUTE
    ..\SYSTEM\delay.c                        0x00000000   Number         0  delay.o ABSOLUTE
    ..\SYSTEM\system_stm32f4xx.c             0x00000000   Number         0  system_stm32f4xx.o ABSOLUTE
    ..\\DEVICE_LIB\\src\\misc.c              0x00000000   Number         0  misc.o ABSOLUTE
    ..\\DEVICE_LIB\\src\\stm32f4xx_exti.c    0x00000000   Number         0  stm32f4xx_exti.o ABSOLUTE
    ..\\DEVICE_LIB\\src\\stm32f4xx_gpio.c    0x00000000   Number         0  stm32f4xx_gpio.o ABSOLUTE
    ..\\DEVICE_LIB\\src\\stm32f4xx_rcc.c     0x00000000   Number         0  stm32f4xx_rcc.o ABSOLUTE
    ..\\DEVICE_LIB\\src\\stm32f4xx_syscfg.c  0x00000000   Number         0  stm32f4xx_syscfg.o ABSOLUTE
    ..\\DEVICE_LIB\\src\\stm32f4xx_tim.c     0x00000000   Number         0  stm32f4xx_tim.o ABSOLUTE
    ..\\DEVICE_LIB\\src\\stm32f4xx_usart.c   0x00000000   Number         0  stm32f4xx_usart.o ABSOLUTE
    ..\\HARDWARE\\base_timer.c               0x00000000   Number         0  base_timer.o ABSOLUTE
    ..\\HARDWARE\\button.c                   0x00000000   Number         0  button.o ABSOLUTE
    ..\\HARDWARE\\general_timer.c            0x00000000   Number         0  general_timer.o ABSOLUTE
    ..\\HARDWARE\\led.c                      0x00000000   Number         0  led.o ABSOLUTE
    ..\\HARDWARE\\pwm.c                      0x00000000   Number         0  pwm.o ABSOLUTE
    ..\\HARDWARE\\sonic.c                    0x00000000   Number         0  sonic.o ABSOLUTE
    ..\\HARDWARE\\uart.c                     0x00000000   Number         0  uart.o ABSOLUTE
    ..\\SYSTEM\\delay.c                      0x00000000   Number         0  delay.o ABSOLUTE
    ..\\SYSTEM\\system_stm32f4xx.c           0x00000000   Number         0  system_stm32f4xx.o ABSOLUTE
    cdrcmple.s                               0x00000000   Number         0  cdrcmple.o ABSOLUTE
    dc.s                                     0x00000000   Number         0  dc.o ABSOLUTE
    handlers.s                               0x00000000   Number         0  handlers.o ABSOLUTE
    init.s                                   0x00000000   Number         0  init.o ABSOLUTE
    main.c                                   0x00000000   Number         0  main.o ABSOLUTE
    main.c                                   0x00000000   Number         0  main.o ABSOLUTE
    stm32f4xx_it.c                           0x00000000   Number         0  stm32f4xx_it.o ABSOLUTE
    stm32f4xx_it.c                           0x00000000   Number         0  stm32f4xx_it.o ABSOLUTE
    RESET                                    0x08000000   Section      392  startup_stm32f40_41xxx.o(RESET)
    .ARM.Collect$$$$00000000                 0x08000188   Section        0  entry.o(.ARM.Collect$$$$00000000)
    .ARM.Collect$$$$00000001                 0x08000188   Section        4  entry2.o(.ARM.Collect$$$$00000001)
    .ARM.Collect$$$$00000004                 0x0800018c   Section        4  entry5.o(.ARM.Collect$$$$00000004)
    .ARM.Collect$$$$00000008                 0x08000190   Section        0  entry7b.o(.ARM.Collect$$$$00000008)
    .ARM.Collect$$$$0000000A                 0x08000190   Section        0  entry8b.o(.ARM.Collect$$$$0000000A)
    .ARM.Collect$$$$0000000B                 0x08000190   Section        8  entry9a.o(.ARM.Collect$$$$0000000B)
    .ARM.Collect$$$$0000000E                 0x08000198   Section        4  entry12b.o(.ARM.Collect$$$$0000000E)
    .ARM.Collect$$$$0000000F                 0x0800019c   Section        0  entry10a.o(.ARM.Collect$$$$0000000F)
    .ARM.Collect$$$$00000011                 0x0800019c   Section        0  entry11a.o(.ARM.Collect$$$$00000011)
    .ARM.Collect$$$$00002712                 0x0800019c   Section        4  entry2.o(.ARM.Collect$$$$00002712)
    __lit__00000000                          0x0800019c   Data           4  entry2.o(.ARM.Collect$$$$00002712)
    .text                                    0x080001a0   Section       36  startup_stm32f40_41xxx.o(.text)
    $v0                                      0x080001a0   Number         0  startup_stm32f40_41xxx.o(.text)
    .text                                    0x080001c4   Section        0  dmul.o(.text)
    .text                                    0x080002a8   Section        0  ddiv.o(.text)
    .text                                    0x08000386   Section        0  dfltl.o(.text)
    .text                                    0x080003ae   Section        0  f2d.o(.text)
    .text                                    0x080003d4   Section        0  d2f.o(.text)
    .text                                    0x0800040c   Section        0  uidiv.o(.text)
    .text                                    0x08000438   Section        0  uldiv.o(.text)
    .text                                    0x0800049a   Section        0  iusefp.o(.text)
    .text                                    0x0800049a   Section        0  fepilogue.o(.text)
    .text                                    0x08000508   Section        0  depilogue.o(.text)
    .text                                    0x080005c2   Section        0  dadd.o(.text)
    .text                                    0x08000710   Section        0  dfixul.o(.text)
    .text                                    0x08000740   Section       48  cdrcmple.o(.text)
    .text                                    0x08000770   Section       36  init.o(.text)
    .text                                    0x08000794   Section        0  llshl.o(.text)
    .text                                    0x080007b2   Section        0  llushr.o(.text)
    .text                                    0x080007d2   Section        0  llsshr.o(.text)
    i.BASE_Timer_Init                        0x080007f8   Section        0  base_timer.o(i.BASE_Timer_Init)
    i.BusFault_Handler                       0x08000854   Section        0  stm32f4xx_it.o(i.BusFault_Handler)
    i.Button_Init                            0x08000858   Section        0  button.o(i.Button_Init)
    i.DebugMon_Handler                       0x0800088c   Section        0  stm32f4xx_it.o(i.DebugMon_Handler)
    i.Delay_us                               0x0800088e   Section        0  delay.o(i.Delay_us)
    i.GPIO_Init                              0x080008b2   Section        0  stm32f4xx_gpio.o(i.GPIO_Init)
    i.GPIO_PinAFConfig                       0x0800092e   Section        0  stm32f4xx_gpio.o(i.GPIO_PinAFConfig)
    i.GPIO_WriteBit                          0x0800094e   Section        0  stm32f4xx_gpio.o(i.GPIO_WriteBit)
    i.GTIM_TIMx_Cap_Chy_Init                 0x0800095c   Section        0  general_timer.o(i.GTIM_TIMx_Cap_Chy_Init)
    i.HC_SR04_Start                          0x080009c0   Section        0  sonic.o(i.HC_SR04_Start)
    i.HardFault_Handler                      0x080009e8   Section        0  stm32f4xx_it.o(i.HardFault_Handler)
    i.LED_Init                               0x080009ec   Section        0  led.o(i.LED_Init)
    i.MemManage_Handler                      0x08000a34   Section        0  stm32f4xx_it.o(i.MemManage_Handler)
    i.NMI_Handler                            0x08000a36   Section        0  stm32f4xx_it.o(i.NMI_Handler)
    i.NVIC_Init                              0x08000a38   Section        0  misc.o(i.NVIC_Init)
    i.NVIC_PriorityGroupConfig               0x08000aa0   Section        0  misc.o(i.NVIC_PriorityGroupConfig)
    i.PWM_Config_Init                        0x08000ab4   Section        0  pwm.o(i.PWM_Config_Init)
    i.PWM_GPIO_Init                          0x08000b18   Section        0  pwm.o(i.PWM_GPIO_Init)
    i.PendSV_Handler                         0x08000b58   Section        0  stm32f4xx_it.o(i.PendSV_Handler)
    i.RCC_AHB1PeriphClockCmd                 0x08000b5c   Section        0  stm32f4xx_rcc.o(i.RCC_AHB1PeriphClockCmd)
    i.RCC_APB1PeriphClockCmd                 0x08000b78   Section        0  stm32f4xx_rcc.o(i.RCC_APB1PeriphClockCmd)
    i.RCC_APB2PeriphClockCmd                 0x08000b94   Section        0  stm32f4xx_rcc.o(i.RCC_APB2PeriphClockCmd)
    i.RCC_GetClocksFreq                      0x08000bb0   Section        0  stm32f4xx_rcc.o(i.RCC_GetClocksFreq)
    i.SONIC_GPIO_Init                        0x08000c50   Section        0  sonic.o(i.SONIC_GPIO_Init)
    i.SVC_Handler                            0x08000c84   Section        0  stm32f4xx_it.o(i.SVC_Handler)
    i.SetSysClock                            0x08000c88   Section        0  system_stm32f4xx.o(i.SetSysClock)
    SetSysClock                              0x08000c89   Thumb Code   168  system_stm32f4xx.o(i.SetSysClock)
    i.SysTick_CLKSourceConfig                0x08000d40   Section        0  misc.o(i.SysTick_CLKSourceConfig)
    i.SysTick_Handler                        0x08000d5c   Section        0  stm32f4xx_it.o(i.SysTick_Handler)
    i.SystemInit                             0x08000d60   Section        0  system_stm32f4xx.o(i.SystemInit)
    i.System_Tick_Init                       0x08000dbc   Section        0  delay.o(i.System_Tick_Init)
    i.TI1_Config                             0x08000dc4   Section        0  stm32f4xx_tim.o(i.TI1_Config)
    TI1_Config                               0x08000dc5   Thumb Code    46  stm32f4xx_tim.o(i.TI1_Config)
    i.TI2_Config                             0x08000df2   Section        0  stm32f4xx_tim.o(i.TI2_Config)
    TI2_Config                               0x08000df3   Thumb Code    54  stm32f4xx_tim.o(i.TI2_Config)
    i.TI3_Config                             0x08000e28   Section        0  stm32f4xx_tim.o(i.TI3_Config)
    TI3_Config                               0x08000e29   Thumb Code    50  stm32f4xx_tim.o(i.TI3_Config)
    i.TI4_Config                             0x08000e5a   Section        0  stm32f4xx_tim.o(i.TI4_Config)
    TI4_Config                               0x08000e5b   Thumb Code    54  stm32f4xx_tim.o(i.TI4_Config)
    i.TIM3_IRQHandler                        0x08000e90   Section        0  main.o(i.TIM3_IRQHandler)
    i.TIM6_DAC_IRQHandler                    0x08000f50   Section        0  main.o(i.TIM6_DAC_IRQHandler)
    i.TIM_ARRPreloadConfig                   0x08000f78   Section        0  stm32f4xx_tim.o(i.TIM_ARRPreloadConfig)
    i.TIM_ClearITPendingBit                  0x08000f90   Section        0  stm32f4xx_tim.o(i.TIM_ClearITPendingBit)
    i.TIM_Cmd                                0x08000f96   Section        0  stm32f4xx_tim.o(i.TIM_Cmd)
    i.TIM_GetCapture1                        0x08000fae   Section        0  stm32f4xx_tim.o(i.TIM_GetCapture1)
    i.TIM_GetITStatus                        0x08000fb2   Section        0  stm32f4xx_tim.o(i.TIM_GetITStatus)
    i.TIM_ICInit                             0x08000fca   Section        0  stm32f4xx_tim.o(i.TIM_ICInit)
    i.TIM_IC_MspInit                         0x0800102c   Section        0  general_timer.o(i.TIM_IC_MspInit)
    i.TIM_ITConfig                           0x0800108c   Section        0  stm32f4xx_tim.o(i.TIM_ITConfig)
    i.TIM_OC1Init                            0x080010a0   Section        0  stm32f4xx_tim.o(i.TIM_OC1Init)
    i.TIM_OC1PolarityConfig                  0x08001108   Section        0  stm32f4xx_tim.o(i.TIM_OC1PolarityConfig)
    i.TIM_OC1PreloadConfig                   0x08001114   Section        0  stm32f4xx_tim.o(i.TIM_OC1PreloadConfig)
    i.TIM_SetCounter                         0x08001120   Section        0  stm32f4xx_tim.o(i.TIM_SetCounter)
    i.TIM_SetIC1Prescaler                    0x08001124   Section        0  stm32f4xx_tim.o(i.TIM_SetIC1Prescaler)
    i.TIM_SetIC2Prescaler                    0x08001134   Section        0  stm32f4xx_tim.o(i.TIM_SetIC2Prescaler)
    i.TIM_SetIC3Prescaler                    0x0800114c   Section        0  stm32f4xx_tim.o(i.TIM_SetIC3Prescaler)
    i.TIM_SetIC4Prescaler                    0x0800115c   Section        0  stm32f4xx_tim.o(i.TIM_SetIC4Prescaler)
    i.TIM_TimeBaseInit                       0x08001174   Section        0  stm32f4xx_tim.o(i.TIM_TimeBaseInit)
    i.TimeBaseClearFlag                      0x080011f0   Section        0  base_timer.o(i.TimeBaseClearFlag)
    i.TimeBaseGetFlag                        0x08001204   Section        0  base_timer.o(i.TimeBaseGetFlag)
    i.TimeBaseSetFlag                        0x08001214   Section        0  base_timer.o(i.TimeBaseSetFlag)
    i.TimeBaseUpdata                         0x08001228   Section        0  base_timer.o(i.TimeBaseUpdata)
    i.UART_Init                              0x08001268   Section        0  uart.o(i.UART_Init)
    i.USART_Cmd                              0x080012f0   Section        0  stm32f4xx_usart.o(i.USART_Cmd)
    i.USART_GetFlagStatus                    0x08001308   Section        0  stm32f4xx_usart.o(i.USART_GetFlagStatus)
    i.USART_Init                             0x08001318   Section        0  stm32f4xx_usart.o(i.USART_Init)
    i.USART_SendData                         0x080013d4   Section        0  stm32f4xx_usart.o(i.USART_SendData)
    i.UsageFault_Handler                     0x080013dc   Section        0  stm32f4xx_it.o(i.UsageFault_Handler)
    i.__0printf                              0x080013e0   Section        0  printfa.o(i.__0printf)
    i.__scatterload_copy                     0x08001400   Section       14  handlers.o(i.__scatterload_copy)
    i.__scatterload_null                     0x0800140e   Section        2  handlers.o(i.__scatterload_null)
    i.__scatterload_zeroinit                 0x08001410   Section       14  handlers.o(i.__scatterload_zeroinit)
    i._fp_digits                             0x08001420   Section        0  printfa.o(i._fp_digits)
    _fp_digits                               0x08001421   Thumb Code   366  printfa.o(i._fp_digits)
    i._printf_core                           0x080015a4   Section        0  printfa.o(i._printf_core)
    _printf_core                             0x080015a5   Thumb Code  1704  printfa.o(i._printf_core)
    i._printf_post_padding                   0x08001c58   Section        0  printfa.o(i._printf_post_padding)
    _printf_post_padding                     0x08001c59   Thumb Code    36  printfa.o(i._printf_post_padding)
    i._printf_pre_padding                    0x08001c7c   Section        0  printfa.o(i._printf_pre_padding)
    _printf_pre_padding                      0x08001c7d   Thumb Code    46  printfa.o(i._printf_pre_padding)
    i.fputc                                  0x08001cac   Section        0  uart.o(i.fputc)
    i.main                                   0x08001cd0   Section        0  main.o(i.main)
    .constdata                               0x08001df0   Section       32  base_timer.o(.constdata)
    base_time_div                            0x08001df0   Data          32  base_timer.o(.constdata)
    .constdata                               0x08001e10   Section        2  led.o(.constdata)
    .constdata                               0x08001e12   Section        2  button.o(.constdata)
    .data                                    0x20000000   Section       16  stm32f4xx_rcc.o(.data)
    APBAHBPrescTable                         0x20000000   Data          16  stm32f4xx_rcc.o(.data)
    .data                                    0x20000010   Section        8  base_timer.o(.data)
    base_time_flag                           0x20000010   Data           1  base_timer.o(.data)
    base_index                               0x20000011   Data           1  base_timer.o(.data)
    base_counter                             0x20000014   Data           4  base_timer.o(.data)
    .data                                    0x20000018   Section        4  led.o(.data)
    .data                                    0x2000001c   Section        4  button.o(.data)
    .data                                    0x20000020   Section        8  main.o(.data)
    .data                                    0x20000028   Section        4  stdout.o(.data)
    STACK                                    0x20000030   Section     1024  startup_stm32f40_41xxx.o(STACK)

    Global Symbols

    Symbol Name                              Value     Ov Type        Size  Object(Section)

    BuildAttributes$$THM_ISAv4$E$P$D$K$B$S$7EM$VFPi3$EXTD16$VFPS$VFMA$PE$A:L22UL41UL21$X:L11$S22US41US21$IEEE1$IW$USESV6$~STKCKD$USESV7$~SHL$OTIME$ROPI$EBA8$MICROLIB$REQ8$PRES8$EABIv2 0x00000000   Number         0  anon$$obj.o ABSOLUTE
    __ARM_use_no_argv                        0x00000000   Number         0  main.o ABSOLUTE
    _printf_a                                0x00000000   Number         0  stubs.o ABSOLUTE
    _printf_c                                0x00000000   Number         0  stubs.o ABSOLUTE
    _printf_charcount                        0x00000000   Number         0  stubs.o ABSOLUTE
    _printf_d                                0x00000000   Number         0  stubs.o ABSOLUTE
    _printf_e                                0x00000000   Number         0  stubs.o ABSOLUTE
    _printf_f                                0x00000000   Number         0  stubs.o ABSOLUTE
    _printf_flags                            0x00000000   Number         0  stubs.o ABSOLUTE
    _printf_fp_dec                           0x00000000   Number         0  stubs.o ABSOLUTE
    _printf_fp_hex                           0x00000000   Number         0  stubs.o ABSOLUTE
    _printf_g                                0x00000000   Number         0  stubs.o ABSOLUTE
    _printf_i                                0x00000000   Number         0  stubs.o ABSOLUTE
    _printf_int_dec                          0x00000000   Number         0  stubs.o ABSOLUTE
    _printf_l                                0x00000000   Number         0  stubs.o ABSOLUTE
    _printf_lc                               0x00000000   Number         0  stubs.o ABSOLUTE
    _printf_ll                               0x00000000   Number         0  stubs.o ABSOLUTE
    _printf_lld                              0x00000000   Number         0  stubs.o ABSOLUTE
    _printf_lli                              0x00000000   Number         0  stubs.o ABSOLUTE
    _printf_llo                              0x00000000   Number         0  stubs.o ABSOLUTE
    _printf_llu                              0x00000000   Number         0  stubs.o ABSOLUTE
    _printf_llx                              0x00000000   Number         0  stubs.o ABSOLUTE
    _printf_longlong_dec                     0x00000000   Number         0  stubs.o ABSOLUTE
    _printf_longlong_hex                     0x00000000   Number         0  stubs.o ABSOLUTE
    _printf_longlong_oct                     0x00000000   Number         0  stubs.o ABSOLUTE
    _printf_ls                               0x00000000   Number         0  stubs.o ABSOLUTE
    _printf_mbtowc                           0x00000000   Number         0  stubs.o ABSOLUTE
    _printf_n                                0x00000000   Number         0  stubs.o ABSOLUTE
    _printf_o                                0x00000000   Number         0  stubs.o ABSOLUTE
    _printf_p                                0x00000000   Number         0  stubs.o ABSOLUTE
    _printf_percent                          0x00000000   Number         0  stubs.o ABSOLUTE
    _printf_pre_padding                      0x00000000   Number         0  stubs.o ABSOLUTE
    _printf_return_value                     0x00000000   Number         0  stubs.o ABSOLUTE
    _printf_s                                0x00000000   Number         0  stubs.o ABSOLUTE
    _printf_sizespec                         0x00000000   Number         0  stubs.o ABSOLUTE
    _printf_str                              0x00000000   Number         0  stubs.o ABSOLUTE
    _printf_truncate_signed                  0x00000000   Number         0  stubs.o ABSOLUTE
    _printf_truncate_unsigned                0x00000000   Number         0  stubs.o ABSOLUTE
    _printf_u                                0x00000000   Number         0  stubs.o ABSOLUTE
    _printf_wc                               0x00000000   Number         0  stubs.o ABSOLUTE
    _printf_wctomb                           0x00000000   Number         0  stubs.o ABSOLUTE
    _printf_widthprec                        0x00000000   Number         0  stubs.o ABSOLUTE
    _printf_x                                0x00000000   Number         0  stubs.o ABSOLUTE
    __arm_fini_                               - Undefined Weak Reference
    __cpp_initialize__aeabi_                  - Undefined Weak Reference
    __cxa_finalize                            - Undefined Weak Reference
    __decompress                              - Undefined Weak Reference
    _clock_init                               - Undefined Weak Reference
    _microlib_exit                            - Undefined Weak Reference
    __Vectors_Size                           0x00000188   Number         0  startup_stm32f40_41xxx.o ABSOLUTE
    __Vectors                                0x08000000   Data           4  startup_stm32f40_41xxx.o(RESET)
    __Vectors_End                            0x08000188   Data           0  startup_stm32f40_41xxx.o(RESET)
    __main                                   0x08000189   Thumb Code     0  entry.o(.ARM.Collect$$$$00000000)
    _main_stk                                0x08000189   Thumb Code     0  entry2.o(.ARM.Collect$$$$00000001)
    _main_scatterload                        0x0800018d   Thumb Code     0  entry5.o(.ARM.Collect$$$$00000004)
    __main_after_scatterload                 0x08000191   Thumb Code     0  entry5.o(.ARM.Collect$$$$00000004)
    _main_clock                              0x08000191   Thumb Code     0  entry7b.o(.ARM.Collect$$$$00000008)
    _main_cpp_init                           0x08000191   Thumb Code     0  entry8b.o(.ARM.Collect$$$$0000000A)
    _main_init                               0x08000191   Thumb Code     0  entry9a.o(.ARM.Collect$$$$0000000B)
    __rt_lib_shutdown_fini                   0x08000199   Thumb Code     0  entry12b.o(.ARM.Collect$$$$0000000E)
    __rt_final_cpp                           0x0800019d   Thumb Code     0  entry10a.o(.ARM.Collect$$$$0000000F)
    __rt_final_exit                          0x0800019d   Thumb Code     0  entry11a.o(.ARM.Collect$$$$00000011)
    Reset_Handler                            0x080001a1   Thumb Code     8  startup_stm32f40_41xxx.o(.text)
    ADC_IRQHandler                           0x080001bb   Thumb Code     0  startup_stm32f40_41xxx.o(.text)
    CAN1_RX0_IRQHandler                      0x080001bb   Thumb Code     0  startup_stm32f40_41xxx.o(.text)
    CAN1_RX1_IRQHandler                      0x080001bb   Thumb Code     0  startup_stm32f40_41xxx.o(.text)
    CAN1_SCE_IRQHandler                      0x080001bb   Thumb Code     0  startup_stm32f40_41xxx.o(.text)
    CAN1_TX_IRQHandler                       0x080001bb   Thumb Code     0  startup_stm32f40_41xxx.o(.text)
    CAN2_RX0_IRQHandler                      0x080001bb   Thumb Code     0  startup_stm32f40_41xxx.o(.text)
    CAN2_RX1_IRQHandler                      0x080001bb   Thumb Code     0  startup_stm32f40_41xxx.o(.text)
    CAN2_SCE_IRQHandler                      0x080001bb   Thumb Code     0  startup_stm32f40_41xxx.o(.text)
    CAN2_TX_IRQHandler                       0x080001bb   Thumb Code     0  startup_stm32f40_41xxx.o(.text)
    CRYP_IRQHandler                          0x080001bb   Thumb Code     0  startup_stm32f40_41xxx.o(.text)
    DCMI_IRQHandler                          0x080001bb   Thumb Code     0  startup_stm32f40_41xxx.o(.text)
    DMA1_Stream0_IRQHandler                  0x080001bb   Thumb Code     0  startup_stm32f40_41xxx.o(.text)
    DMA1_Stream1_IRQHandler                  0x080001bb   Thumb Code     0  startup_stm32f40_41xxx.o(.text)
    DMA1_Stream2_IRQHandler                  0x080001bb   Thumb Code     0  startup_stm32f40_41xxx.o(.text)
    DMA1_Stream3_IRQHandler                  0x080001bb   Thumb Code     0  startup_stm32f40_41xxx.o(.text)
    DMA1_Stream4_IRQHandler                  0x080001bb   Thumb Code     0  startup_stm32f40_41xxx.o(.text)
    DMA1_Stream5_IRQHandler                  0x080001bb   Thumb Code     0  startup_stm32f40_41xxx.o(.text)
    DMA1_Stream6_IRQHandler                  0x080001bb   Thumb Code     0  startup_stm32f40_41xxx.o(.text)
    DMA1_Stream7_IRQHandler                  0x080001bb   Thumb Code     0  startup_stm32f40_41xxx.o(.text)
    DMA2_Stream0_IRQHandler                  0x080001bb   Thumb Code     0  startup_stm32f40_41xxx.o(.text)
    DMA2_Stream1_IRQHandler                  0x080001bb   Thumb Code     0  startup_stm32f40_41xxx.o(.text)
    DMA2_Stream2_IRQHandler                  0x080001bb   Thumb Code     0  startup_stm32f40_41xxx.o(.text)
    DMA2_Stream3_IRQHandler                  0x080001bb   Thumb Code     0  startup_stm32f40_41xxx.o(.text)
    DMA2_Stream4_IRQHandler                  0x080001bb   Thumb Code     0  startup_stm32f40_41xxx.o(.text)
    DMA2_Stream5_IRQHandler                  0x080001bb   Thumb Code     0  startup_stm32f40_41xxx.o(.text)
    DMA2_Stream6_IRQHandler                  0x080001bb   Thumb Code     0  startup_stm32f40_41xxx.o(.text)
    DMA2_Stream7_IRQHandler                  0x080001bb   Thumb Code     0  startup_stm32f40_41xxx.o(.text)
    ETH_IRQHandler                           0x080001bb   Thumb Code     0  startup_stm32f40_41xxx.o(.text)
    ETH_WKUP_IRQHandler                      0x080001bb   Thumb Code     0  startup_stm32f40_41xxx.o(.text)
    EXTI0_IRQHandler                         0x080001bb   Thumb Code     0  startup_stm32f40_41xxx.o(.text)
    EXTI15_10_IRQHandler                     0x080001bb   Thumb Code     0  startup_stm32f40_41xxx.o(.text)
    EXTI1_IRQHandler                         0x080001bb   Thumb Code     0  startup_stm32f40_41xxx.o(.text)
    EXTI2_IRQHandler                         0x080001bb   Thumb Code     0  startup_stm32f40_41xxx.o(.text)
    EXTI3_IRQHandler                         0x080001bb   Thumb Code     0  startup_stm32f40_41xxx.o(.text)
    EXTI4_IRQHandler                         0x080001bb   Thumb Code     0  startup_stm32f40_41xxx.o(.text)
    EXTI9_5_IRQHandler                       0x080001bb   Thumb Code     0  startup_stm32f40_41xxx.o(.text)
    FLASH_IRQHandler                         0x080001bb   Thumb Code     0  startup_stm32f40_41xxx.o(.text)
    FPU_IRQHandler                           0x080001bb   Thumb Code     0  startup_stm32f40_41xxx.o(.text)
    FSMC_IRQHandler                          0x080001bb   Thumb Code     0  startup_stm32f40_41xxx.o(.text)
    HASH_RNG_IRQHandler                      0x080001bb   Thumb Code     0  startup_stm32f40_41xxx.o(.text)
    I2C1_ER_IRQHandler                       0x080001bb   Thumb Code     0  startup_stm32f40_41xxx.o(.text)
    I2C1_EV_IRQHandler                       0x080001bb   Thumb Code     0  startup_stm32f40_41xxx.o(.text)
    I2C2_ER_IRQHandler                       0x080001bb   Thumb Code     0  startup_stm32f40_41xxx.o(.text)
    I2C2_EV_IRQHandler                       0x080001bb   Thumb Code     0  startup_stm32f40_41xxx.o(.text)
    I2C3_ER_IRQHandler                       0x080001bb   Thumb Code     0  startup_stm32f40_41xxx.o(.text)
    I2C3_EV_IRQHandler                       0x080001bb   Thumb Code     0  startup_stm32f40_41xxx.o(.text)
    OTG_FS_IRQHandler                        0x080001bb   Thumb Code     0  startup_stm32f40_41xxx.o(.text)
    OTG_FS_WKUP_IRQHandler                   0x080001bb   Thumb Code     0  startup_stm32f40_41xxx.o(.text)
    OTG_HS_EP1_IN_IRQHandler                 0x080001bb   Thumb Code     0  startup_stm32f40_41xxx.o(.text)
    OTG_HS_EP1_OUT_IRQHandler                0x080001bb   Thumb Code     0  startup_stm32f40_41xxx.o(.text)
    OTG_HS_IRQHandler                        0x080001bb   Thumb Code     0  startup_stm32f40_41xxx.o(.text)
    OTG_HS_WKUP_IRQHandler                   0x080001bb   Thumb Code     0  startup_stm32f40_41xxx.o(.text)
    PVD_IRQHandler                           0x080001bb   Thumb Code     0  startup_stm32f40_41xxx.o(.text)
    RCC_IRQHandler                           0x080001bb   Thumb Code     0  startup_stm32f40_41xxx.o(.text)
    RTC_Alarm_IRQHandler                     0x080001bb   Thumb Code     0  startup_stm32f40_41xxx.o(.text)
    RTC_WKUP_IRQHandler                      0x080001bb   Thumb Code     0  startup_stm32f40_41xxx.o(.text)
    SDIO_IRQHandler                          0x080001bb   Thumb Code     0  startup_stm32f40_41xxx.o(.text)
    SPI1_IRQHandler                          0x080001bb   Thumb Code     0  startup_stm32f40_41xxx.o(.text)
    SPI2_IRQHandler                          0x080001bb   Thumb Code     0  startup_stm32f40_41xxx.o(.text)
    SPI3_IRQHandler                          0x080001bb   Thumb Code     0  startup_stm32f40_41xxx.o(.text)
    TAMP_STAMP_IRQHandler                    0x080001bb   Thumb Code     0  startup_stm32f40_41xxx.o(.text)
    TIM1_BRK_TIM9_IRQHandler                 0x080001bb   Thumb Code     0  startup_stm32f40_41xxx.o(.text)
    TIM1_CC_IRQHandler                       0x080001bb   Thumb Code     0  startup_stm32f40_41xxx.o(.text)
    TIM1_TRG_COM_TIM11_IRQHandler            0x080001bb   Thumb Code     0  startup_stm32f40_41xxx.o(.text)
    TIM1_UP_TIM10_IRQHandler                 0x080001bb   Thumb Code     0  startup_stm32f40_41xxx.o(.text)
    TIM2_IRQHandler                          0x080001bb   Thumb Code     0  startup_stm32f40_41xxx.o(.text)
    TIM4_IRQHandler                          0x080001bb   Thumb Code     0  startup_stm32f40_41xxx.o(.text)
    TIM5_IRQHandler                          0x080001bb   Thumb Code     0  startup_stm32f40_41xxx.o(.text)
    TIM7_IRQHandler                          0x080001bb   Thumb Code     0  startup_stm32f40_41xxx.o(.text)
    TIM8_BRK_TIM12_IRQHandler                0x080001bb   Thumb Code     0  startup_stm32f40_41xxx.o(.text)
    TIM8_CC_IRQHandler                       0x080001bb   Thumb Code     0  startup_stm32f40_41xxx.o(.text)
    TIM8_TRG_COM_TIM14_IRQHandler            0x080001bb   Thumb Code     0  startup_stm32f40_41xxx.o(.text)
    TIM8_UP_TIM13_IRQHandler                 0x080001bb   Thumb Code     0  startup_stm32f40_41xxx.o(.text)
    UART4_IRQHandler                         0x080001bb   Thumb Code     0  startup_stm32f40_41xxx.o(.text)
    UART5_IRQHandler                         0x080001bb   Thumb Code     0  startup_stm32f40_41xxx.o(.text)
    USART1_IRQHandler                        0x080001bb   Thumb Code     0  startup_stm32f40_41xxx.o(.text)
    USART2_IRQHandler                        0x080001bb   Thumb Code     0  startup_stm32f40_41xxx.o(.text)
    USART3_IRQHandler                        0x080001bb   Thumb Code     0  startup_stm32f40_41xxx.o(.text)
    USART6_IRQHandler                        0x080001bb   Thumb Code     0  startup_stm32f40_41xxx.o(.text)
    WWDG_IRQHandler                          0x080001bb   Thumb Code     0  startup_stm32f40_41xxx.o(.text)
    __aeabi_dmul                             0x080001c5   Thumb Code   228  dmul.o(.text)
    __aeabi_ddiv                             0x080002a9   Thumb Code   222  ddiv.o(.text)
    __aeabi_l2d                              0x08000387   Thumb Code    40  dfltl.o(.text)
    __aeabi_f2d                              0x080003af   Thumb Code    38  f2d.o(.text)
    __aeabi_d2f                              0x080003d5   Thumb Code    56  d2f.o(.text)
    __aeabi_uidiv                            0x0800040d   Thumb Code     0  uidiv.o(.text)
    __aeabi_uidivmod                         0x0800040d   Thumb Code    44  uidiv.o(.text)
    __aeabi_uldivmod                         0x08000439   Thumb Code    98  uldiv.o(.text)
    __I$use$fp                               0x0800049b   Thumb Code     0  iusefp.o(.text)
    _float_round                             0x0800049b   Thumb Code    18  fepilogue.o(.text)
    _float_epilogue                          0x080004ad   Thumb Code    92  fepilogue.o(.text)
    _double_round                            0x08000509   Thumb Code    30  depilogue.o(.text)
    _double_epilogue                         0x08000527   Thumb Code   156  depilogue.o(.text)
    __aeabi_dadd                             0x080005c3   Thumb Code   322  dadd.o(.text)
    __aeabi_dsub                             0x08000705   Thumb Code     6  dadd.o(.text)
    __aeabi_drsub                            0x0800070b   Thumb Code     6  dadd.o(.text)
    __aeabi_d2ulz                            0x08000711   Thumb Code    48  dfixul.o(.text)
    __aeabi_cdrcmple                         0x08000741   Thumb Code    48  cdrcmple.o(.text)
    __scatterload                            0x08000771   Thumb Code    28  init.o(.text)
    __scatterload_rt2                        0x08000771   Thumb Code     0  init.o(.text)
    __aeabi_llsl                             0x08000795   Thumb Code    30  llshl.o(.text)
    _ll_shift_l                              0x08000795   Thumb Code     0  llshl.o(.text)
    __aeabi_llsr                             0x080007b3   Thumb Code    32  llushr.o(.text)
    _ll_ushift_r                             0x080007b3   Thumb Code     0  llushr.o(.text)
    __aeabi_lasr                             0x080007d3   Thumb Code    36  llsshr.o(.text)
    _ll_sshift_r                             0x080007d3   Thumb Code     0  llsshr.o(.text)
    BASE_Timer_Init                          0x080007f9   Thumb Code    86  base_timer.o(i.BASE_Timer_Init)
    BusFault_Handler                         0x08000855   Thumb Code     2  stm32f4xx_it.o(i.BusFault_Handler)
    Button_Init                              0x08000859   Thumb Code    44  button.o(i.Button_Init)
    DebugMon_Handler                         0x0800088d   Thumb Code     2  stm32f4xx_it.o(i.DebugMon_Handler)
    Delay_us                                 0x0800088f   Thumb Code    36  delay.o(i.Delay_us)
    GPIO_Init                                0x080008b3   Thumb Code   124  stm32f4xx_gpio.o(i.GPIO_Init)
    GPIO_PinAFConfig                         0x0800092f   Thumb Code    32  stm32f4xx_gpio.o(i.GPIO_PinAFConfig)
    GPIO_WriteBit                            0x0800094f   Thumb Code    14  stm32f4xx_gpio.o(i.GPIO_WriteBit)
    GTIM_TIMx_Cap_Chy_Init                   0x0800095d   Thumb Code    94  general_timer.o(i.GTIM_TIMx_Cap_Chy_Init)
    HC_SR04_Start                            0x080009c1   Thumb Code    34  sonic.o(i.HC_SR04_Start)
    HardFault_Handler                        0x080009e9   Thumb Code     2  stm32f4xx_it.o(i.HardFault_Handler)
    LED_Init                                 0x080009ed   Thumb Code    62  led.o(i.LED_Init)
    MemManage_Handler                        0x08000a35   Thumb Code     2  stm32f4xx_it.o(i.MemManage_Handler)
    NMI_Handler                              0x08000a37   Thumb Code     2  stm32f4xx_it.o(i.NMI_Handler)
    NVIC_Init                                0x08000a39   Thumb Code    98  misc.o(i.NVIC_Init)
    NVIC_PriorityGroupConfig                 0x08000aa1   Thumb Code    10  misc.o(i.NVIC_PriorityGroupConfig)
    PWM_Config_Init                          0x08000ab5   Thumb Code    98  pwm.o(i.PWM_Config_Init)
    PWM_GPIO_Init                            0x08000b19   Thumb Code    58  pwm.o(i.PWM_GPIO_Init)
    PendSV_Handler                           0x08000b59   Thumb Code     2  stm32f4xx_it.o(i.PendSV_Handler)
    RCC_AHB1PeriphClockCmd                   0x08000b5d   Thumb Code    22  stm32f4xx_rcc.o(i.RCC_AHB1PeriphClockCmd)
    RCC_APB1PeriphClockCmd                   0x08000b79   Thumb Code    22  stm32f4xx_rcc.o(i.RCC_APB1PeriphClockCmd)
    RCC_APB2PeriphClockCmd                   0x08000b95   Thumb Code    22  stm32f4xx_rcc.o(i.RCC_APB2PeriphClockCmd)
    RCC_GetClocksFreq                        0x08000bb1   Thumb Code   148  stm32f4xx_rcc.o(i.RCC_GetClocksFreq)
    SONIC_GPIO_Init                          0x08000c51   Thumb Code    46  sonic.o(i.SONIC_GPIO_Init)
    SVC_Handler                              0x08000c85   Thumb Code     2  stm32f4xx_it.o(i.SVC_Handler)
    SysTick_CLKSourceConfig                  0x08000d41   Thumb Code    28  misc.o(i.SysTick_CLKSourceConfig)
    SysTick_Handler                          0x08000d5d   Thumb Code     2  stm32f4xx_it.o(i.SysTick_Handler)
    SystemInit                               0x08000d61   Thumb Code    74  system_stm32f4xx.o(i.SystemInit)
    System_Tick_Init                         0x08000dbd   Thumb Code     8  delay.o(i.System_Tick_Init)
    TIM3_IRQHandler                          0x08000e91   Thumb Code   182  main.o(i.TIM3_IRQHandler)
    TIM6_DAC_IRQHandler                      0x08000f51   Thumb Code    34  main.o(i.TIM6_DAC_IRQHandler)
    TIM_ARRPreloadConfig                     0x08000f79   Thumb Code    24  stm32f4xx_tim.o(i.TIM_ARRPreloadConfig)
    TIM_ClearITPendingBit                    0x08000f91   Thumb Code     6  stm32f4xx_tim.o(i.TIM_ClearITPendingBit)
    TIM_Cmd                                  0x08000f97   Thumb Code    24  stm32f4xx_tim.o(i.TIM_Cmd)
    TIM_GetCapture1                          0x08000faf   Thumb Code     4  stm32f4xx_tim.o(i.TIM_GetCapture1)
    TIM_GetITStatus                          0x08000fb3   Thumb Code    24  stm32f4xx_tim.o(i.TIM_GetITStatus)
    TIM_ICInit                               0x08000fcb   Thumb Code    98  stm32f4xx_tim.o(i.TIM_ICInit)
    TIM_IC_MspInit                           0x0800102d   Thumb Code    92  general_timer.o(i.TIM_IC_MspInit)
    TIM_ITConfig                             0x0800108d   Thumb Code    20  stm32f4xx_tim.o(i.TIM_ITConfig)
    TIM_OC1Init                              0x080010a1   Thumb Code    96  stm32f4xx_tim.o(i.TIM_OC1Init)
    TIM_OC1PolarityConfig                    0x08001109   Thumb Code    12  stm32f4xx_tim.o(i.TIM_OC1PolarityConfig)
    TIM_OC1PreloadConfig                     0x08001115   Thumb Code    12  stm32f4xx_tim.o(i.TIM_OC1PreloadConfig)
    TIM_SetCounter                           0x08001121   Thumb Code     4  stm32f4xx_tim.o(i.TIM_SetCounter)
    TIM_SetIC1Prescaler                      0x08001125   Thumb Code    16  stm32f4xx_tim.o(i.TIM_SetIC1Prescaler)
    TIM_SetIC2Prescaler                      0x08001135   Thumb Code    24  stm32f4xx_tim.o(i.TIM_SetIC2Prescaler)
    TIM_SetIC3Prescaler                      0x0800114d   Thumb Code    16  stm32f4xx_tim.o(i.TIM_SetIC3Prescaler)
    TIM_SetIC4Prescaler                      0x0800115d   Thumb Code    24  stm32f4xx_tim.o(i.TIM_SetIC4Prescaler)
    TIM_TimeBaseInit                         0x08001175   Thumb Code    96  stm32f4xx_tim.o(i.TIM_TimeBaseInit)
    TimeBaseClearFlag                        0x080011f1   Thumb Code    14  base_timer.o(i.TimeBaseClearFlag)
    TimeBaseGetFlag                          0x08001205   Thumb Code    12  base_timer.o(i.TimeBaseGetFlag)
    TimeBaseSetFlag                          0x08001215   Thumb Code    14  base_timer.o(i.TimeBaseSetFlag)
    TimeBaseUpdata                           0x08001229   Thumb Code    56  base_timer.o(i.TimeBaseUpdata)
    UART_Init                                0x08001269   Thumb Code   126  uart.o(i.UART_Init)
    USART_Cmd                                0x080012f1   Thumb Code    24  stm32f4xx_usart.o(i.USART_Cmd)
    USART_GetFlagStatus                      0x08001309   Thumb Code    14  stm32f4xx_usart.o(i.USART_GetFlagStatus)
    USART_Init                               0x08001319   Thumb Code   180  stm32f4xx_usart.o(i.USART_Init)
    USART_SendData                           0x080013d5   Thumb Code     8  stm32f4xx_usart.o(i.USART_SendData)
    UsageFault_Handler                       0x080013dd   Thumb Code     2  stm32f4xx_it.o(i.UsageFault_Handler)
    __0printf                                0x080013e1   Thumb Code    22  printfa.o(i.__0printf)
    __1printf                                0x080013e1   Thumb Code     0  printfa.o(i.__0printf)
    __2printf                                0x080013e1   Thumb Code     0  printfa.o(i.__0printf)
    __c89printf                              0x080013e1   Thumb Code     0  printfa.o(i.__0printf)
    printf                                   0x080013e1   Thumb Code     0  printfa.o(i.__0printf)
    __scatterload_copy                       0x08001401   Thumb Code    14  handlers.o(i.__scatterload_copy)
    __scatterload_null                       0x0800140f   Thumb Code     2  handlers.o(i.__scatterload_null)
    __scatterload_zeroinit                   0x08001411   Thumb Code    14  handlers.o(i.__scatterload_zeroinit)
    fputc                                    0x08001cad   Thumb Code    30  uart.o(i.fputc)
    main                                     0x08001cd1   Thumb Code   218  main.o(i.main)
    GPIO_PIN                                 0x08001e10   Data           2  led.o(.constdata)
    BUTTON_GPIO_PIN                          0x08001e12   Data           2  button.o(.constdata)
    Region$$Table$$Base                      0x08001e14   Number         0  anon$$obj.o(Region$$Table)
    Region$$Table$$Limit                     0x08001e34   Number         0  anon$$obj.o(Region$$Table)
    GPIO_PORT                                0x20000018   Data           4  led.o(.data)
    BUTTON_GPIO_PORT                         0x2000001c   Data           4  button.o(.data)
    g_timxchy_cap_sta                        0x20000020   Data           1  main.o(.data)
    g_timxchy_cap_val                        0x20000022   Data           2  main.o(.data)
    Sonic_Distance                           0x20000024   Data           4  main.o(.data)
    __stdout                                 0x20000028   Data           4  stdout.o(.data)
    __initial_sp                             0x20000430   Data           0  startup_stm32f40_41xxx.o(STACK)



==============================================================================

Memory Map of the image

  Image Entry point : 0x08000189

  Load Region LR_IROM1 (Base: 0x08000000, Size: 0x00001e60, Max: 0x00080000, ABSOLUTE)

    Execution Region ER_IROM1 (Exec base: 0x08000000, Load base: 0x08000000, Size: 0x00001e34, Max: 0x00080000, ABSOLUTE)

    Exec Addr    Load Addr    Size         Type   Attr      Idx    E Section Name        Object

    0x08000000   0x08000000   0x00000188   Data   RO            3    RESET               startup_stm32f40_41xxx.o
    0x08000188   0x08000188   0x00000000   Code   RO         2506  * .ARM.Collect$$$$00000000  mc_w.l(entry.o)
    0x08000188   0x08000188   0x00000004   Code   RO         2782    .ARM.Collect$$$$00000001  mc_w.l(entry2.o)
    0x0800018c   0x0800018c   0x00000004   Code   RO         2785    .ARM.Collect$$$$00000004  mc_w.l(entry5.o)
    0x08000190   0x08000190   0x00000000   Code   RO         2787    .ARM.Collect$$$$00000008  mc_w.l(entry7b.o)
    0x08000190   0x08000190   0x00000000   Code   RO         2789    .ARM.Collect$$$$0000000A  mc_w.l(entry8b.o)
    0x08000190   0x08000190   0x00000008   Code   RO         2790    .ARM.Collect$$$$0000000B  mc_w.l(entry9a.o)
    0x08000198   0x08000198   0x00000004   Code   RO         2797    .ARM.Collect$$$$0000000E  mc_w.l(entry12b.o)
    0x0800019c   0x0800019c   0x00000000   Code   RO         2792    .ARM.Collect$$$$0000000F  mc_w.l(entry10a.o)
    0x0800019c   0x0800019c   0x00000000   Code   RO         2794    .ARM.Collect$$$$00000011  mc_w.l(entry11a.o)
    0x0800019c   0x0800019c   0x00000004   Code   RO         2783    .ARM.Collect$$$$00002712  mc_w.l(entry2.o)
    0x080001a0   0x080001a0   0x00000024   Code   RO            4    .text               startup_stm32f40_41xxx.o
    0x080001c4   0x080001c4   0x000000e4   Code   RO         2770    .text               mf_w.l(dmul.o)
    0x080002a8   0x080002a8   0x000000de   Code   RO         2772    .text               mf_w.l(ddiv.o)
    0x08000386   0x08000386   0x00000028   Code   RO         2776    .text               mf_w.l(dfltl.o)
    0x080003ae   0x080003ae   0x00000026   Code   RO         2778    .text               mf_w.l(f2d.o)
    0x080003d4   0x080003d4   0x00000038   Code   RO         2780    .text               mf_w.l(d2f.o)
    0x0800040c   0x0800040c   0x0000002c   Code   RO         2799    .text               mc_w.l(uidiv.o)
    0x08000438   0x08000438   0x00000062   Code   RO         2801    .text               mc_w.l(uldiv.o)
    0x0800049a   0x0800049a   0x00000000   Code   RO         2803    .text               mc_w.l(iusefp.o)
    0x0800049a   0x0800049a   0x0000006e   Code   RO         2804    .text               mf_w.l(fepilogue.o)
    0x08000508   0x08000508   0x000000ba   Code   RO         2806    .text               mf_w.l(depilogue.o)
    0x080005c2   0x080005c2   0x0000014e   Code   RO         2808    .text               mf_w.l(dadd.o)
    0x08000710   0x08000710   0x00000030   Code   RO         2810    .text               mf_w.l(dfixul.o)
    0x08000740   0x08000740   0x00000030   Code   RO         2812    .text               mf_w.l(cdrcmple.o)
    0x08000770   0x08000770   0x00000024   Code   RO         2814    .text               mc_w.l(init.o)
    0x08000794   0x08000794   0x0000001e   Code   RO         2816    .text               mc_w.l(llshl.o)
    0x080007b2   0x080007b2   0x00000020   Code   RO         2818    .text               mc_w.l(llushr.o)
    0x080007d2   0x080007d2   0x00000024   Code   RO         2820    .text               mc_w.l(llsshr.o)
    0x080007f6   0x080007f6   0x00000002   PAD
    0x080007f8   0x080007f8   0x0000005c   Code   RO         1591    i.BASE_Timer_Init   base_timer.o
    0x08000854   0x08000854   0x00000002   Code   RO         2434    i.BusFault_Handler  stm32f4xx_it.o
    0x08000856   0x08000856   0x00000002   PAD
    0x08000858   0x08000858   0x00000034   Code   RO         1972    i.Button_Init       button.o
    0x0800088c   0x0800088c   0x00000002   Code   RO         2435    i.DebugMon_Handler  stm32f4xx_it.o
    0x0800088e   0x0800088e   0x00000024   Code   RO         2338    i.Delay_us          delay.o
    0x080008b2   0x080008b2   0x0000007c   Code   RO          505    i.GPIO_Init         stm32f4xx_gpio.o
    0x0800092e   0x0800092e   0x00000020   Code   RO          506    i.GPIO_PinAFConfig  stm32f4xx_gpio.o
    0x0800094e   0x0800094e   0x0000000e   Code   RO          517    i.GPIO_WriteBit     stm32f4xx_gpio.o
    0x0800095c   0x0800095c   0x00000064   Code   RO         2162    i.GTIM_TIMx_Cap_Chy_Init  general_timer.o
    0x080009c0   0x080009c0   0x00000028   Code   RO         2010    i.HC_SR04_Start     sonic.o
    0x080009e8   0x080009e8   0x00000002   Code   RO         2436    i.HardFault_Handler  stm32f4xx_it.o
    0x080009ea   0x080009ea   0x00000002   PAD
    0x080009ec   0x080009ec   0x00000048   Code   RO         1779    i.LED_Init          led.o
    0x08000a34   0x08000a34   0x00000002   Code   RO         2437    i.MemManage_Handler  stm32f4xx_it.o
    0x08000a36   0x08000a36   0x00000002   Code   RO         2438    i.NMI_Handler       stm32f4xx_it.o
    0x08000a38   0x08000a38   0x00000068   Code   RO           13    i.NVIC_Init         misc.o
    0x08000aa0   0x08000aa0   0x00000014   Code   RO           14    i.NVIC_PriorityGroupConfig  misc.o
    0x08000ab4   0x08000ab4   0x00000062   Code   RO         1746    i.PWM_Config_Init   pwm.o
    0x08000b16   0x08000b16   0x00000002   PAD
    0x08000b18   0x08000b18   0x00000040   Code   RO         1747    i.PWM_GPIO_Init     pwm.o
    0x08000b58   0x08000b58   0x00000002   Code   RO         2439    i.PendSV_Handler    stm32f4xx_it.o
    0x08000b5a   0x08000b5a   0x00000002   PAD
    0x08000b5c   0x08000b5c   0x0000001c   Code   RO          166    i.RCC_AHB1PeriphClockCmd  stm32f4xx_rcc.o
    0x08000b78   0x08000b78   0x0000001c   Code   RO          175    i.RCC_APB1PeriphClockCmd  stm32f4xx_rcc.o
    0x08000b94   0x08000b94   0x0000001c   Code   RO          178    i.RCC_APB2PeriphClockCmd  stm32f4xx_rcc.o
    0x08000bb0   0x08000bb0   0x000000a0   Code   RO          187    i.RCC_GetClocksFreq  stm32f4xx_rcc.o
    0x08000c50   0x08000c50   0x00000034   Code   RO         2011    i.SONIC_GPIO_Init   sonic.o
    0x08000c84   0x08000c84   0x00000002   Code   RO         2440    i.SVC_Handler       stm32f4xx_it.o
    0x08000c86   0x08000c86   0x00000002   PAD
    0x08000c88   0x08000c88   0x000000b8   Code   RO         2296    i.SetSysClock       system_stm32f4xx.o
    0x08000d40   0x08000d40   0x0000001c   Code   RO           17    i.SysTick_CLKSourceConfig  misc.o
    0x08000d5c   0x08000d5c   0x00000002   Code   RO         2441    i.SysTick_Handler   stm32f4xx_it.o
    0x08000d5e   0x08000d5e   0x00000002   PAD
    0x08000d60   0x08000d60   0x0000005c   Code   RO         2298    i.SystemInit        system_stm32f4xx.o
    0x08000dbc   0x08000dbc   0x00000008   Code   RO         2339    i.System_Tick_Init  delay.o
    0x08000dc4   0x08000dc4   0x0000002e   Code   RO          732    i.TI1_Config        stm32f4xx_tim.o
    0x08000df2   0x08000df2   0x00000036   Code   RO          733    i.TI2_Config        stm32f4xx_tim.o
    0x08000e28   0x08000e28   0x00000032   Code   RO          734    i.TI3_Config        stm32f4xx_tim.o
    0x08000e5a   0x08000e5a   0x00000036   Code   RO          735    i.TI4_Config        stm32f4xx_tim.o
    0x08000e90   0x08000e90   0x000000c0   Code   RO         2376    i.TIM3_IRQHandler   main.o
    0x08000f50   0x08000f50   0x00000028   Code   RO         2377    i.TIM6_DAC_IRQHandler  main.o
    0x08000f78   0x08000f78   0x00000018   Code   RO          736    i.TIM_ARRPreloadConfig  stm32f4xx_tim.o
    0x08000f90   0x08000f90   0x00000006   Code   RO          743    i.TIM_ClearITPendingBit  stm32f4xx_tim.o
    0x08000f96   0x08000f96   0x00000018   Code   RO          748    i.TIM_Cmd           stm32f4xx_tim.o
    0x08000fae   0x08000fae   0x00000004   Code   RO          763    i.TIM_GetCapture1   stm32f4xx_tim.o
    0x08000fb2   0x08000fb2   0x00000018   Code   RO          769    i.TIM_GetITStatus   stm32f4xx_tim.o
    0x08000fca   0x08000fca   0x00000062   Code   RO          771    i.TIM_ICInit        stm32f4xx_tim.o
    0x0800102c   0x0800102c   0x00000060   Code   RO         2163    i.TIM_IC_MspInit    general_timer.o
    0x0800108c   0x0800108c   0x00000014   Code   RO          773    i.TIM_ITConfig      stm32f4xx_tim.o
    0x080010a0   0x080010a0   0x00000068   Code   RO          777    i.TIM_OC1Init       stm32f4xx_tim.o
    0x08001108   0x08001108   0x0000000c   Code   RO          779    i.TIM_OC1PolarityConfig  stm32f4xx_tim.o
    0x08001114   0x08001114   0x0000000c   Code   RO          780    i.TIM_OC1PreloadConfig  stm32f4xx_tim.o
    0x08001120   0x08001120   0x00000004   Code   RO          814    i.TIM_SetCounter    stm32f4xx_tim.o
    0x08001124   0x08001124   0x00000010   Code   RO          815    i.TIM_SetIC1Prescaler  stm32f4xx_tim.o
    0x08001134   0x08001134   0x00000018   Code   RO          816    i.TIM_SetIC2Prescaler  stm32f4xx_tim.o
    0x0800114c   0x0800114c   0x00000010   Code   RO          817    i.TIM_SetIC3Prescaler  stm32f4xx_tim.o
    0x0800115c   0x0800115c   0x00000018   Code   RO          818    i.TIM_SetIC4Prescaler  stm32f4xx_tim.o
    0x08001174   0x08001174   0x0000007c   Code   RO          820    i.TIM_TimeBaseInit  stm32f4xx_tim.o
    0x080011f0   0x080011f0   0x00000014   Code   RO         1592    i.TimeBaseClearFlag  base_timer.o
    0x08001204   0x08001204   0x00000010   Code   RO         1593    i.TimeBaseGetFlag   base_timer.o
    0x08001214   0x08001214   0x00000014   Code   RO         1594    i.TimeBaseSetFlag   base_timer.o
    0x08001228   0x08001228   0x00000040   Code   RO         1595    i.TimeBaseUpdata    base_timer.o
    0x08001268   0x08001268   0x00000088   Code   RO         1929    i.UART_Init         uart.o
    0x080012f0   0x080012f0   0x00000018   Code   RO         1302    i.USART_Cmd         stm32f4xx_usart.o
    0x08001308   0x08001308   0x0000000e   Code   RO         1305    i.USART_GetFlagStatus  stm32f4xx_usart.o
    0x08001316   0x08001316   0x00000002   PAD
    0x08001318   0x08001318   0x000000bc   Code   RO         1309    i.USART_Init        stm32f4xx_usart.o
    0x080013d4   0x080013d4   0x00000008   Code   RO         1319    i.USART_SendData    stm32f4xx_usart.o
    0x080013dc   0x080013dc   0x00000002   Code   RO         2442    i.UsageFault_Handler  stm32f4xx_it.o
    0x080013de   0x080013de   0x00000002   PAD
    0x080013e0   0x080013e0   0x00000020   Code   RO         2742    i.__0printf         mc_w.l(printfa.o)
    0x08001400   0x08001400   0x0000000e   Code   RO         2824    i.__scatterload_copy  mc_w.l(handlers.o)
    0x0800140e   0x0800140e   0x00000002   Code   RO         2825    i.__scatterload_null  mc_w.l(handlers.o)
    0x08001410   0x08001410   0x0000000e   Code   RO         2826    i.__scatterload_zeroinit  mc_w.l(handlers.o)
    0x0800141e   0x0800141e   0x00000002   PAD
    0x08001420   0x08001420   0x00000184   Code   RO         2749    i._fp_digits        mc_w.l(printfa.o)
    0x080015a4   0x080015a4   0x000006b4   Code   RO         2750    i._printf_core      mc_w.l(printfa.o)
    0x08001c58   0x08001c58   0x00000024   Code   RO         2751    i._printf_post_padding  mc_w.l(printfa.o)
    0x08001c7c   0x08001c7c   0x0000002e   Code   RO         2752    i._printf_pre_padding  mc_w.l(printfa.o)
    0x08001caa   0x08001caa   0x00000002   PAD
    0x08001cac   0x08001cac   0x00000024   Code   RO         1931    i.fputc             uart.o
    0x08001cd0   0x08001cd0   0x00000120   Code   RO         2378    i.main              main.o
    0x08001df0   0x08001df0   0x00000020   Data   RO         1596    .constdata          base_timer.o
    0x08001e10   0x08001e10   0x00000002   Data   RO         1783    .constdata          led.o
    0x08001e12   0x08001e12   0x00000002   Data   RO         1974    .constdata          button.o
    0x08001e14   0x08001e14   0x00000020   Data   RO         2822    Region$$Table       anon$$obj.o


    Execution Region RW_IRAM1 (Exec base: 0x20000000, Load base: 0x08001e34, Size: 0x00000430, Max: 0x00020000, ABSOLUTE)

    Exec Addr    Load Addr    Size         Type   Attr      Idx    E Section Name        Object

    0x20000000   0x08001e34   0x00000010   Data   RW          219    .data               stm32f4xx_rcc.o
    0x20000010   0x08001e44   0x00000008   Data   RW         1597    .data               base_timer.o
    0x20000018   0x08001e4c   0x00000004   Data   RW         1784    .data               led.o
    0x2000001c   0x08001e50   0x00000004   Data   RW         1975    .data               button.o
    0x20000020   0x08001e54   0x00000008   Data   RW         2379    .data               main.o
    0x20000028   0x08001e5c   0x00000004   Data   RW         2798    .data               mc_w.l(stdout.o)
    0x2000002c   0x08001e60   0x00000004   PAD
    0x20000030        -       0x00000400   Zero   RW            1    STACK               startup_stm32f40_41xxx.o


==============================================================================

Image component sizes


      Code (inc. data)   RO Data    RW Data    ZI Data      Debug   Object Name

       212         30         32          8          0     269859   base_timer.o
        52          8          2          4          0       2109   button.o
        44          0          0          0          0       1046   delay.o
       196         10          0          0          0     266954   general_timer.o
        72         10          2          4          0     251968   led.o
       520         86          0          8          0       3040   main.o
       152         16          0          0          0     287777   misc.o
       162          6          0          0          0       1350   pwm.o
        92         12          0          0          0       8306   sonic.o
        36          8        392          0       1024        916   startup_stm32f40_41xxx.o
       170          0          0          0          0       2731   stm32f4xx_gpio.o
        18          0          0          0          0       4434   stm32f4xx_it.o
       244         30          0         16          0       5315   stm32f4xx_rcc.o
       740         36          0          0          0      15078   stm32f4xx_tim.o
       234          8          0          0          0     262112   stm32f4xx_usart.o
       276         34          0          0          0       1805   system_stm32f4xx.o
       172         16          0          0          0       3048   uart.o

    ----------------------------------------------------------------------
      3408        310        460         40       1024    1387848   Object Totals
         0          0         32          0          0          0   (incl. Generated)
        16          0          0          0          0          0   (incl. Padding)

    ----------------------------------------------------------------------

      Code (inc. data)   RO Data    RW Data    ZI Data      Debug   Library Member Name

         0          0          0          0          0          0   entry.o
         0          0          0          0          0          0   entry10a.o
         0          0          0          0          0          0   entry11a.o
         4          0          0          0          0          0   entry12b.o
         8          4          0          0          0          0   entry2.o
         4          0          0          0          0          0   entry5.o
         0          0          0          0          0          0   entry7b.o
         0          0          0          0          0          0   entry8b.o
         8          4          0          0          0          0   entry9a.o
        30          0          0          0          0          0   handlers.o
        36          8          0          0          0         68   init.o
         0          0          0          0          0          0   iusefp.o
        30          0          0          0          0         68   llshl.o
        36          0          0          0          0         68   llsshr.o
        32          0          0          0          0         68   llushr.o
      2218         90          0          0          0        464   printfa.o
         0          0          0          4          0          0   stdout.o
        44          0          0          0          0         80   uidiv.o
        98          0          0          0          0         92   uldiv.o
        48          0          0          0          0         68   cdrcmple.o
        56          0          0          0          0         88   d2f.o
       334          0          0          0          0        148   dadd.o
       222          0          0          0          0        100   ddiv.o
       186          0          0          0          0        176   depilogue.o
        48          0          0          0          0         68   dfixul.o
        40          0          0          0          0         80   dfltl.o
       228          0          0          0          0         96   dmul.o
        38          0          0          0          0         68   f2d.o
       110          0          0          0          0        168   fepilogue.o

    ----------------------------------------------------------------------
      3864        106          0          4          4       1968   Library Totals
         6          0          0          0          4          0   (incl. Padding)

    ----------------------------------------------------------------------

      Code (inc. data)   RO Data    RW Data    ZI Data      Debug   Library Name

      2548        106          0          4          0        908   mc_w.l
      1310          0          0          0          0       1060   mf_w.l

    ----------------------------------------------------------------------
      3864        106          0          4          4       1968   Library Totals

    ----------------------------------------------------------------------

==============================================================================


      Code (inc. data)   RO Data    RW Data    ZI Data      Debug   

      7272        416        460         44       1028    1383184   Grand Totals
      7272        416        460         44       1028    1383184   ELF Image Totals
      7272        416        460         44          0          0   ROM Totals

==============================================================================

    Total RO  Size (Code + RO Data)                 7732 (   7.55kB)
    Total RW  Size (RW Data + ZI Data)              1072 (   1.05kB)
    Total ROM Size (Code + RO Data + RW Data)       7776 (   7.59kB)

==============================================================================

