Component: ARM Compiler 5.06 update 7 (build 960) Tool: armlink [4d3601]

==============================================================================

Section Cross References

    mfrc522.o(i.IsDataBlock) refers to printfa.o(i.__0printf) for __2printf
    mfrc522.o(i.MFRC522_AntennaOff) refers to mfrc522.o(i.MFRC522_ClearBitMask) for MFRC522_ClearBitMask
    mfrc522.o(i.MFRC522_AntennaOn) refers to mfrc522.o(i.MFRC522_ReadRegister) for MFRC522_ReadRegister
    mfrc522.o(i.MFRC522_AntennaOn) refers to mfrc522.o(i.MFRC522_SetBitMask) for MFRC522_SetBitMask
    mfrc522.o(i.MFRC522_Anticoll) refers to mfrc522.o(i.MFRC522_ClearBitMask) for MFRC522_ClearBitMask
    mfrc522.o(i.MFRC522_Anticoll) refers to mfrc522.o(i.MFRC522_WriteRegister) for MFRC522_WriteRegister
    mfrc522.o(i.MFRC522_Anticoll) refers to mfrc522.o(i.MFRC522_ToCard) for MFRC522_ToCard
    mfrc522.o(i.MFRC522_Anticoll) refers to mfrc522.o(i.MFRC522_SetBitMask) for MFRC522_SetBitMask
    mfrc522.o(i.MFRC522_Auth) refers to mfrc522.o(i.MFRC522_ToCard) for MFRC522_ToCard
    mfrc522.o(i.MFRC522_Auth) refers to mfrc522.o(i.MFRC522_ReadRegister) for MFRC522_ReadRegister
    mfrc522.o(i.MFRC522_CalculateCRC) refers to mfrc522.o(i.MFRC522_ClearBitMask) for MFRC522_ClearBitMask
    mfrc522.o(i.MFRC522_CalculateCRC) refers to mfrc522.o(i.MRFRC522_WriteReg) for MRFRC522_WriteReg
    mfrc522.o(i.MFRC522_CalculateCRC) refers to mfrc522.o(i.MFRC522_SetBitMask) for MFRC522_SetBitMask
    mfrc522.o(i.MFRC522_CalculateCRC) refers to mfrc522.o(i.MFRC522_WriteRegister) for MFRC522_WriteRegister
    mfrc522.o(i.MFRC522_CalculateCRC) refers to mfrc522.o(i.MFRC522_ReadRegister) for MFRC522_ReadRegister
    mfrc522.o(i.MFRC522_ClearBitMask) refers to mfrc522.o(i.MFRC522_ReadRegister) for MFRC522_ReadRegister
    mfrc522.o(i.MFRC522_ClearBitMask) refers to mfrc522.o(i.MFRC522_WriteRegister) for MFRC522_WriteRegister
    mfrc522.o(i.MFRC522_Halt) refers to mfrc522.o(i.MFRC522_CalculateCRC) for MFRC522_CalculateCRC
    mfrc522.o(i.MFRC522_Halt) refers to mfrc522.o(i.MFRC522_ToCard) for MFRC522_ToCard
    mfrc522.o(i.MFRC522_Init) refers to mfrc522.o(i.MFRC522_Reset) for MFRC522_Reset
    mfrc522.o(i.MFRC522_Init) refers to mfrc522.o(i.MFRC522_ReadRegister) for MFRC522_ReadRegister
    mfrc522.o(i.MFRC522_Init) refers to mfrc522.o(i.MFRC522_WriteRegister) for MFRC522_WriteRegister
    mfrc522.o(i.MFRC522_Init) refers to mfrc522.o(i.MFRC522_AntennaOn) for MFRC522_AntennaOn
    mfrc522.o(i.MFRC522_Init) refers to printfa.o(i.__0printf) for __2printf
    mfrc522.o(i.MFRC522_Read) refers to mfrc522.o(i.MFRC522_CalculateCRC) for MFRC522_CalculateCRC
    mfrc522.o(i.MFRC522_Read) refers to mfrc522.o(i.MFRC522_ToCard) for MFRC522_ToCard
    mfrc522.o(i.MFRC522_ReadRegister) refers to mfrc522.o(i.MRFRC522_ReadReg) for MRFRC522_ReadReg
    mfrc522.o(i.MFRC522_Request) refers to mfrc522.o(i.MFRC522_ClearBitMask) for MFRC522_ClearBitMask
    mfrc522.o(i.MFRC522_Request) refers to mfrc522.o(i.MFRC522_WriteRegister) for MFRC522_WriteRegister
    mfrc522.o(i.MFRC522_Request) refers to mfrc522.o(i.MFRC522_SetBitMask) for MFRC522_SetBitMask
    mfrc522.o(i.MFRC522_Request) refers to mfrc522.o(i.MFRC522_ToCard) for MFRC522_ToCard
    mfrc522.o(i.MFRC522_Reset) refers to mfrc522.o(i.MFRC522_WriteRegister) for MFRC522_WriteRegister
    mfrc522.o(i.MFRC522_SelectTag) refers to mfrc522.o(i.MFRC522_CalculateCRC) for MFRC522_CalculateCRC
    mfrc522.o(i.MFRC522_SelectTag) refers to mfrc522.o(i.MFRC522_ClearBitMask) for MFRC522_ClearBitMask
    mfrc522.o(i.MFRC522_SelectTag) refers to mfrc522.o(i.MFRC522_ToCard) for MFRC522_ToCard
    mfrc522.o(i.MFRC522_SetBitMask) refers to mfrc522.o(i.MFRC522_ReadRegister) for MFRC522_ReadRegister
    mfrc522.o(i.MFRC522_SetBitMask) refers to mfrc522.o(i.MFRC522_WriteRegister) for MFRC522_WriteRegister
    mfrc522.o(i.MFRC522_ToCard) refers to mfrc522.o(i.MFRC522_WriteRegister) for MFRC522_WriteRegister
    mfrc522.o(i.MFRC522_ToCard) refers to mfrc522.o(i.MFRC522_ClearBitMask) for MFRC522_ClearBitMask
    mfrc522.o(i.MFRC522_ToCard) refers to mfrc522.o(i.MFRC522_SetBitMask) for MFRC522_SetBitMask
    mfrc522.o(i.MFRC522_ToCard) refers to mfrc522.o(i.MFRC522_ReadRegister) for MFRC522_ReadRegister
    mfrc522.o(i.MFRC522_Write) refers to mfrc522.o(i.MFRC522_CalculateCRC) for MFRC522_CalculateCRC
    mfrc522.o(i.MFRC522_Write) refers to mfrc522.o(i.MFRC522_ToCard) for MFRC522_ToCard
    mfrc522.o(i.MFRC522_WriteRegister) refers to mfrc522.o(i.MRFRC522_WriteReg) for MRFRC522_WriteReg
    mfrc522.o(i.MRFRC522_ReadReg) refers to stm32f4xx_gpio.o(i.GPIO_WriteBit) for GPIO_WriteBit
    mfrc522.o(i.MRFRC522_ReadReg) refers to hspi.o(i.SPI_SendByte) for SPI_SendByte
    mfrc522.o(i.MRFRC522_ReadReg) refers to hspi.o(i.SPI_ReadByte) for SPI_ReadByte
    mfrc522.o(i.MRFRC522_WriteReg) refers to stm32f4xx_gpio.o(i.GPIO_WriteBit) for GPIO_WriteBit
    mfrc522.o(i.MRFRC522_WriteReg) refers to hspi.o(i.SPI_SendByte) for SPI_SendByte
[...]
    .text                                    0x08000288   Section        0  atoi.o(.text)
    .text                                    0x080002a2   Section        0  dadd.o(.text)
    .text                                    0x080003f0   Section        0  dmul.o(.text)
    .text                                    0x080004d4   Section        0  ddiv.o(.text)
    .text                                    0x080005b2   Section        0  dfltui.o(.text)
    .text                                    0x080005cc   Section       48  cdrcmple.o(.text)
    .text                                    0x080005fc   Section        0  d2f.o(.text)
    .text                                    0x08000634   Section        0  uidiv.o(.text)
    .text                                    0x08000660   Section        0  uldiv.o(.text)
    .text                                    0x080006c2   Section        0  llshl.o(.text)
    .text                                    0x080006e0   Section        0  llushr.o(.text)
    .text                                    0x08000700   Section        0  llsshr.o(.text)
    .text                                    0x08000724   Section        0  strtol.o(.text)
    .text                                    0x08000794   Section        0  iusefp.o(.text)
    .text                                    0x08000794   Section        0  fepilogue.o(.text)
    .text                                    0x08000802   Section        0  depilogue.o(.text)
    .text                                    0x080008bc   Section        0  dfixul.o(.text)
    .text                                    0x080008ec   Section       36  init.o(.text)
    .text                                    0x08000910   Section        0  ctype_o.o(.text)
    .text                                    0x08000918   Section        0  _strtoul.o(.text)
    .text                                    0x080009b6   Section        0  _chval.o(.text)
    i.BASE_Timer_Init                        0x080009d4   Section        0  base_timer.o(i.BASE_Timer_Init)
    i.BLE_Modify_Time                        0x08000a30   Section        0  rtc.o(i.BLE_Modify_Time)
    i.BusFault_Handler                       0x08000abc   Section        0  stm32f4xx_it.o(i.BusFault_Handler)
    i.Button_Init                            0x08000ac0   Section        0  key.o(i.Button_Init)
    i.DebugMon_Handler                       0x08000b14   Section        0  stm32f4xx_it.o(i.DebugMon_Handler)
    i.Delay_ms                               0x08000b16   Section        0  delay.o(i.Delay_ms)
    i.Delay_us                               0x08000b3c   Section        0  delay.o(i.Delay_us)
    i.EXTI_ClearITPendingBit                 0x08000b60   Section        0  stm32f4xx_exti.o(i.EXTI_ClearITPendingBit)
    i.FLASH_ClearFlag                        0x08000b6c   Section        0  stm32f4xx_flash.o(i.FLASH_ClearFlag)
    i.FLASH_EraseSector                      0x08000b78   Section        0  stm32f4xx_flash.o(i.FLASH_EraseSector)
    i.FLASH_GetStatus                        0x08000be8   Section        0  stm32f4xx_flash.o(i.FLASH_GetStatus)
    i.FLASH_Lock                             0x08000c24   Section        0  stm32f4xx_flash.o(i.FLASH_Lock)
    i.FLASH_ProgramWord                      0x08000c34   Section        0  stm32f4xx_flash.o(i.FLASH_ProgramWord)
    i.FLASH_Unlock                           0x08000c70   Section        0  stm32f4xx_flash.o(i.FLASH_Unlock)
    i.FLASH_WaitForLastOperation             0x08000c94   Section        0  stm32f4xx_flash.o(i.FLASH_WaitForLastOperation)
    i.GPIO_Init                              0x08000cb6   Section        0  stm32f4xx_gpio.o(i.GPIO_Init)
    i.GPIO_PinAFConfig                       0x08000d32   Section        0  stm32f4xx_gpio.o(i.GPIO_PinAFConfig)
    i.GPIO_ReadInputDataBit                  0x08000d52   Section        0  stm32f4xx_gpio.o(i.GPIO_ReadInputDataBit)
    i.GPIO_ToggleBits                        0x08000d60   Section        0  stm32f4xx_gpio.o(i.GPIO_ToggleBits)
    i.GPIO_WriteBit                          0x08000d68   Section        0  stm32f4xx_gpio.o(i.GPIO_WriteBit)
    i.GetSector                              0x08000d78   Section        0  flash.o(i.GetSector)
    i.Get_Button_Status                      0x08000e00   Section        0  key.o(i.Get_Button_Status)
    i.Get_Kernal_Tempature                   0x08000e18   Section        0  adc.o(i.Get_Kernal_Tempature)
    i.HardFault_Handler                      0x08000ecc   Section        0  stm32f4xx_it.o(i.HardFault_Handler)
    i.I2C_AcknowledgeConfig                  0x08000ece   Section        0  stm32f4xx_i2c.o(i.I2C_AcknowledgeConfig)
    i.I2C_CheckEvent                         0x08000ee6   Section        0  stm32f4xx_i2c.o(i.I2C_CheckEvent)
    i.I2C_Cmd                                0x08000f10   Section        0  stm32f4xx_i2c.o(i.I2C_Cmd)
    i.I2C_GenerateSTART                      0x08000f28   Section        0  stm32f4xx_i2c.o(i.I2C_GenerateSTART)
    i.I2C_GenerateSTOP                       0x08000f40   Section        0  stm32f4xx_i2c.o(i.I2C_GenerateSTOP)
    i.I2C_Init                               0x08000f58   Section        0  stm32f4xx_i2c.o(i.I2C_Init)
    i.I2C_Send7bitAddress                    0x08001014   Section        0  stm32f4xx_i2c.o(i.I2C_Send7bitAddress)
    i.I2C_SendData                           0x08001026   Section        0  stm32f4xx_i2c.o(i.I2C_SendData)
    i.InternalFlash_Erase                    0x0800102a   Section        0  flash.o(i.InternalFlash_Erase)
    i.InternalFlash_Read                     0x08001050   Section        0  flash.o(i.InternalFlash_Read)
    i.InternalFlash_WaitForEnd               0x0800106e   Section        0  flash.o(i.InternalFlash_WaitForEnd)
    i.InternalFlash_Write                    0x0800107a   Section        0  flash.o(i.InternalFlash_Write)
    i.Item1_Callback                         0x080010b8   Section        0  oled_menu.o(i.Item1_Callback)
    i.Item2_Callback                         0x080010dc   Section        0  oled_menu.o(i.Item2_Callback)
    i.Item3_Callback                         0x080010f8   Section        0  oled_menu.o(i.Item3_Callback)
    i.Item4_Callback                         0x080010fa   Section        0  oled_menu.o(i.Item4_Callback)
    i.Item5_Callback                         0x080010fc   Section        0  oled_menu.o(i.Item5_Callback)
    i.JI2CXX_WaitEvent                       0x08001100   Section        0  jack_i2c.o(i.JI2CXX_WaitEvent)
    i.JI2C_Delay                             0x0800112c   Section        0  jack_i2c.o(i.JI2C_Delay)
    i.JI2C_GPIO_Init                         0x08001134   Section        0  jack_i2c.o(i.JI2C_GPIO_Init)
    i.JI2C_Init                              0x08001250   Section        0  jack_i2c.o(i.JI2C_Init)
    i.JI2C_SendByte                          0x080012cc   Section        0  jack_i2c.o(i.JI2C_SendByte)
    i.JI2C_Start                             0x080013b4   Section        0  jack_i2c.o(i.JI2C_Start)
    i.JI2C_Stop                              0x08001440   Section        0  jack_i2c.o(i.JI2C_Stop)
    i.JI2C_WaitAck                           0x080014cc   Section        0  jack_i2c.o(i.JI2C_WaitAck)
    i.LED_Init                               0x08001564   Section        0  led.o(i.LED_Init)
    i.LED_Toggle                             0x080015ac   Section        0  led.o(i.LED_Toggle)
    i.MY_Menu_Init                           0x080015c4   Section        0  oled_menu.o(i.MY_Menu_Init)
    i.MemManage_Handler                      0x08001600   Section        0  stm32f4xx_it.o(i.MemManage_Handler)
    i.Menu_Image_Display                     0x08001604   Section        0  oled_menu.o(i.Menu_Image_Display)
    i.Menu_Input                             0x08001738   Section        0  oled_menu.o(i.Menu_Input)
    i.Menu_Mode_Change                       0x08001784   Section        0  oled_menu.o(i.Menu_Mode_Change)
    i.Menu_Return                            0x08001790   Section        0  oled_menu.o(i.Menu_Return)
    i.Menu_Switch                            0x080017dc   Section        0  oled_menu.o(i.Menu_Switch)
    i.NMI_Handler                            0x08001874   Section        0  stm32f4xx_it.o(i.NMI_Handler)
    i.NVIC_Init                              0x08001878   Section        0  misc.o(i.NVIC_Init)
    i.NVIC_PriorityGroupConfig               0x080018e0   Section        0  misc.o(i.NVIC_PriorityGroupConfig)
    i.OLED_Clear                             0x080018f4   Section        0  oled.o(i.OLED_Clear)
    i.OLED_ClearArea                         0x0800191c   Section        0  oled.o(i.OLED_ClearArea)
    i.OLED_Init                              0x08001978   Section        0  oled.o(i.OLED_Init)
    i.OLED_SetCursor                         0x08001a74   Section        0  oled.o(i.OLED_SetCursor)
    i.OLED_ShowImage                         0x08001aa8   Section        0  oled.o(i.OLED_ShowImage)
    i.OLED_Update                            0x08001b5c   Section        0  oled.o(i.OLED_Update)
    i.OLED_WriteCommand                      0x08001b94   Section        0  oled.o(i.OLED_WriteCommand)
    i.OLED_WriteData                         0x08001c44   Section        0  oled.o(i.OLED_WriteData)
    i.PendSV_Handler                         0x08001d10   Section        0  stm32f4xx_it.o(i.PendSV_Handler)
    i.RCC_AHB1PeriphClockCmd                 0x08001d14   Section        0  stm32f4xx_rcc.o(i.RCC_AHB1PeriphClockCmd)
    i.RCC_APB1PeriphClockCmd                 0x08001d30   Section        0  stm32f4xx_rcc.o(i.RCC_APB1PeriphClockCmd)
    i.RCC_APB2PeriphClockCmd                 0x08001d4c   Section        0  stm32f4xx_rcc.o(i.RCC_APB2PeriphClockCmd)
    i.RCC_GetClocksFreq                      0x08001d68   Section        0  stm32f4xx_rcc.o(i.RCC_GetClocksFreq)
    i.RTC_AlarmCmd                           0x08001e08   Section        0  stm32f4xx_rtc.o(i.RTC_AlarmCmd)
    i.RTC_Alarm_IRQHandler                   0x08001e64   Section        0  main.o(i.RTC_Alarm_IRQHandler)
    i.RTC_Bcd2ToByte                         0x08001e98   Section        0  stm32f4xx_rtc.o(i.RTC_Bcd2ToByte)
    RTC_Bcd2ToByte                           0x08001e99   Thumb Code    18  stm32f4xx_rtc.o(i.RTC_Bcd2ToByte)
    i.RTC_ByteToBcd2                         0x08001eaa   Section        0  stm32f4xx_rtc.o(i.RTC_ByteToBcd2)
    RTC_ByteToBcd2                           0x08001eab   Thumb Code    24  stm32f4xx_rtc.o(i.RTC_ByteToBcd2)
    i.RTC_ClearITPendingBit                  0x08001ec4   Section        0  stm32f4xx_rtc.o(i.RTC_ClearITPendingBit)
    i.RTC_GetITStatus                        0x08001ee0   Section        0  stm32f4xx_rtc.o(i.RTC_GetITStatus)
    i.RTC_SetAlarm                           0x08001f20   Section        0  stm32f4xx_rtc.o(i.RTC_SetAlarm)
    i.RTC_WKUP_IRQHandler                    0x08001fdc   Section        0  main.o(i.RTC_WKUP_IRQHandler)
    i.RTC_WriteBackupRegister                0x08002008   Section        0  stm32f4xx_rtc.o(i.RTC_WriteBackupRegister)
    i.SVC_Handler                            0x0800201c   Section        0  stm32f4xx_it.o(i.SVC_Handler)
    i.SetRTCAlarm                            0x0800201e   Section        0  rtc.o(i.SetRTCAlarm)
    i.SetSysClock                            0x08002058   Section        0  system_stm32f4xx.o(i.SetSysClock)
    SetSysClock                              0x08002059   Thumb Code   168  system_stm32f4xx.o(i.SetSysClock)
    i.Sub1_Callback                          0x08002110   Section        0  oled_menu.o(i.Sub1_Callback)
    i.Sub2_Callback                          0x08002112   Section        0  oled_menu.o(i.Sub2_Callback)
    i.Sub3_Callback                          0x08002114   Section        0  oled_menu.o(i.Sub3_Callback)
    i.Sub4_Callback                          0x08002116   Section        0  oled_menu.o(i.Sub4_Callback)
    i.Sub5_Callback                          0x08002118   Section        0  oled_menu.o(i.Sub5_Callback)
    i.SysTick_CLKSourceConfig                0x0800211a   Section        0  misc.o(i.SysTick_CLKSourceConfig)
    i.SysTick_Handler                        0x08002136   Section        0  stm32f4xx_it.o(i.SysTick_Handler)
    i.SystemInit                             0x08002138   Section        0  system_stm32f4xx.o(i.SystemInit)
    i.System_Tick_Init                       0x08002194   Section        0  delay.o(i.System_Tick_Init)
    i.TIM3_IRQHandler                        0x0800219c   Section        0  main.o(i.TIM3_IRQHandler)
    i.TIM6_DAC_IRQHandler                    0x0800225c   Section        0  main.o(i.TIM6_DAC_IRQHandler)
    i.TIM_ClearITPendingBit                  0x08002284   Section        0  stm32f4xx_tim.o(i.TIM_ClearITPendingBit)
    i.TIM_Cmd                                0x0800228a   Section        0  stm32f4xx_tim.o(i.TIM_Cmd)
    i.TIM_GetCapture1                        0x080022a2   Section        0  stm32f4xx_tim.o(i.TIM_GetCapture1)
    i.TIM_GetITStatus                        0x080022a6   Section        0  stm32f4xx_tim.o(i.TIM_GetITStatus)
    i.TIM_ITConfig                           0x080022be   Section        0  stm32f4xx_tim.o(i.TIM_ITConfig)
    i.TIM_OC1PolarityConfig                  0x080022d2   Section        0  stm32f4xx_tim.o(i.TIM_OC1PolarityConfig)
    i.TIM_SetCounter                         0x080022de   Section        0  stm32f4xx_tim.o(i.TIM_SetCounter)
    i.TIM_TimeBaseInit                       0x080022e4   Section        0  stm32f4xx_tim.o(i.TIM_TimeBaseInit)
    i.TimeBaseClearFlag                      0x08002360   Section        0  base_timer.o(i.TimeBaseClearFlag)
    i.TimeBaseGetFlag                        0x08002374   Section        0  base_timer.o(i.TimeBaseGetFlag)
    i.TimeBaseSetFlag                        0x08002384   Section        0  base_timer.o(i.TimeBaseSetFlag)
    i.TimeBaseUpdata                         0x08002398   Section        0  base_timer.o(i.TimeBaseUpdata)
    i.UARTx_Init                             0x080023e4   Section        0  uart.o(i.UARTx_Init)
    i.USART2_IRQHandler                      0x08002514   Section        0  main.o(i.USART2_IRQHandler)
    i.USART_ClearITPendingBit                0x08002584   Section        0  stm32f4xx_usart.o(i.USART_ClearITPendingBit)
    i.USART_Cmd                              0x08002594   Section        0  stm32f4xx_usart.o(i.USART_Cmd)
    i.USART_GetFlagStatus                    0x080025ac   Section        0  stm32f4xx_usart.o(i.USART_GetFlagStatus)
    i.USART_GetITStatus                      0x080025ba   Section        0  stm32f4xx_usart.o(i.USART_GetITStatus)
    i.USART_ITConfig                         0x080025fa   Section        0  stm32f4xx_usart.o(i.USART_ITConfig)
    i.USART_Init                             0x08002630   Section        0  stm32f4xx_usart.o(i.USART_Init)
    i.USART_ReceiveData                      0x080026ec   Section        0  stm32f4xx_usart.o(i.USART_ReceiveData)
    i.USART_SendData                         0x080026f4   Section        0  stm32f4xx_usart.o(i.USART_SendData)
    i.UsageFault_Handler                     0x080026fc   Section        0  stm32f4xx_it.o(i.UsageFault_Handler)
    i.__0printf                              0x08002700   Section        0  printfa.o(i.__0printf)
    i.__aeabi_errno_addr                     0x08002720   Section        0  errno.o(i.__aeabi_errno_addr)
    i.__scatterload_copy                     0x08002728   Section       14  handlers.o(i.__scatterload_copy)
    i.__scatterload_null                     0x08002736   Section        2  handlers.o(i.__scatterload_null)
    i.__scatterload_zeroinit                 0x08002738   Section       14  handlers.o(i.__scatterload_zeroinit)
    i._fp_digits                             0x08002748   Section        0  printfa.o(i._fp_digits)
    _fp_digits                               0x08002749   Thumb Code   366  printfa.o(i._fp_digits)
    i._printf_core                           0x080028cc   Section        0  printfa.o(i._printf_core)
    _printf_core                             0x080028cd   Thumb Code  1704  printfa.o(i._printf_core)
    i._printf_post_padding                   0x08002f80   Section        0  printfa.o(i._printf_post_padding)
    _printf_post_padding                     0x08002f81   Thumb Code    36  printfa.o(i._printf_post_padding)
    i._printf_pre_padding                    0x08002fa4   Section        0  printfa.o(i._printf_pre_padding)
    _printf_pre_padding                      0x08002fa5   Thumb Code    46  printfa.o(i._printf_pre_padding)
    i.button_add                             0x08002fd4   Section        0  button.o(i.button_add)
    button_add                               0x08002fd5   Thumb Code    10  button.o(i.button_add)
    i.button_attach                          0x08002fe4   Section        0  button.o(i.button_attach)
    i.button_create                          0x08002ff0   Section        0  button.o(i.button_create)
    i.button_cycle_process                   0x08003058   Section        0  button.o(i.button_cycle_process)
    button_cycle_process                     0x08003059   Thumb Code   234  button.o(i.button_cycle_process)
    i.button_info_print                      0x08003142   Section        0  button.o(i.button_info_print)
    button_info_print                        0x08003143   Thumb Code     2  button.o(i.button_info_print)
    i.button_process                         0x08003144   Section        0  button.o(i.button_process)
    i.fputc                                  0x08003160   Section        0  uart.o(i.fputc)
    i.free                                   0x08003184   Section        0  malloc.o(i.free)
    i.get_key1                               0x080031d4   Section        0  key.o(i.get_key1)
    get_key1                                 0x080031d5   Thumb Code     6  key.o(i.get_key1)
    i.get_key2                               0x080031da   Section        0  key.o(i.get_key2)
    get_key2                                 0x080031db   Thumb Code     6  key.o(i.get_key2)
    i.get_key3                               0x080031e0   Section        0  key.o(i.get_key3)
    get_key3                                 0x080031e1   Thumb Code     6  key.o(i.get_key3)
    i.get_key_level                          0x080031e6   Section        0  key.o(i.get_key_level)
    get_key_level                            0x080031e7   Thumb Code     4  key.o(i.get_key_level)
    i.key_callback                           0x080031ec   Section        0  key.o(i.key_callback)
    key_callback                             0x080031ed   Thumb Code   344  key.o(i.key_callback)
    i.key_setup                              0x08003454   Section        0  key.o(i.key_setup)
    i.main                                   0x08003514   Section        0  main.o(i.main)
    i.malloc                                 0x08003628   Section        0  malloc.o(i.malloc)
    .constdata                               0x08003694   Section      512  oled_data.o(.constdata)
    .constdata                               0x08003894   Section      512  oled_data.o(.constdata)
    .constdata                               0x08003a94   Section      512  oled_data.o(.constdata)
    .constdata                               0x08003c94   Section      512  oled_data.o(.constdata)
    .constdata                               0x08003e94   Section      512  oled_data.o(.constdata)
    .constdata                               0x08004094   Section      512  oled_data.o(.constdata)
    .constdata                               0x08004294   Section      512  oled_data.o(.constdata)
    .constdata                               0x08004494   Section      512  oled_data.o(.constdata)
    .constdata                               0x08004694   Section      512  oled_data.o(.constdata)
    .constdata                               0x08004894   Section      512  oled_data.o(.constdata)
    .constdata                               0x08004a94   Section      512  oled_data.o(.constdata)
    .constdata                               0x08004c94   Section      512  oled_data.o(.constdata)
    .constdata                               0x08004e94   Section      512  oled_data.o(.constdata)
    .constdata                               0x08005094   Section      128  oled_data.o(.constdata)
    .constdata                               0x08005114   Section      128  oled_data.o(.constdata)
    .constdata                               0x08005194   Section       52  oled_menu.o(.constdata)
    .constdata                               0x080051c8   Section       36  base_timer.o(.constdata)
    base_time_div                            0x080051c8   Data          36  base_timer.o(.constdata)
    .constdata                               0x080051ec   Section        2  led.o(.constdata)
    .constdata                               0x080051ee   Section        8  uart.o(.constdata)
    .constdata                               0x080051f6   Section        6  key.o(.constdata)
    .constdata                               0x080051fc   Section      129  ctype_o.o(.constdata)
    .constdata                               0x08005280   Section        4  ctype_o.o(.constdata)
    table                                    0x08005280   Data           4  ctype_o.o(.constdata)
    .conststring                             0x08005284   Section       78  oled_menu.o(.conststring)
    .data                                    0x20000000   Section        4  button.o(.data)
    button_head                              0x20000000   Data           4  button.o(.data)
    .data                                    0x20000004   Section       92  oled_menu.o(.data)
    old_item                                 0x20000004   Data           1  oled_menu.o(.data)
    old_item                                 0x20000005   Data           1  oled_menu.o(.data)
    .data                                    0x20000060   Section        8  base_timer.o(.data)
    base_index                               0x20000060   Data           1  base_timer.o(.data)
    base_time_flag                           0x20000062   Data           2  base_timer.o(.data)
    base_counter                             0x20000064   Data           4  base_timer.o(.data)
    .data                                    0x20000068   Section        4  led.o(.data)
    .data                                    0x2000006c   Section       20  uart.o(.data)
    ap                                       0x2000006c   Data           4  uart.o(.data)
    .data                                    0x20000080   Section       16  jack_i2c.o(.data)
    .data                                    0x20000090   Section       12  key.o(.data)
    .data                                    0x2000009c   Section       14  main.o(.data)
    state                                    0x2000009d   Data           1  main.o(.data)
    TempDataIndex                            0x2000009e   Data           1  main.o(.data)
    .data                                    0x200000aa   Section       16  stm32f4xx_rcc.o(.data)
    APBAHBPrescTable                         0x200000aa   Data          16  stm32f4xx_rcc.o(.data)
    .data                                    0x200000bc   Section        4  strtok.o(.data)
    state                                    0x200000bc   Data           4  strtok.o(.data)
    .data                                    0x200000c0   Section        4  stdout.o(.data)
    .data                                    0x200000c4   Section        4  mvars.o(.data)
    .data                                    0x200000c8   Section        4  mvars.o(.data)
    .data                                    0x200000cc   Section        4  errno.o(.data)
    _errno                                   0x200000cc   Data           4  errno.o(.data)
    .bss                                     0x200000d0   Section     1024  oled.o(.bss)
    .bss                                     0x200004d0   Section       16  oled_menu.o(.bss)
    .bss                                     0x200004e0   Section      192  key.o(.bss)
    key1                                     0x200004e0   Data          64  key.o(.bss)
    key2                                     0x20000520   Data          64  key.o(.bss)
    key3                                     0x20000560   Data          64  key.o(.bss)
    .bss                                     0x200005a0   Section      296  main.o(.bss)
    HEAP                                     0x200006c8   Section      512  startup_stm32f40_41xxx.o(HEAP)
    STACK                                    0x200008c8   Section     4096  startup_stm32f40_41xxx.o(STACK)

    Global Symbols

    Symbol Name                              Value     Ov Type        Size  Object(Section)

    BuildAttributes$$THM_ISAv4$E$P$D$K$B$S$7EM$VFPi3$EXTD16$VFPS$VFMA$PE$A:L22UL41UL21$X:L11$S22US41US21$IEEE1$IW$USESV6$~STKCKD$USESV7$~SHL$OTIME$ROPI$IEEEX$EBA8$MICROLIB$REQ8$PRES8$EABIv2 0x00000000   Number         0  anon$$obj.o ABSOLUTE
    __ARM_use_no_argv                        0x00000000   Number         0  main.o ABSOLUTE
    _printf_a                                0x00000000   Number         0  stubs.o ABSOLUTE
    _printf_c                                0x00000000   Number         0  stubs.o ABSOLUTE
    _printf_charcount                        0x00000000   Number         0  stubs.o ABSOLUTE
    _printf_d                                0x00000000   Number         0  stubs.o ABSOLUTE
    _printf_e                                0x00000000   Number         0  stubs.o ABSOLUTE
    _printf_f                                0x00000000   Number         0  stubs.o ABSOLUTE
    _printf_flags                            0x00000000   Number         0  stubs.o ABSOLUTE
    _printf_fp_dec                           0x00000000   Number         0  stubs.o ABSOLUTE
    _printf_fp_hex                           0x00000000   Number         0  stubs.o ABSOLUTE
    _printf_g                                0x00000000   Number         0  stubs.o ABSOLUTE
    _printf_i                                0x00000000   Number         0  stubs.o ABSOLUTE
    _printf_int_dec                          0x00000000   Number         0  stubs.o ABSOLUTE
    _printf_l                                0x00000000   Number         0  stubs.o ABSOLUTE
    _printf_lc                               0x00000000   Number         0  stubs.o ABSOLUTE
    _printf_ll                               0x00000000   Number         0  stubs.o ABSOLUTE
    _printf_lld                              0x00000000   Number         0  stubs.o ABSOLUTE
    _printf_lli                              0x00000000   Number         0  stubs.o ABSOLUTE
    _printf_llo                              0x00000000   Number         0  stubs.o ABSOLUTE
    _printf_llu                              0x00000000   Number         0  stubs.o ABSOLUTE
    _printf_llx                              0x00000000   Number         0  stubs.o ABSOLUTE
    _printf_longlong_dec                     0x00000000   Number         0  stubs.o ABSOLUTE
    _printf_longlong_hex                     0x00000000   Number         0  stubs.o ABSOLUTE
    _printf_longlong_oct                     0x00000000   Number         0  stubs.o ABSOLUTE
    _printf_ls                               0x00000000   Number         0  stubs.o ABSOLUTE
    _printf_mbtowc                           0x00000000   Number         0  stubs.o ABSOLUTE
    _printf_n                                0x00000000   Number         0  stubs.o ABSOLUTE
    _printf_o                                0x00000000   Number         0  stubs.o ABSOLUTE
    _printf_p                                0x00000000   Number         0  stubs.o ABSOLUTE
    _printf_percent                          0x00000000   Number         0  stubs.o ABSOLUTE
    _printf_pre_padding                      0x00000000   Number         0  stubs.o ABSOLUTE
    _printf_return_value                     0x00000000   Number         0  stubs.o ABSOLUTE
    _printf_s                                0x00000000   Number         0  stubs.o ABSOLUTE
    _printf_sizespec                         0x00000000   Number         0  stubs.o ABSOLUTE
    _printf_str                              0x00000000   Number         0  stubs.o ABSOLUTE
    _printf_truncate_signed                  0x00000000   Number         0  stubs.o ABSOLUTE
    _printf_truncate_unsigned                0x00000000   Number         0  stubs.o ABSOLUTE
    _printf_u                                0x00000000   Number         0  stubs.o ABSOLUTE
    _printf_wc                               0x00000000   Number         0  stubs.o ABSOLUTE
    _printf_wctomb                           0x00000000   Number         0  stubs.o ABSOLUTE
    _printf_widthprec                        0x00000000   Number         0  stubs.o ABSOLUTE
    _printf_x                                0x00000000   Number         0  stubs.o ABSOLUTE
    __arm_fini_                               - Undefined Weak Reference
    __cpp_initialize__aeabi_                  - Undefined Weak Reference
    __cxa_finalize                            - Undefined Weak Reference
    __decompress                              - Undefined Weak Reference
    _clock_init                               - Undefined Weak Reference
    _microlib_exit                            - Undefined Weak Reference
    __Vectors_Size                           0x00000188   Number         0  startup_stm32f40_41xxx.o ABSOLUTE
    __Vectors                                0x08000000   Data           4  startup_stm32f40_41xxx.o(RESET)
    __Vectors_End                            0x08000188   Data           0  startup_stm32f40_41xxx.o(RESET)
    __main                                   0x08000189   Thumb Code     0  entry.o(.ARM.Collect$$$$00000000)
    _main_stk                                0x08000189   Thumb Code     0  entry2.o(.ARM.Collect$$$$00000001)
    _main_scatterload                        0x0800018d   Thumb Code     0  entry5.o(.ARM.Collect$$$$00000004)
    __main_after_scatterload                 0x08000191   Thumb Code     0  entry5.o(.ARM.Collect$$$$00000004)
    _main_clock                              0x08000191   Thumb Code     0  entry7b.o(.ARM.Collect$$$$00000008)
    _main_cpp_init                           0x08000191   Thumb Code     0  entry8b.o(.ARM.Collect$$$$0000000A)
    _main_init                               0x08000191   Thumb Code     0  entry9a.o(.ARM.Collect$$$$0000000B)
    __rt_lib_shutdown_fini                   0x08000199   Thumb Code     0  entry12b.o(.ARM.Collect$$$$0000000E)
    __rt_final_cpp                           0x0800019d   Thumb Code     0  entry10a.o(.ARM.Collect$$$$0000000F)
    __rt_final_exit                          0x0800019d   Thumb Code     0  entry11a.o(.ARM.Collect$$$$00000011)
    Reset_Handler                            0x080001a1   Thumb Code     8  startup_stm32f40_41xxx.o(.text)
    ADC_IRQHandler                           0x080001bb   Thumb Code     0  startup_stm32f40_41xxx.o(.text)
    CAN1_RX0_IRQHandler                      0x080001bb   Thumb Code     0  startup_stm32f40_41xxx.o(.text)
    CAN1_RX1_IRQHandler                      0x080001bb   Thumb Code     0  startup_stm32f40_41xxx.o(.text)
    CAN1_SCE_IRQHandler                      0x080001bb   Thumb Code     0  startup_stm32f40_41xxx.o(.text)
    CAN1_TX_IRQHandler                       0x080001bb   Thumb Code     0  startup_stm32f40_41xxx.o(.text)
    CAN2_RX0_IRQHandler                      0x080001bb   Thumb Code     0  startup_stm32f40_41xxx.o(.text)
    CAN2_RX1_IRQHandler                      0x080001bb   Thumb Code     0  startup_stm32f40_41xxx.o(.text)
    CAN2_SCE_IRQHandler                      0x080001bb   Thumb Code     0  startup_stm32f40_41xxx.o(.text)
    CAN2_TX_IRQHandler                       0x080001bb   Thumb Code     0  startup_stm32f40_41xxx.o(.text)
    CRYP_IRQHandler                          0x080001bb   Thumb Code     0  startup_stm32f40_41xxx.o(.text)
    DCMI_IRQHandler                          0x080001bb   Thumb Code     0  startup_stm32f40_41xxx.o(.text)
    DMA1_Stream0_IRQHandler                  0x080001bb   Thumb Code     0  startup_stm32f40_41xxx.o(.text)
    DMA1_Stream1_IRQHandler                  0x080001bb   Thumb Code     0  startup_stm32f40_41xxx.o(.text)
    DMA1_Stream2_IRQHandler                  0x080001bb   Thumb Code     0  startup_stm32f40_41xxx.o(.text)
    DMA1_Stream3_IRQHandler                  0x080001bb   Thumb Code     0  startup_stm32f40_41xxx.o(.text)
    DMA1_Stream4_IRQHandler                  0x080001bb   Thumb Code     0  startup_stm32f40_41xxx.o(.text)
    DMA1_Stream5_IRQHandler                  0x080001bb   Thumb Code     0  startup_stm32f40_41xxx.o(.text)
    DMA1_Stream6_IRQHandler                  0x080001bb   Thumb Code     0  startup_stm32f40_41xxx.o(.text)
    DMA1_Stream7_IRQHandler                  0x080001bb   Thumb Code     0  startup_stm32f40_41xxx.o(.text)
    DMA2_Stream0_IRQHandler                  0x080001bb   Thumb Code     0  startup_stm32f40_41xxx.o(.text)
    DMA2_Stream1_IRQHandler                  0x080001bb   Thumb Code     0  startup_stm32f40_41xxx.o(.text)
    DMA2_Stream2_IRQHandler                  0x080001bb   Thumb Code     0  startup_stm32f40_41xxx.o(.text)
    DMA2_Stream3_IRQHandler                  0x080001bb   Thumb Code     0  startup_stm32f40_41xxx.o(.text)
    DMA2_Stream4_IRQHandler                  0x080001bb   Thumb Code     0  startup_stm32f40_41xxx.o(.text)
    DMA2_Stream5_IRQHandler                  0x080001bb   Thumb Code     0  startup_stm32f40_41xxx.o(.text)
    DMA2_Stream6_IRQHandler                  0x080001bb   Thumb Code     0  startup_stm32f40_41xxx.o(.text)
    DMA2_Stream7_IRQHandler                  0x080001bb   Thumb Code     0  startup_stm32f40_41xxx.o(.text)
    ETH_IRQHandler                           0x080001bb   Thumb Code     0  startup_stm32f40_41xxx.o(.text)
    ETH_WKUP_IRQHandler                      0x080001bb   Thumb Code     0  startup_stm32f40_41xxx.o(.text)
    EXTI0_IRQHandler                         0x080001bb   Thumb Code     0  startup_stm32f40_41xxx.o(.text)
    EXTI15_10_IRQHandler                     0x080001bb   Thumb Code     0  startup_stm32f40_41xxx.o(.text)
    EXTI1_IRQHandler                         0x080001bb   Thumb Code     0  startup_stm32f40_41xxx.o(.text)
    EXTI2_IRQHandler                         0x080001bb   Thumb Code     0  startup_stm32f40_41xxx.o(.text)
    EXTI3_IRQHandler                         0x080001bb   Thumb Code     0  startup_stm32f40_41xxx.o(.text)
    EXTI4_IRQHandler                         0x080001bb   Thumb Code     0  startup_stm32f40_41xxx.o(.text)
    EXTI9_5_IRQHandler                       0x080001bb   Thumb Code     0  startup_stm32f40_41xxx.o(.text)
    FLASH_IRQHandler                         0x080001bb   Thumb Code     0  startup_stm32f40_41xxx.o(.text)
    FPU_IRQHandler                           0x080001bb   Thumb Code     0  startup_stm32f40_41xxx.o(.text)
    FSMC_IRQHandler                          0x080001bb   Thumb Code     0  startup_stm32f40_41xxx.o(.text)
    HASH_RNG_IRQHandler                      0x080001bb   Thumb Code     0  startup_stm32f40_41xxx.o(.text)
    I2C1_ER_IRQHandler                       0x080001bb   Thumb Code     0  startup_stm32f40_41xxx.o(.text)
    I2C1_EV_IRQHandler                       0x080001bb   Thumb Code     0  startup_stm32f40_41xxx.o(.text)
    I2C2_ER_IRQHandler                       0x080001bb   Thumb Code     0  startup_stm32f40_41xxx.o(.text)
    I2C2_EV_IRQHandler                       0x080001bb   Thumb Code     0  startup_stm32f40_41xxx.o(.text)
    I2C3_ER_IRQHandler                       0x080001bb   Thumb Code     0  startup_stm32f40_41xxx.o(.text)
    I2C3_EV_IRQHandler                       0x080001bb   Thumb Code     0  startup_stm32f40_41xxx.o(.text)
    OTG_FS_IRQHandler                        0x080001bb   Thumb Code     0  startup_stm32f40_41xxx.o(.text)
    OTG_FS_WKUP_IRQHandler                   0x080001bb   Thumb Code     0  startup_stm32f40_41xxx.o(.text)
    OTG_HS_EP1_IN_IRQHandler                 0x080001bb   Thumb Code     0  startup_stm32f40_41xxx.o(.text)
    OTG_HS_EP1_OUT_IRQHandler                0x080001bb   Thumb Code     0  startup_stm32f40_41xxx.o(.text)
    OTG_HS_IRQHandler                        0x080001bb   Thumb Code     0  startup_stm32f40_41xxx.o(.text)
    OTG_HS_WKUP_IRQHandler                   0x080001bb   Thumb Code     0  startup_stm32f40_41xxx.o(.text)
    PVD_IRQHandler                           0x080001bb   Thumb Code     0  startup_stm32f40_41xxx.o(.text)
    RCC_IRQHandler                           0x080001bb   Thumb Code     0  startup_stm32f40_41xxx.o(.text)
    SDIO_IRQHandler                          0x080001bb   Thumb Code     0  startup_stm32f40_41xxx.o(.text)
    SPI1_IRQHandler                          0x080001bb   Thumb Code     0  startup_stm32f40_41xxx.o(.text)
    SPI2_IRQHandler                          0x080001bb   Thumb Code     0  startup_stm32f40_41xxx.o(.text)
    SPI3_IRQHandler                          0x080001bb   Thumb Code     0  startup_stm32f40_41xxx.o(.text)
    TAMP_STAMP_IRQHandler                    0x080001bb   Thumb Code     0  startup_stm32f40_41xxx.o(.text)
    TIM1_BRK_TIM9_IRQHandler                 0x080001bb   Thumb Code     0  startup_stm32f40_41xxx.o(.text)
    TIM1_CC_IRQHandler                       0x080001bb   Thumb Code     0  startup_stm32f40_41xxx.o(.text)
    TIM1_TRG_COM_TIM11_IRQHandler            0x080001bb   Thumb Code     0  startup_stm32f40_41xxx.o(.text)
    TIM1_UP_TIM10_IRQHandler                 0x080001bb   Thumb Code     0  startup_stm32f40_41xxx.o(.text)
    TIM2_IRQHandler                          0x080001bb   Thumb Code     0  startup_stm32f40_41xxx.o(.text)
    TIM4_IRQHandler                          0x080001bb   Thumb Code     0  startup_stm32f40_41xxx.o(.text)
    TIM5_IRQHandler                          0x080001bb   Thumb Code     0  startup_stm32f40_41xxx.o(.text)
    TIM7_IRQHandler                          0x080001bb   Thumb Code     0  startup_stm32f40_41xxx.o(.text)
    TIM8_BRK_TIM12_IRQHandler                0x080001bb   Thumb Code     0  startup_stm32f40_41xxx.o(.text)
    TIM8_CC_IRQHandler                       0x080001bb   Thumb Code     0  startup_stm32f40_41xxx.o(.text)
    TIM8_TRG_COM_TIM14_IRQHandler            0x080001bb   Thumb Code     0  startup_stm32f40_41xxx.o(.text)
    TIM8_UP_TIM13_IRQHandler                 0x080001bb   Thumb Code     0  startup_stm32f40_41xxx.o(.text)
    UART4_IRQHandler                         0x080001bb   Thumb Code     0  startup_stm32f40_41xxx.o(.text)
    UART5_IRQHandler                         0x080001bb   Thumb Code     0  startup_stm32f40_41xxx.o(.text)
    USART1_IRQHandler                        0x080001bb   Thumb Code     0  startup_stm32f40_41xxx.o(.text)
    USART3_IRQHandler                        0x080001bb   Thumb Code     0  startup_stm32f40_41xxx.o(.text)
    USART6_IRQHandler                        0x080001bb   Thumb Code     0  startup_stm32f40_41xxx.o(.text)
    WWDG_IRQHandler                          0x080001bb   Thumb Code     0  startup_stm32f40_41xxx.o(.text)
    __aeabi_memcpy                           0x080001c5   Thumb Code    36  memcpya.o(.text)
    __aeabi_memcpy4                          0x080001c5   Thumb Code     0  memcpya.o(.text)
    __aeabi_memcpy8                          0x080001c5   Thumb Code     0  memcpya.o(.text)
    __aeabi_memset                           0x080001e9   Thumb Code    14  memseta.o(.text)
    __aeabi_memset4                          0x080001e9   Thumb Code     0  memseta.o(.text)
    __aeabi_memset8                          0x080001e9   Thumb Code     0  memseta.o(.text)
    __aeabi_memclr                           0x080001f7   Thumb Code     4  memseta.o(.text)
    __aeabi_memclr4                          0x080001f7   Thumb Code     0  memseta.o(.text)
    __aeabi_memclr8                          0x080001f7   Thumb Code     0  memseta.o(.text)
    _memset$wrapper                          0x080001fb   Thumb Code    18  memseta.o(.text)
    strncpy                                  0x0800020d   Thumb Code    24  strncpy.o(.text)
    strncmp                                  0x08000225   Thumb Code    30  strncmp.o(.text)
    strtok                                   0x08000245   Thumb Code    62  strtok.o(.text)
    atoi                                     0x08000289   Thumb Code    26  atoi.o(.text)
    __aeabi_dadd                             0x080002a3   Thumb Code   322  dadd.o(.text)
    __aeabi_dsub                             0x080003e5   Thumb Code     6  dadd.o(.text)
    __aeabi_drsub                            0x080003eb   Thumb Code     6  dadd.o(.text)
    __aeabi_dmul                             0x080003f1   Thumb Code   228  dmul.o(.text)
    __aeabi_ddiv                             0x080004d5   Thumb Code   222  ddiv.o(.text)
    __aeabi_ui2d                             0x080005b3   Thumb Code    26  dfltui.o(.text)
    __aeabi_cdrcmple                         0x080005cd   Thumb Code    48  cdrcmple.o(.text)
    __aeabi_d2f                              0x080005fd   Thumb Code    56  d2f.o(.text)
    __aeabi_uidiv                            0x08000635   Thumb Code     0  uidiv.o(.text)
    __aeabi_uidivmod                         0x08000635   Thumb Code    44  uidiv.o(.text)
    __aeabi_uldivmod                         0x08000661   Thumb Code    98  uldiv.o(.text)
    __aeabi_llsl                             0x080006c3   Thumb Code    30  llshl.o(.text)
    _ll_shift_l                              0x080006c3   Thumb Code     0  llshl.o(.text)
    __aeabi_llsr                             0x080006e1   Thumb Code    32  llushr.o(.text)
    _ll_ushift_r                             0x080006e1   Thumb Code     0  llushr.o(.text)
    __aeabi_lasr                             0x08000701   Thumb Code    36  llsshr.o(.text)
    _ll_sshift_r                             0x08000701   Thumb Code     0  llsshr.o(.text)
    strtol                                   0x08000725   Thumb Code   112  strtol.o(.text)
    __I$use$fp                               0x08000795   Thumb Code     0  iusefp.o(.text)
    _float_round                             0x08000795   Thumb Code    18  fepilogue.o(.text)
    _float_epilogue                          0x080007a7   Thumb Code    92  fepilogue.o(.text)
    _double_round                            0x08000803   Thumb Code    30  depilogue.o(.text)
    _double_epilogue                         0x08000821   Thumb Code   156  depilogue.o(.text)
    __aeabi_d2ulz                            0x080008bd   Thumb Code    48  dfixul.o(.text)
    __scatterload                            0x080008ed   Thumb Code    28  init.o(.text)
    __scatterload_rt2                        0x080008ed   Thumb Code     0  init.o(.text)
    __rt_ctype_table                         0x08000911   Thumb Code     4  ctype_o.o(.text)
    _strtoul                                 0x08000919   Thumb Code   158  _strtoul.o(.text)
    _chval                                   0x080009b7   Thumb Code    28  _chval.o(.text)
    BASE_Timer_Init                          0x080009d5   Thumb Code    86  base_timer.o(i.BASE_Timer_Init)
    BLE_Modify_Time                          0x08000a31   Thumb Code   110  rtc.o(i.BLE_Modify_Time)
    BusFault_Handler                         0x08000abd   Thumb Code     2  stm32f4xx_it.o(i.BusFault_Handler)
    Button_Init                              0x08000ac1   Thumb Code    74  key.o(i.Button_Init)
    DebugMon_Handler                         0x08000b15   Thumb Code     2  stm32f4xx_it.o(i.DebugMon_Handler)
    Delay_ms                                 0x08000b17   Thumb Code    38  delay.o(i.Delay_ms)
    Delay_us                                 0x08000b3d   Thumb Code    36  delay.o(i.Delay_us)
    EXTI_ClearITPendingBit                   0x08000b61   Thumb Code     6  stm32f4xx_exti.o(i.EXTI_ClearITPendingBit)
    FLASH_ClearFlag                          0x08000b6d   Thumb Code     6  stm32f4xx_flash.o(i.FLASH_ClearFlag)
    FLASH_EraseSector                        0x08000b79   Thumb Code   106  stm32f4xx_flash.o(i.FLASH_EraseSector)
    FLASH_GetStatus                          0x08000be9   Thumb Code    56  stm32f4xx_flash.o(i.FLASH_GetStatus)
    FLASH_Lock                               0x08000c25   Thumb Code    12  stm32f4xx_flash.o(i.FLASH_Lock)
    FLASH_ProgramWord                        0x08000c35   Thumb Code    56  stm32f4xx_flash.o(i.FLASH_ProgramWord)
    FLASH_Unlock                             0x08000c71   Thumb Code    22  stm32f4xx_flash.o(i.FLASH_Unlock)
    FLASH_WaitForLastOperation               0x08000c95   Thumb Code    34  stm32f4xx_flash.o(i.FLASH_WaitForLastOperation)
    GPIO_Init                                0x08000cb7   Thumb Code   124  stm32f4xx_gpio.o(i.GPIO_Init)
    GPIO_PinAFConfig                         0x08000d33   Thumb Code    32  stm32f4xx_gpio.o(i.GPIO_PinAFConfig)
    GPIO_ReadInputDataBit                    0x08000d53   Thumb Code    14  stm32f4xx_gpio.o(i.GPIO_ReadInputDataBit)
    GPIO_ToggleBits                          0x08000d61   Thumb Code     8  stm32f4xx_gpio.o(i.GPIO_ToggleBits)
    GPIO_WriteBit                            0x08000d69   Thumb Code    14  stm32f4xx_gpio.o(i.GPIO_WriteBit)
    GetSector                                0x08000d79   Thumb Code   106  flash.o(i.GetSector)
    Get_Button_Status                        0x08000e01   Thumb Code    16  key.o(i.Get_Button_Status)
    Get_Kernal_Tempature                     0x08000e19   Thumb Code   130  adc.o(i.Get_Kernal_Tempature)
    HardFault_Handler                        0x08000ecd   Thumb Code     2  stm32f4xx_it.o(i.HardFault_Handler)
    I2C_AcknowledgeConfig                    0x08000ecf   Thumb Code    24  stm32f4xx_i2c.o(i.I2C_AcknowledgeConfig)
    I2C_CheckEvent                           0x08000ee7   Thumb Code    42  stm32f4xx_i2c.o(i.I2C_CheckEvent)
    I2C_Cmd                                  0x08000f11   Thumb Code    24  stm32f4xx_i2c.o(i.I2C_Cmd)
    I2C_GenerateSTART                        0x08000f29   Thumb Code    24  stm32f4xx_i2c.o(i.I2C_GenerateSTART)
    I2C_GenerateSTOP                         0x08000f41   Thumb Code    24  stm32f4xx_i2c.o(i.I2C_GenerateSTOP)
    I2C_Init                                 0x08000f59   Thumb Code   178  stm32f4xx_i2c.o(i.I2C_Init)
    I2C_Send7bitAddress                      0x08001015   Thumb Code    18  stm32f4xx_i2c.o(i.I2C_Send7bitAddress)
    I2C_SendData                             0x08001027   Thumb Code     4  stm32f4xx_i2c.o(i.I2C_SendData)
    InternalFlash_Erase                      0x0800102b   Thumb Code    38  flash.o(i.InternalFlash_Erase)
    InternalFlash_Read                       0x08001051   Thumb Code    30  flash.o(i.InternalFlash_Read)
    InternalFlash_WaitForEnd                 0x0800106f   Thumb Code    12  flash.o(i.InternalFlash_WaitForEnd)
    InternalFlash_Write                      0x0800107b   Thumb Code    62  flash.o(i.InternalFlash_Write)
    Item1_Callback                           0x080010b9   Thumb Code    30  oled_menu.o(i.Item1_Callback)
    Item2_Callback                           0x080010dd   Thumb Code    24  oled_menu.o(i.Item2_Callback)
    Item3_Callback                           0x080010f9   Thumb Code     2  oled_menu.o(i.Item3_Callback)
    Item4_Callback                           0x080010fb   Thumb Code     2  oled_menu.o(i.Item4_Callback)
    Item5_Callback                           0x080010fd   Thumb Code     2  oled_menu.o(i.Item5_Callback)
    JI2CXX_WaitEvent                         0x08001101   Thumb Code    40  jack_i2c.o(i.JI2CXX_WaitEvent)
    JI2C_Delay                               0x0800112d   Thumb Code     6  jack_i2c.o(i.JI2C_Delay)
    JI2C_GPIO_Init                           0x08001135   Thumb Code   274  jack_i2c.o(i.JI2C_GPIO_Init)
    JI2C_Init                                0x08001251   Thumb Code   116  jack_i2c.o(i.JI2C_Init)
    JI2C_SendByte                            0x080012cd   Thumb Code   228  jack_i2c.o(i.JI2C_SendByte)
    JI2C_Start                               0x080013b5   Thumb Code   134  jack_i2c.o(i.JI2C_Start)
    JI2C_Stop                                0x08001441   Thumb Code   136  jack_i2c.o(i.JI2C_Stop)
    JI2C_WaitAck                             0x080014cd   Thumb Code   146  jack_i2c.o(i.JI2C_WaitAck)
    LED_Init                                 0x08001565   Thumb Code    62  led.o(i.LED_Init)
    LED_Toggle                               0x080015ad   Thumb Code    16  led.o(i.LED_Toggle)
    MY_Menu_Init                             0x080015c5   Thumb Code    52  oled_menu.o(i.MY_Menu_Init)
    MemManage_Handler                        0x08001601   Thumb Code     2  stm32f4xx_it.o(i.MemManage_Handler)
    Menu_Image_Display                       0x08001605   Thumb Code   288  oled_menu.o(i.Menu_Image_Display)
    Menu_Input                               0x08001739   Thumb Code    66  oled_menu.o(i.Menu_Input)
    Menu_Mode_Change                         0x08001785   Thumb Code     8  oled_menu.o(i.Menu_Mode_Change)
    Menu_Return                              0x08001791   Thumb Code    66  oled_menu.o(i.Menu_Return)
    Menu_Switch                              0x080017dd   Thumb Code   146  oled_menu.o(i.Menu_Switch)
    NMI_Handler                              0x08001875   Thumb Code     2  stm32f4xx_it.o(i.NMI_Handler)
    NVIC_Init                                0x08001879   Thumb Code    98  misc.o(i.NVIC_Init)
    NVIC_PriorityGroupConfig                 0x080018e1   Thumb Code    10  misc.o(i.NVIC_PriorityGroupConfig)
    OLED_Clear                               0x080018f5   Thumb Code    34  oled.o(i.OLED_Clear)
    OLED_ClearArea                           0x0800191d   Thumb Code    88  oled.o(i.OLED_ClearArea)
    OLED_Init                                0x08001979   Thumb Code   252  oled.o(i.OLED_Init)
    OLED_SetCursor                           0x08001a75   Thumb Code    50  oled.o(i.OLED_SetCursor)
    OLED_ShowImage                           0x08001aa9   Thumb Code   176  oled.o(i.OLED_ShowImage)
    OLED_Update                              0x08001b5d   Thumb Code    50  oled.o(i.OLED_Update)
    OLED_WriteCommand                        0x08001b95   Thumb Code   162  oled.o(i.OLED_WriteCommand)
    OLED_WriteData                           0x08001c45   Thumb Code   192  oled.o(i.OLED_WriteData)
    PendSV_Handler                           0x08001d11   Thumb Code     2  stm32f4xx_it.o(i.PendSV_Handler)
    RCC_AHB1PeriphClockCmd                   0x08001d15   Thumb Code    22  stm32f4xx_rcc.o(i.RCC_AHB1PeriphClockCmd)
    RCC_APB1PeriphClockCmd                   0x08001d31   Thumb Code    22  stm32f4xx_rcc.o(i.RCC_APB1PeriphClockCmd)
    RCC_APB2PeriphClockCmd                   0x08001d4d   Thumb Code    22  stm32f4xx_rcc.o(i.RCC_APB2PeriphClockCmd)
    RCC_GetClocksFreq                        0x08001d69   Thumb Code   148  stm32f4xx_rcc.o(i.RCC_GetClocksFreq)
    RTC_AlarmCmd                             0x08001e09   Thumb Code    88  stm32f4xx_rtc.o(i.RTC_AlarmCmd)
    RTC_Alarm_IRQHandler                     0x08001e65   Thumb Code    36  main.o(i.RTC_Alarm_IRQHandler)
    RTC_ClearITPendingBit                    0x08001ec5   Thumb Code    24  stm32f4xx_rtc.o(i.RTC_ClearITPendingBit)
    RTC_GetITStatus                          0x08001ee1   Thumb Code    58  stm32f4xx_rtc.o(i.RTC_GetITStatus)
    RTC_SetAlarm                             0x08001f21   Thumb Code   184  stm32f4xx_rtc.o(i.RTC_SetAlarm)
    RTC_WKUP_IRQHandler                      0x08001fdd   Thumb Code    40  main.o(i.RTC_WKUP_IRQHandler)
    RTC_WriteBackupRegister                  0x08002009   Thumb Code    16  stm32f4xx_rtc.o(i.RTC_WriteBackupRegister)
    SVC_Handler                              0x0800201d   Thumb Code     2  stm32f4xx_it.o(i.SVC_Handler)
    SetRTCAlarm                              0x0800201f   Thumb Code    56  rtc.o(i.SetRTCAlarm)
    Sub1_Callback                            0x08002111   Thumb Code     2  oled_menu.o(i.Sub1_Callback)
    Sub2_Callback                            0x08002113   Thumb Code     2  oled_menu.o(i.Sub2_Callback)
    Sub3_Callback                            0x08002115   Thumb Code     2  oled_menu.o(i.Sub3_Callback)
    Sub4_Callback                            0x08002117   Thumb Code     2  oled_menu.o(i.Sub4_Callback)
    Sub5_Callback                            0x08002119   Thumb Code     2  oled_menu.o(i.Sub5_Callback)
    SysTick_CLKSourceConfig                  0x0800211b   Thumb Code    28  misc.o(i.SysTick_CLKSourceConfig)
    SysTick_Handler                          0x08002137   Thumb Code     2  stm32f4xx_it.o(i.SysTick_Handler)
    SystemInit                               0x08002139   Thumb Code    74  system_stm32f4xx.o(i.SystemInit)
    System_Tick_Init                         0x08002195   Thumb Code     8  delay.o(i.System_Tick_Init)
    TIM3_IRQHandler                          0x0800219d   Thumb Code   182  main.o(i.TIM3_IRQHandler)
    TIM6_DAC_IRQHandler                      0x0800225d   Thumb Code    34  main.o(i.TIM6_DAC_IRQHandler)
    TIM_ClearITPendingBit                    0x08002285   Thumb Code     6  stm32f4xx_tim.o(i.TIM_ClearITPendingBit)
    TIM_Cmd                                  0x0800228b   Thumb Code    24  stm32f4xx_tim.o(i.TIM_Cmd)
    TIM_GetCapture1                          0x080022a3   Thumb Code     4  stm32f4xx_tim.o(i.TIM_GetCapture1)
    TIM_GetITStatus                          0x080022a7   Thumb Code    24  stm32f4xx_tim.o(i.TIM_GetITStatus)
    TIM_ITConfig                             0x080022bf   Thumb Code    20  stm32f4xx_tim.o(i.TIM_ITConfig)
    TIM_OC1PolarityConfig                    0x080022d3   Thumb Code    12  stm32f4xx_tim.o(i.TIM_OC1PolarityConfig)
    TIM_SetCounter                           0x080022df   Thumb Code     4  stm32f4xx_tim.o(i.TIM_SetCounter)
    TIM_TimeBaseInit                         0x080022e5   Thumb Code    96  stm32f4xx_tim.o(i.TIM_TimeBaseInit)
    TimeBaseClearFlag                        0x08002361   Thumb Code    14  base_timer.o(i.TimeBaseClearFlag)
    TimeBaseGetFlag                          0x08002375   Thumb Code    12  base_timer.o(i.TimeBaseGetFlag)
    TimeBaseSetFlag                          0x08002385   Thumb Code    14  base_timer.o(i.TimeBaseSetFlag)
    TimeBaseUpdata                           0x08002399   Thumb Code    66  base_timer.o(i.TimeBaseUpdata)
    UARTx_Init                               0x080023e5   Thumb Code   296  uart.o(i.UARTx_Init)
    USART2_IRQHandler                        0x08002515   Thumb Code    98  main.o(i.USART2_IRQHandler)
    USART_ClearITPendingBit                  0x08002585   Thumb Code    16  stm32f4xx_usart.o(i.USART_ClearITPendingBit)
    USART_Cmd                                0x08002595   Thumb Code    24  stm32f4xx_usart.o(i.USART_Cmd)
    USART_GetFlagStatus                      0x080025ad   Thumb Code    14  stm32f4xx_usart.o(i.USART_GetFlagStatus)
    USART_GetITStatus                        0x080025bb   Thumb Code    64  stm32f4xx_usart.o(i.USART_GetITStatus)
    USART_ITConfig                           0x080025fb   Thumb Code    54  stm32f4xx_usart.o(i.USART_ITConfig)
    USART_Init                               0x08002631   Thumb Code   180  stm32f4xx_usart.o(i.USART_Init)
    USART_ReceiveData                        0x080026ed   Thumb Code     8  stm32f4xx_usart.o(i.USART_ReceiveData)
    USART_SendData                           0x080026f5   Thumb Code     8  stm32f4xx_usart.o(i.USART_SendData)
    UsageFault_Handler                       0x080026fd   Thumb Code     2  stm32f4xx_it.o(i.UsageFault_Handler)
    __0printf                                0x08002701   Thumb Code    22  printfa.o(i.__0printf)
    __1printf                                0x08002701   Thumb Code     0  printfa.o(i.__0printf)
    __2printf                                0x08002701   Thumb Code     0  printfa.o(i.__0printf)
    __c89printf                              0x08002701   Thumb Code     0  printfa.o(i.__0printf)
    printf                                   0x08002701   Thumb Code     0  printfa.o(i.__0printf)
    __aeabi_errno_addr                       0x08002721   Thumb Code     4  errno.o(i.__aeabi_errno_addr)
    __rt_errno_addr                          0x08002721   Thumb Code     0  errno.o(i.__aeabi_errno_addr)
    __scatterload_copy                       0x08002729   Thumb Code    14  handlers.o(i.__scatterload_copy)
    __scatterload_null                       0x08002737   Thumb Code     2  handlers.o(i.__scatterload_null)
    __scatterload_zeroinit                   0x08002739   Thumb Code    14  handlers.o(i.__scatterload_zeroinit)
    button_attach                            0x08002fe5   Thumb Code    12  button.o(i.button_attach)
    button_create                            0x08002ff1   Thumb Code   104  button.o(i.button_create)
    button_process                           0x08003145   Thumb Code    22  button.o(i.button_process)
    fputc                                    0x08003161   Thumb Code    30  uart.o(i.fputc)
    free                                     0x08003185   Thumb Code    76  malloc.o(i.free)
    key_setup                                0x08003455   Thumb Code   148  key.o(i.key_setup)
    main                                     0x08003515   Thumb Code   238  main.o(i.main)
    malloc                                   0x08003629   Thumb Code    92  malloc.o(i.malloc)
    book                                     0x08003694   Data         512  oled_data.o(.constdata)
    chess                                    0x08003894   Data         512  oled_data.o(.constdata)
    tool                                     0x08003a94   Data         512  oled_data.o(.constdata)
    ear                                      0x08003c94   Data         512  oled_data.o(.constdata)
    badminton                                0x08003e94   Data         512  oled_data.o(.constdata)
    brush                                    0x08004094   Data         512  oled_data.o(.constdata)
    caravan                                  0x08004294   Data         512  oled_data.o(.constdata)
    fish                                     0x08004494   Data         512  oled_data.o(.constdata)
    game                                     0x08004694   Data         512  oled_data.o(.constdata)
    music                                    0x08004894   Data         512  oled_data.o(.constdata)
    shopping                                 0x08004a94   Data         512  oled_data.o(.constdata)
    telephone                                0x08004c94   Data         512  oled_data.o(.constdata)
    telescope                                0x08004e94   Data         512  oled_data.o(.constdata)
    right                                    0x08005094   Data         128  oled_data.o(.constdata)
    left                                     0x08005114   Data         128  oled_data.o(.constdata)
    GPIO_PIN                                 0x080051ec   Data           2  led.o(.constdata)
    GPIOx_AF                                 0x080051ee   Data           2  uart.o(.constdata)
    NVIC_UARTx_IRQ                           0x080051f0   Data           2  uart.o(.constdata)
    NVIC_UARTx_Pre                           0x080051f2   Data           2  uart.o(.constdata)
    NVIC_UARTx_Sub                           0x080051f4   Data           2  uart.o(.constdata)
    BUTTON_GPIO_PIN                          0x080051f6   Data           6  key.o(.constdata)
    __ctype_table                            0x080051fc   Data         129  ctype_o.o(.constdata)
    Region$$Table$$Base                      0x080052d4   Number         0  anon$$obj.o(Region$$Table)
    Region$$Table$$Limit                     0x080052f4   Number         0  anon$$obj.o(Region$$Table)
    prev_menu                                0x20000008   Data           8  oled_menu.o(.data)
    menu_item                                0x20000010   Data          40  oled_menu.o(.data)
    second_menu_item                         0x20000038   Data          40  oled_menu.o(.data)
    GPIO_PORT                                0x20000068   Data           4  led.o(.data)
    UARTx_GPIO_PORT                          0x20000070   Data           8  uart.o(.data)
    USARTx                                   0x20000078   Data           8  uart.o(.data)
    I2C_GPIO_PORT                            0x20000080   Data           8  jack_i2c.o(.data)
    JI2X                                     0x20000088   Data           8  jack_i2c.o(.data)
    BUTTON_GPIO_PORT                         0x20000090   Data          12  key.o(.data)
    RTC_WKUP_Flag                            0x2000009c   Data           1  main.o(.data)
    Gtimer3Input                             0x200000a0   Data           4  main.o(.data)
    My_Flash                                 0x200000a4   Data           6  main.o(.data)
    __stdout                                 0x200000c0   Data           4  stdout.o(.data)
    __microlib_freelist                      0x200000c4   Data           4  mvars.o(.data)
    __microlib_freelist_initialised          0x200000c8   Data           4  mvars.o(.data)
    OLED_DisplayBuf                          0x200000d0   Data        1024  oled.o(.bss)
    menu                                     0x200004d0   Data          16  oled_menu.o(.bss)
    ADC_Temp                                 0x200005a0   Data          12  main.o(.bss)
    RTC_AlarmStructure                       0x200005ac   Data          16  main.o(.bss)
    RTC_SetTime1                             0x200005bc   Data          12  main.o(.bss)
    UartBLEReceive                           0x200005c8   Data         256  main.o(.bss)
    __heap_base                              0x200006c8   Data           0  startup_stm32f40_41xxx.o(HEAP)
    __heap_limit                             0x200008c8   Data           0  startup_stm32f40_41xxx.o(HEAP)
    __initial_sp                             0x200018c8   Data           0  startup_stm32f40_41xxx.o(STACK)



==============================================================================

Memory Map of the image

  Image Entry point : 0x08000189

  Load Region LR_IROM1 (Base: 0x08000000, Size: 0x000053c4, Max: 0x00080000, ABSOLUTE)

    Execution Region ER_IROM1 (Exec base: 0x08000000, Load base: 0x08000000, Size: 0x000052f4, Max: 0x00080000, ABSOLUTE)

    Exec Addr    Load Addr    Size         Type   Attr      Idx    E Section Name        Object

    0x08000000   0x08000000   0x00000188   Data   RO         2090    RESET               startup_stm32f40_41xxx.o
    0x08000188   0x08000188   0x00000000   Code   RO         5196  * .ARM.Collect$$$$00000000  mc_w.l(entry.o)
    0x08000188   0x08000188   0x00000004   Code   RO         5567    .ARM.Collect$$$$00000001  mc_w.l(entry2.o)
    0x0800018c   0x0800018c   0x00000004   Code   RO         5570    .ARM.Collect$$$$00000004  mc_w.l(entry5.o)
    0x08000190   0x08000190   0x00000000   Code   RO         5572    .ARM.Collect$$$$00000008  mc_w.l(entry7b.o)
    0x08000190   0x08000190   0x00000000   Code   RO         5574    .ARM.Collect$$$$0000000A  mc_w.l(entry8b.o)
    0x08000190   0x08000190   0x00000008   Code   RO         5575    .ARM.Collect$$$$0000000B  mc_w.l(entry9a.o)
    0x08000198   0x08000198   0x00000004   Code   RO         5582    .ARM.Collect$$$$0000000E  mc_w.l(entry12b.o)
    0x0800019c   0x0800019c   0x00000000   Code   RO         5577    .ARM.Collect$$$$0000000F  mc_w.l(entry10a.o)
    0x0800019c   0x0800019c   0x00000000   Code   RO         5579    .ARM.Collect$$$$00000011  mc_w.l(entry11a.o)
    0x0800019c   0x0800019c   0x00000004   Code   RO         5568    .ARM.Collect$$$$00002712  mc_w.l(entry2.o)
    0x080001a0   0x080001a0   0x00000024   Code   RO         2091    .text               startup_stm32f40_41xxx.o
    0x080001c4   0x080001c4   0x00000024   Code   RO         5199    .text               mc_w.l(memcpya.o)
    0x080001e8   0x080001e8   0x00000024   Code   RO         5201    .text               mc_w.l(memseta.o)
    0x0800020c   0x0800020c   0x00000018   Code   RO         5203    .text               mc_w.l(strncpy.o)
    0x08000224   0x08000224   0x0000001e   Code   RO         5207    .text               mc_w.l(strncmp.o)
    0x08000242   0x08000242   0x00000002   PAD
    0x08000244   0x08000244   0x00000044   Code   RO         5209    .text               mc_w.l(strtok.o)
    0x08000288   0x08000288   0x0000001a   Code   RO         5506    .text               mc_w.l(atoi.o)
    0x080002a2   0x080002a2   0x0000014e   Code   RO         5508    .text               mf_w.l(dadd.o)
    0x080003f0   0x080003f0   0x000000e4   Code   RO         5510    .text               mf_w.l(dmul.o)
    0x080004d4   0x080004d4   0x000000de   Code   RO         5512    .text               mf_w.l(ddiv.o)
    0x080005b2   0x080005b2   0x0000001a   Code   RO         5518    .text               mf_w.l(dfltui.o)
    0x080005cc   0x080005cc   0x00000030   Code   RO         5528    .text               mf_w.l(cdrcmple.o)
    0x080005fc   0x080005fc   0x00000038   Code   RO         5530    .text               mf_w.l(d2f.o)
    0x08000634   0x08000634   0x0000002c   Code   RO         5584    .text               mc_w.l(uidiv.o)
    0x08000660   0x08000660   0x00000062   Code   RO         5586    .text               mc_w.l(uldiv.o)
    0x080006c2   0x080006c2   0x0000001e   Code   RO         5588    .text               mc_w.l(llshl.o)
    0x080006e0   0x080006e0   0x00000020   Code   RO         5590    .text               mc_w.l(llushr.o)
    0x08000700   0x08000700   0x00000024   Code   RO         5592    .text               mc_w.l(llsshr.o)
    0x08000724   0x08000724   0x00000070   Code   RO         5603    .text               mc_w.l(strtol.o)
    0x08000794   0x08000794   0x00000000   Code   RO         5605    .text               mc_w.l(iusefp.o)
    0x08000794   0x08000794   0x0000006e   Code   RO         5606    .text               mf_w.l(fepilogue.o)
    0x08000802   0x08000802   0x000000ba   Code   RO         5608    .text               mf_w.l(depilogue.o)
    0x080008bc   0x080008bc   0x00000030   Code   RO         5612    .text               mf_w.l(dfixul.o)
    0x080008ec   0x080008ec   0x00000024   Code   RO         5618    .text               mc_w.l(init.o)
    0x08000910   0x08000910   0x00000008   Code   RO         5620    .text               mc_w.l(ctype_o.o)
    0x08000918   0x08000918   0x0000009e   Code   RO         5648    .text               mc_w.l(_strtoul.o)
    0x080009b6   0x080009b6   0x0000001c   Code   RO         5650    .text               mc_w.l(_chval.o)
    0x080009d2   0x080009d2   0x00000002   PAD
    0x080009d4   0x080009d4   0x0000005c   Code   RO         1135    i.BASE_Timer_Init   base_timer.o
    0x08000a30   0x08000a30   0x0000008c   Code   RO         1545    i.BLE_Modify_Time   rtc.o
    0x08000abc   0x08000abc   0x00000002   Code   RO         2016    i.BusFault_Handler  stm32f4xx_it.o
    0x08000abe   0x08000abe   0x00000002   PAD
    0x08000ac0   0x08000ac0   0x00000054   Code   RO         1868    i.Button_Init       key.o
    0x08000b14   0x08000b14   0x00000002   Code   RO         2017    i.DebugMon_Handler  stm32f4xx_it.o
    0x08000b16   0x08000b16   0x00000026   Code   RO         5147    i.Delay_ms          delay.o
    0x08000b3c   0x08000b3c   0x00000024   Code   RO         5148    i.Delay_us          delay.o
    0x08000b60   0x08000b60   0x0000000c   Code   RO         2593    i.EXTI_ClearITPendingBit  stm32f4xx_exti.o
    0x08000b6c   0x08000b6c   0x0000000c   Code   RO         4074    i.FLASH_ClearFlag   stm32f4xx_flash.o
    0x08000b78   0x08000b78   0x00000070   Code   RO         4080    i.FLASH_EraseSector  stm32f4xx_flash.o
    0x08000be8   0x08000be8   0x0000003c   Code   RO         4082    i.FLASH_GetStatus   stm32f4xx_flash.o
    0x08000c24   0x08000c24   0x00000010   Code   RO         4086    i.FLASH_Lock        stm32f4xx_flash.o
    0x08000c34   0x08000c34   0x0000003c   Code   RO         4110    i.FLASH_ProgramWord  stm32f4xx_flash.o
    0x08000c70   0x08000c70   0x00000024   Code   RO         4112    i.FLASH_Unlock      stm32f4xx_flash.o
    0x08000c94   0x08000c94   0x00000022   Code   RO         4113    i.FLASH_WaitForLastOperation  stm32f4xx_flash.o
    0x08000cb6   0x08000cb6   0x0000007c   Code   RO         2491    i.GPIO_Init         stm32f4xx_gpio.o
    0x08000d32   0x08000d32   0x00000020   Code   RO         2492    i.GPIO_PinAFConfig  stm32f4xx_gpio.o
    0x08000d52   0x08000d52   0x0000000e   Code   RO         2495    i.GPIO_ReadInputDataBit  stm32f4xx_gpio.o
    0x08000d60   0x08000d60   0x00000008   Code   RO         2501    i.GPIO_ToggleBits   stm32f4xx_gpio.o
    0x08000d68   0x08000d68   0x0000000e   Code   RO         2503    i.GPIO_WriteBit     stm32f4xx_gpio.o
    0x08000d76   0x08000d76   0x00000002   PAD
    0x08000d78   0x08000d78   0x00000088   Code   RO         1621    i.GetSector         flash.o
    0x08000e00   0x08000e00   0x00000018   Code   RO         1869    i.Get_Button_Status  key.o
    0x08000e18   0x08000e18   0x000000b4   Code   RO         1675    i.Get_Kernal_Tempature  adc.o
    0x08000ecc   0x08000ecc   0x00000002   Code   RO         2018    i.HardFault_Handler  stm32f4xx_it.o
    0x08000ece   0x08000ece   0x00000018   Code   RO         4879    i.I2C_AcknowledgeConfig  stm32f4xx_i2c.o
    0x08000ee6   0x08000ee6   0x0000002a   Code   RO         4882    i.I2C_CheckEvent    stm32f4xx_i2c.o
    0x08000f10   0x08000f10   0x00000018   Code   RO         4885    i.I2C_Cmd           stm32f4xx_i2c.o
    0x08000f28   0x08000f28   0x00000018   Code   RO         4893    i.I2C_GenerateSTART  stm32f4xx_i2c.o
    0x08000f40   0x08000f40   0x00000018   Code   RO         4894    i.I2C_GenerateSTOP  stm32f4xx_i2c.o
    0x08000f58   0x08000f58   0x000000bc   Code   RO         4900    i.I2C_Init          stm32f4xx_i2c.o
    0x08001014   0x08001014   0x00000012   Code   RO         4907    i.I2C_Send7bitAddress  stm32f4xx_i2c.o
    0x08001026   0x08001026   0x00000004   Code   RO         4908    i.I2C_SendData      stm32f4xx_i2c.o
    0x0800102a   0x0800102a   0x00000026   Code   RO         1622    i.InternalFlash_Erase  flash.o
    0x08001050   0x08001050   0x0000001e   Code   RO         1623    i.InternalFlash_Read  flash.o
    0x0800106e   0x0800106e   0x0000000c   Code   RO         1624    i.InternalFlash_WaitForEnd  flash.o
    0x0800107a   0x0800107a   0x0000003e   Code   RO         1625    i.InternalFlash_Write  flash.o
    0x080010b8   0x080010b8   0x00000024   Code   RO          956    i.Item1_Callback    oled_menu.o
    0x080010dc   0x080010dc   0x0000001c   Code   RO          957    i.Item2_Callback    oled_menu.o
    0x080010f8   0x080010f8   0x00000002   Code   RO          958    i.Item3_Callback    oled_menu.o
    0x080010fa   0x080010fa   0x00000002   Code   RO          959    i.Item4_Callback    oled_menu.o
    0x080010fc   0x080010fc   0x00000002   Code   RO          960    i.Item5_Callback    oled_menu.o
    0x080010fe   0x080010fe   0x00000002   PAD
    0x08001100   0x08001100   0x0000002c   Code   RO         1784    i.JI2CXX_WaitEvent  jack_i2c.o
    0x0800112c   0x0800112c   0x00000006   Code   RO         1785    i.JI2C_Delay        jack_i2c.o
    0x08001132   0x08001132   0x00000002   PAD
    0x08001134   0x08001134   0x0000011c   Code   RO         1786    i.JI2C_GPIO_Init    jack_i2c.o
    0x08001250   0x08001250   0x0000007c   Code   RO         1787    i.JI2C_Init         jack_i2c.o
    0x080012cc   0x080012cc   0x000000e8   Code   RO         1790    i.JI2C_SendByte     jack_i2c.o
    0x080013b4   0x080013b4   0x0000008c   Code   RO         1791    i.JI2C_Start        jack_i2c.o
    0x08001440   0x08001440   0x0000008c   Code   RO         1792    i.JI2C_Stop         jack_i2c.o
    0x080014cc   0x080014cc   0x00000098   Code   RO         1793    i.JI2C_WaitAck      jack_i2c.o
    0x08001564   0x08001564   0x00000048   Code   RO         1226    i.LED_Init          led.o
    0x080015ac   0x080015ac   0x00000018   Code   RO         1229    i.LED_Toggle        led.o
    0x080015c4   0x080015c4   0x0000003c   Code   RO          961    i.MY_Menu_Init      oled_menu.o
    0x08001600   0x08001600   0x00000002   Code   RO         2019    i.MemManage_Handler  stm32f4xx_it.o
    0x08001602   0x08001602   0x00000002   PAD
    0x08001604   0x08001604   0x00000134   Code   RO          962    i.Menu_Image_Display  oled_menu.o
    0x08001738   0x08001738   0x0000004c   Code   RO          963    i.Menu_Input        oled_menu.o
    0x08001784   0x08001784   0x0000000c   Code   RO          964    i.Menu_Mode_Change  oled_menu.o
    0x08001790   0x08001790   0x0000004c   Code   RO          966    i.Menu_Return       oled_menu.o
    0x080017dc   0x080017dc   0x00000098   Code   RO          967    i.Menu_Switch       oled_menu.o
    0x08001874   0x08001874   0x00000002   Code   RO         2020    i.NMI_Handler       stm32f4xx_it.o
    0x08001876   0x08001876   0x00000002   PAD
    0x08001878   0x08001878   0x00000068   Code   RO         2098    i.NVIC_Init         misc.o
    0x080018e0   0x080018e0   0x00000014   Code   RO         2099    i.NVIC_PriorityGroupConfig  misc.o
    0x080018f4   0x080018f4   0x00000028   Code   RO          654    i.OLED_Clear        oled.o
    0x0800191c   0x0800191c   0x0000005c   Code   RO          655    i.OLED_ClearArea    oled.o
    0x08001978   0x08001978   0x000000fc   Code   RO          664    i.OLED_Init         oled.o
    0x08001a74   0x08001a74   0x00000032   Code   RO          670    i.OLED_SetCursor    oled.o
    0x08001aa6   0x08001aa6   0x00000002   PAD
    0x08001aa8   0x08001aa8   0x000000b4   Code   RO          675    i.OLED_ShowImage    oled.o
    0x08001b5c   0x08001b5c   0x00000038   Code   RO          679    i.OLED_Update       oled.o
    0x08001b94   0x08001b94   0x000000b0   Code   RO          681    i.OLED_WriteCommand  oled.o
    0x08001c44   0x08001c44   0x000000cc   Code   RO          682    i.OLED_WriteData    oled.o
    0x08001d10   0x08001d10   0x00000002   Code   RO         2021    i.PendSV_Handler    stm32f4xx_it.o
    0x08001d12   0x08001d12   0x00000002   PAD
    0x08001d14   0x08001d14   0x0000001c   Code   RO         2152    i.RCC_AHB1PeriphClockCmd  stm32f4xx_rcc.o
    0x08001d30   0x08001d30   0x0000001c   Code   RO         2161    i.RCC_APB1PeriphClockCmd  stm32f4xx_rcc.o
    0x08001d4c   0x08001d4c   0x0000001c   Code   RO         2164    i.RCC_APB2PeriphClockCmd  stm32f4xx_rcc.o
    0x08001d68   0x08001d68   0x000000a0   Code   RO         2173    i.RCC_GetClocksFreq  stm32f4xx_rcc.o
    0x08001e08   0x08001e08   0x0000005c   Code   RO         3602    i.RTC_AlarmCmd      stm32f4xx_rtc.o
    0x08001e64   0x08001e64   0x00000034   Code   RO         1946    i.RTC_Alarm_IRQHandler  main.o
    0x08001e98   0x08001e98   0x00000012   Code   RO         3605    i.RTC_Bcd2ToByte    stm32f4xx_rtc.o
    0x08001eaa   0x08001eaa   0x00000018   Code   RO         3607    i.RTC_ByteToBcd2    stm32f4xx_rtc.o
    0x08001ec2   0x08001ec2   0x00000002   PAD
    0x08001ec4   0x08001ec4   0x0000001c   Code   RO         3611    i.RTC_ClearITPendingBit  stm32f4xx_rtc.o
    0x08001ee0   0x08001ee0   0x00000040   Code   RO         3623    i.RTC_GetITStatus   stm32f4xx_rtc.o
    0x08001f20   0x08001f20   0x000000bc   Code   RO         3636    i.RTC_SetAlarm      stm32f4xx_rtc.o
    0x08001fdc   0x08001fdc   0x0000002c   Code   RO         1947    i.RTC_WKUP_IRQHandler  main.o
    0x08002008   0x08002008   0x00000014   Code   RO         3657    i.RTC_WriteBackupRegister  stm32f4xx_rtc.o
    0x0800201c   0x0800201c   0x00000002   Code   RO         2022    i.SVC_Handler       stm32f4xx_it.o
    0x0800201e   0x0800201e   0x00000038   Code   RO         1549    i.SetRTCAlarm       rtc.o
    0x08002056   0x08002056   0x00000002   PAD
    0x08002058   0x08002058   0x000000b8   Code   RO         5106    i.SetSysClock       system_stm32f4xx.o
    0x08002110   0x08002110   0x00000002   Code   RO          968    i.Sub1_Callback     oled_menu.o
    0x08002112   0x08002112   0x00000002   Code   RO          969    i.Sub2_Callback     oled_menu.o
    0x08002114   0x08002114   0x00000002   Code   RO          970    i.Sub3_Callback     oled_menu.o
    0x08002116   0x08002116   0x00000002   Code   RO          971    i.Sub4_Callback     oled_menu.o
    0x08002118   0x08002118   0x00000002   Code   RO          972    i.Sub5_Callback     oled_menu.o
    0x0800211a   0x0800211a   0x0000001c   Code   RO         2103    i.SysTick_CLKSourceConfig  misc.o
    0x08002136   0x08002136   0x00000002   Code   RO         2023    i.SysTick_Handler   stm32f4xx_it.o
    0x08002138   0x08002138   0x0000005c   Code   RO         5108    i.SystemInit        system_stm32f4xx.o
    0x08002194   0x08002194   0x00000008   Code   RO         5149    i.System_Tick_Init  delay.o
    0x0800219c   0x0800219c   0x000000c0   Code   RO         1948    i.TIM3_IRQHandler   main.o
    0x0800225c   0x0800225c   0x00000028   Code   RO         1949    i.TIM6_DAC_IRQHandler  main.o
    0x08002284   0x08002284   0x00000006   Code   RO         2735    i.TIM_ClearITPendingBit  stm32f4xx_tim.o
    0x0800228a   0x0800228a   0x00000018   Code   RO         2740    i.TIM_Cmd           stm32f4xx_tim.o
    0x080022a2   0x080022a2   0x00000004   Code   RO         2755    i.TIM_GetCapture1   stm32f4xx_tim.o
    0x080022a6   0x080022a6   0x00000018   Code   RO         2761    i.TIM_GetITStatus   stm32f4xx_tim.o
    0x080022be   0x080022be   0x00000014   Code   RO         2765    i.TIM_ITConfig      stm32f4xx_tim.o
    0x080022d2   0x080022d2   0x0000000c   Code   RO         2771    i.TIM_OC1PolarityConfig  stm32f4xx_tim.o
    0x080022de   0x080022de   0x00000004   Code   RO         2806    i.TIM_SetCounter    stm32f4xx_tim.o
    0x080022e2   0x080022e2   0x00000002   PAD
    0x080022e4   0x080022e4   0x0000007c   Code   RO         2812    i.TIM_TimeBaseInit  stm32f4xx_tim.o
    0x08002360   0x08002360   0x00000014   Code   RO         1136    i.TimeBaseClearFlag  base_timer.o
    0x08002374   0x08002374   0x00000010   Code   RO         1137    i.TimeBaseGetFlag   base_timer.o
    0x08002384   0x08002384   0x00000014   Code   RO         1138    i.TimeBaseSetFlag   base_timer.o
    0x08002398   0x08002398   0x0000004c   Code   RO         1139    i.TimeBaseUpdata    base_timer.o
    0x080023e4   0x080023e4   0x00000130   Code   RO         1275    i.UARTx_Init        uart.o
    0x08002514   0x08002514   0x00000070   Code   RO         1950    i.USART2_IRQHandler  main.o
    0x08002584   0x08002584   0x00000010   Code   RO         3291    i.USART_ClearITPendingBit  stm32f4xx_usart.o
    0x08002594   0x08002594   0x00000018   Code   RO         3294    i.USART_Cmd         stm32f4xx_usart.o
    0x080025ac   0x080025ac   0x0000000e   Code   RO         3297    i.USART_GetFlagStatus  stm32f4xx_usart.o
    0x080025ba   0x080025ba   0x00000040   Code   RO         3298    i.USART_GetITStatus  stm32f4xx_usart.o
    0x080025fa   0x080025fa   0x00000036   Code   RO         3300    i.USART_ITConfig    stm32f4xx_usart.o
    0x08002630   0x08002630   0x000000bc   Code   RO         3301    i.USART_Init        stm32f4xx_usart.o
    0x080026ec   0x080026ec   0x00000008   Code   RO         3308    i.USART_ReceiveData  stm32f4xx_usart.o
    0x080026f4   0x080026f4   0x00000008   Code   RO         3311    i.USART_SendData    stm32f4xx_usart.o
    0x080026fc   0x080026fc   0x00000002   Code   RO         2024    i.UsageFault_Handler  stm32f4xx_it.o
    0x080026fe   0x080026fe   0x00000002   PAD
    0x08002700   0x08002700   0x00000020   Code   RO         5450    i.__0printf         mc_w.l(printfa.o)
    0x08002720   0x08002720   0x00000008   Code   RO         5596    i.__aeabi_errno_addr  mc_w.l(errno.o)
    0x08002728   0x08002728   0x0000000e   Code   RO         5654    i.__scatterload_copy  mc_w.l(handlers.o)
    0x08002736   0x08002736   0x00000002   Code   RO         5655    i.__scatterload_null  mc_w.l(handlers.o)
    0x08002738   0x08002738   0x0000000e   Code   RO         5656    i.__scatterload_zeroinit  mc_w.l(handlers.o)
    0x08002746   0x08002746   0x00000002   PAD
    0x08002748   0x08002748   0x00000184   Code   RO         5457    i._fp_digits        mc_w.l(printfa.o)
    0x080028cc   0x080028cc   0x000006b4   Code   RO         5458    i._printf_core      mc_w.l(printfa.o)
    0x08002f80   0x08002f80   0x00000024   Code   RO         5459    i._printf_post_padding  mc_w.l(printfa.o)
    0x08002fa4   0x08002fa4   0x0000002e   Code   RO         5460    i._printf_pre_padding  mc_w.l(printfa.o)
    0x08002fd2   0x08002fd2   0x00000002   PAD
    0x08002fd4   0x08002fd4   0x00000010   Code   RO          552    i.button_add        button.o
    0x08002fe4   0x08002fe4   0x0000000c   Code   RO          553    i.button_attach     button.o
    0x08002ff0   0x08002ff0   0x00000068   Code   RO          554    i.button_create     button.o
    0x08003058   0x08003058   0x000000ea   Code   RO          555    i.button_cycle_process  button.o
    0x08003142   0x08003142   0x00000002   Code   RO          557    i.button_info_print  button.o
    0x08003144   0x08003144   0x0000001c   Code   RO          558    i.button_process    button.o
    0x08003160   0x08003160   0x00000024   Code   RO         1278    i.fputc             uart.o
    0x08003184   0x08003184   0x00000050   Code   RO         5478    i.free              mc_w.l(malloc.o)
    0x080031d4   0x080031d4   0x00000006   Code   RO         1870    i.get_key1          key.o
    0x080031da   0x080031da   0x00000006   Code   RO         1871    i.get_key2          key.o
    0x080031e0   0x080031e0   0x00000006   Code   RO         1872    i.get_key3          key.o
    0x080031e6   0x080031e6   0x00000004   Code   RO         1873    i.get_key_level     key.o
    0x080031ea   0x080031ea   0x00000002   PAD
    0x080031ec   0x080031ec   0x00000268   Code   RO         1874    i.key_callback      key.o
    0x08003454   0x08003454   0x000000c0   Code   RO         1875    i.key_setup         key.o
    0x08003514   0x08003514   0x00000114   Code   RO         1951    i.main              main.o
    0x08003628   0x08003628   0x0000006c   Code   RO         5479    i.malloc            mc_w.l(malloc.o)
    0x08003694   0x08003694   0x00000200   Data   RO          625    .constdata          oled_data.o
    0x08003894   0x08003894   0x00000200   Data   RO          626    .constdata          oled_data.o
    0x08003a94   0x08003a94   0x00000200   Data   RO          627    .constdata          oled_data.o
    0x08003c94   0x08003c94   0x00000200   Data   RO          628    .constdata          oled_data.o
    0x08003e94   0x08003e94   0x00000200   Data   RO          629    .constdata          oled_data.o
    0x08004094   0x08004094   0x00000200   Data   RO          630    .constdata          oled_data.o
    0x08004294   0x08004294   0x00000200   Data   RO          631    .constdata          oled_data.o
    0x08004494   0x08004494   0x00000200   Data   RO          632    .constdata          oled_data.o
    0x08004694   0x08004694   0x00000200   Data   RO          633    .constdata          oled_data.o
    0x08004894   0x08004894   0x00000200   Data   RO          634    .constdata          oled_data.o
    0x08004a94   0x08004a94   0x00000200   Data   RO          635    .constdata          oled_data.o
    0x08004c94   0x08004c94   0x00000200   Data   RO          636    .constdata          oled_data.o
    0x08004e94   0x08004e94   0x00000200   Data   RO          637    .constdata          oled_data.o
    0x08005094   0x08005094   0x00000080   Data   RO          638    .constdata          oled_data.o
    0x08005114   0x08005114   0x00000080   Data   RO          639    .constdata          oled_data.o
    0x08005194   0x08005194   0x00000034   Data   RO          979    .constdata          oled_menu.o
    0x080051c8   0x080051c8   0x00000024   Data   RO         1140    .constdata          base_timer.o
    0x080051ec   0x080051ec   0x00000002   Data   RO         1230    .constdata          led.o
    0x080051ee   0x080051ee   0x00000008   Data   RO         1280    .constdata          uart.o
    0x080051f6   0x080051f6   0x00000006   Data   RO         1877    .constdata          key.o
    0x080051fc   0x080051fc   0x00000081   Data   RO         5621    .constdata          mc_w.l(ctype_o.o)
    0x0800527d   0x0800527d   0x00000003   PAD
    0x08005280   0x08005280   0x00000004   Data   RO         5622    .constdata          mc_w.l(ctype_o.o)
    0x08005284   0x08005284   0x0000004e   Data   RO          980    .conststring        oled_menu.o
    0x080052d2   0x080052d2   0x00000002   PAD
    0x080052d4   0x080052d4   0x00000020   Data   RO         5652    Region$$Table       anon$$obj.o


    Execution Region RW_IRAM1 (Exec base: 0x20000000, Load base: 0x080052f4, Size: 0x000018c8, Max: 0x00020000, ABSOLUTE)

    Exec Addr    Load Addr    Size         Type   Attr      Idx    E Section Name        Object

    0x20000000   0x080052f4   0x00000004   Data   RW          559    .data               button.o
    0x20000004   0x080052f8   0x0000005c   Data   RW          982    .data               oled_menu.o
    0x20000060   0x08005354   0x00000008   Data   RW         1141    .data               base_timer.o
    0x20000068   0x0800535c   0x00000004   Data   RW         1231    .data               led.o
    0x2000006c   0x08005360   0x00000014   Data   RW         1281    .data               uart.o
    0x20000080   0x08005374   0x00000010   Data   RW         1794    .data               jack_i2c.o
    0x20000090   0x08005384   0x0000000c   Data   RW         1878    .data               key.o
    0x2000009c   0x08005390   0x0000000e   Data   RW         1957    .data               main.o
    0x200000aa   0x0800539e   0x00000010   Data   RW         2205    .data               stm32f4xx_rcc.o
    0x200000ba   0x080053ae   0x00000002   PAD
    0x200000bc   0x080053b0   0x00000004   Data   RW         5210    .data               mc_w.l(strtok.o)
    0x200000c0   0x080053b4   0x00000004   Data   RW         5583    .data               mc_w.l(stdout.o)
    0x200000c4   0x080053b8   0x00000004   Data   RW         5594    .data               mc_w.l(mvars.o)
    0x200000c8   0x080053bc   0x00000004   Data   RW         5595    .data               mc_w.l(mvars.o)
    0x200000cc   0x080053c0   0x00000004   Data   RW         5599    .data               mc_w.l(errno.o)
    0x200000d0        -       0x00000400   Zero   RW          684    .bss                oled.o
    0x200004d0        -       0x00000010   Zero   RW          978    .bss                oled_menu.o
    0x200004e0        -       0x000000c0   Zero   RW         1876    .bss                key.o
    0x200005a0        -       0x00000128   Zero   RW         1952    .bss                main.o
    0x200006c8        -       0x00000200   Zero   RW         2089    HEAP                startup_stm32f40_41xxx.o
    0x200008c8        -       0x00001000   Zero   RW         2088    STACK               startup_stm32f40_41xxx.o


==============================================================================

Image component sizes


      Code (inc. data)   RO Data    RW Data    ZI Data      Debug   Object Name

       180         50          0          0          0       1910   adc.o
         0          0          0          0          0     253871   at24cxx.o
       224         32         36          8          0       4451   base_timer.o
       396         12          0          4          0       7029   button.o
        82          0          0          0          0       1561   delay.o
       278         30          0          0          0       3956   flash.o
      1122         42          0         16          0       8666   jack_i2c.o
       938        334          6         12        192       5737   key.o
        96         18          2          4          0       2481   led.o
       716         88          0         14        296       6099   main.o
         0          0          0          0          0     328312   mfrc522.o
       152         16          0          0          0       2453   misc.o
      1050         46          0          0       1024       8037   oled.o
         0          0       6912          0          0       2006   oled_data.o
       764         74        130         92         16      14130   oled_menu.o
       196         30          0          0          0       3950   rtc.o
         0          0          0          0          0        688   sonic.o
        36          8        392          0       4608        876   startup_stm32f40_41xxx.o
        12          6          0          0          0        581   stm32f4xx_exti.o
       330         38          0          0          0       5185   stm32f4xx_flash.o
       192          0          0          0          0       4005   stm32f4xx_gpio.o
       348         10          0          0          0       6314   stm32f4xx_i2c.o
        18          0          0          0          0       4354   stm32f4xx_it.o
       244         30          0         16          0       5259   stm32f4xx_rcc.o
       434         22          0          0          0       6090   stm32f4xx_rtc.o
       218         28          0          0          0       6041   stm32f4xx_tim.o
       376          8          0          0          0       6983   stm32f4xx_usart.o
       276         34          0          0          0       1781   system_stm32f4xx.o
       340         14          8         20          0       4326   uart.o

    ----------------------------------------------------------------------
      9044        970       7520        188       6136     707132   Object Totals
         0          0         32          0          0          0   (incl. Generated)
        26          0          2          2          0          0   (incl. Padding)

    ----------------------------------------------------------------------

      Code (inc. data)   RO Data    RW Data    ZI Data      Debug   Library Member Name

        28          0          0          0          0         68   _chval.o
       158          0          0          0          0         92   _strtoul.o
        26          0          0          0          0         80   atoi.o
         8          4        133          0          0         68   ctype_o.o
         0          0          0          0          0          0   entry.o
         0          0          0          0          0          0   entry10a.o
         0          0          0          0          0          0   entry11a.o
         4          0          0          0          0          0   entry12b.o
         8          4          0          0          0          0   entry2.o
         4          0          0          0          0          0   entry5.o
         0          0          0          0          0          0   entry7b.o
         0          0          0          0          0          0   entry8b.o
         8          4          0          0          0          0   entry9a.o
         8          4          0          4          0         68   errno.o
        30          0          0          0          0          0   handlers.o
        36          8          0          0          0         68   init.o
         0          0          0          0          0          0   iusefp.o
        30          0          0          0          0         68   llshl.o
        36          0          0          0          0         68   llsshr.o
        32          0          0          0          0         68   llushr.o
       188         20          0          0          0        160   malloc.o
        36          0          0          0          0         68   memcpya.o
        36          0          0          0          0        108   memseta.o
         0          0          0          8          0          0   mvars.o
      2218         90          0          0          0        464   printfa.o
         0          0          0          4          0          0   stdout.o
        30          0          0          0          0         80   strncmp.o
        24          0          0          0          0         76   strncpy.o
        68          6          0          4          0         80   strtok.o
       112          0          0          0          0         88   strtol.o
        44          0          0          0          0         80   uidiv.o
        98          0          0          0          0         92   uldiv.o
        48          0          0          0          0         68   cdrcmple.o
        56          0          0          0          0         88   d2f.o
       334          0          0          0          0        148   dadd.o
       222          0          0          0          0        100   ddiv.o
       186          0          0          0          0        176   depilogue.o
        48          0          0          0          0         68   dfixul.o
        26          0          0          0          0         76   dfltui.o
       228          0          0          0          0         96   dmul.o
       110          0          0          0          0        168   fepilogue.o

    ----------------------------------------------------------------------
      4536        140        136         20          0       2932   Library Totals
         8          0          3          0          0          0   (incl. Padding)

    ----------------------------------------------------------------------

      Code (inc. data)   RO Data    RW Data    ZI Data      Debug   Library Name

      3270        140        133         20          0       1944   mc_w.l
      1258          0          0          0          0        988   mf_w.l

    ----------------------------------------------------------------------
      4536        140        136         20          0       2932   Library Totals

    ----------------------------------------------------------------------

==============================================================================


      Code (inc. data)   RO Data    RW Data    ZI Data      Debug   

     13580       1110       7656        208       6136     695960   Grand Totals
     13580       1110       7656        208       6136     695960   ELF Image Totals
     13580       1110       7656        208          0          0   ROM Totals

==============================================================================

    Total RO  Size (Code + RO Data)                21236 (  20.74kB)
    Total RW  Size (RW Data + ZI Data)              6344 (   6.20kB)
    Total ROM Size (Code + RO Data + RW Data)      21444 (  20.94kB)

==============================================================================

