Component: ARM Compiler 5.06 update 7 (build 960) Tool: armlink [4d3601]

==============================================================================

Section Cross References

    w25qxx.o(i.SPI_Flash_WAKEUP) refers to stm32f4xx_gpio.o(i.GPIO_WriteBit) for GPIO_WriteBit
    w25qxx.o(i.SPI_Flash_WAKEUP) refers to hspi.o(i.SPI_SendByte) for SPI_SendByte
    w25qxx.o(i.W25QXX_BufferRead) refers to stm32f4xx_gpio.o(i.GPIO_WriteBit) for GPIO_WriteBit
    w25qxx.o(i.W25QXX_BufferRead) refers to hspi.o(i.SPI_SendByte) for SPI_SendByte
    w25qxx.o(i.W25QXX_BufferRead) refers to hspi.o(i.SPI_ReadByte) for SPI_ReadByte
    w25qxx.o(i.W25QXX_BufferWrite) refers to w25qxx.o(i.W25QXX_PageWrite) for W25QXX_PageWrite
    w25qxx.o(i.W25QXX_PageWrite) refers to w25qxx.o(i.W25QXX_WriteEnable) for W25QXX_WriteEnable
    w25qxx.o(i.W25QXX_PageWrite) refers to stm32f4xx_gpio.o(i.GPIO_WriteBit) for GPIO_WriteBit
    w25qxx.o(i.W25QXX_PageWrite) refers to hspi.o(i.SPI_SendByte) for SPI_SendByte
    w25qxx.o(i.W25QXX_PageWrite) refers to printfa.o(i.__0printf) for __2printf
    w25qxx.o(i.W25QXX_PageWrite) refers to w25qxx.o(i.W25QXX_WaitForWriteEnd) for W25QXX_WaitForWriteEnd
    w25qxx.o(i.W25QXX_PowerDown) refers to stm32f4xx_gpio.o(i.GPIO_WriteBit) for GPIO_WriteBit
    w25qxx.o(i.W25QXX_PowerDown) refers to hspi.o(i.SPI_SendByte) for SPI_SendByte
    w25qxx.o(i.W25QXX_ReadDeviceID) refers to stm32f4xx_gpio.o(i.GPIO_WriteBit) for GPIO_WriteBit
    w25qxx.o(i.W25QXX_ReadDeviceID) refers to hspi.o(i.SPI_SendByte) for SPI_SendByte
    w25qxx.o(i.W25QXX_ReadDeviceID) refers to hspi.o(i.SPI_ReadByte) for SPI_ReadByte
    w25qxx.o(i.W25QXX_ReadID) refers to stm32f4xx_gpio.o(i.GPIO_WriteBit) for GPIO_WriteBit
    w25qxx.o(i.W25QXX_ReadID) refers to hspi.o(i.SPI_SendByte) for SPI_SendByte
    w25qxx.o(i.W25QXX_ReadID) refers to hspi.o(i.SPI_ReadByte) for SPI_ReadByte
    w25qxx.o(i.W25QXX_SectorErase) refers to w25qxx.o(i.W25QXX_WriteEnable) for W25QXX_WriteEnable
    w25qxx.o(i.W25QXX_SectorErase) refers to w25qxx.o(i.W25QXX_WaitForWriteEnd) for W25QXX_WaitForWriteEnd
    w25qxx.o(i.W25QXX_SectorErase) refers to stm32f4xx_gpio.o(i.GPIO_WriteBit) for GPIO_WriteBit
    w25qxx.o(i.W25QXX_SectorErase) refers to hspi.o(i.SPI_SendByte) for SPI_SendByte
    w25qxx.o(i.W25QXX_WaitForWriteEnd) refers to stm32f4xx_gpio.o(i.GPIO_WriteBit) for GPIO_WriteBit
    w25qxx.o(i.W25QXX_WaitForWriteEnd) refers to hspi.o(i.SPI_SendByte) for SPI_SendByte
    w25qxx.o(i.W25QXX_WaitForWriteEnd) refers to hspi.o(i.SPI_ReadByte) for SPI_ReadByte
    w25qxx.o(i.W25QXX_WaitForWriteEnd) refers to hspi.o(i.SPI_TIMEOUT_UserCallback) for SPI_TIMEOUT_UserCallback
    w25qxx.o(i.W25QXX_WaitForWriteEnd) refers to hspi.o(.data) for SPITimeout
    w25qxx.o(i.W25QXX_WriteEnable) refers to stm32f4xx_gpio.o(i.GPIO_WriteBit) for GPIO_WriteBit
    w25qxx.o(i.W25QXX_WriteEnable) refers to hspi.o(i.SPI_SendByte) for SPI_SendByte
    base_timer.o(i.BASE_Timer_Init) refers to stm32f4xx_rcc.o(i.RCC_APB1PeriphClockCmd) for RCC_APB1PeriphClockCmd
    base_timer.o(i.BASE_Timer_Init) refers to stm32f4xx_tim.o(i.TIM_TimeBaseInit) for TIM_TimeBaseInit
    base_timer.o(i.BASE_Timer_Init) refers to stm32f4xx_tim.o(i.TIM_ITConfig) for TIM_ITConfig
    base_timer.o(i.BASE_Timer_Init) refers to misc.o(i.NVIC_Init) for NVIC_Init
    base_timer.o(i.BASE_Timer_Init) refers to stm32f4xx_tim.o(i.TIM_Cmd) for TIM_Cmd
    base_timer.o(i.TimeBaseClearFlag) refers to base_timer.o(.data) for .data
    base_timer.o(i.TimeBaseGetFlag) refers to base_timer.o(.data) for .data
    base_timer.o(i.TimeBaseSetFlag) refers to base_timer.o(.data) for .data
    base_timer.o(i.TimeBaseUpdata) refers to base_timer.o(i.TimeBaseSetFlag) for TimeBaseSetFlag
    base_timer.o(i.TimeBaseUpdata) refers to base_timer.o(.data) for .data
    base_timer.o(i.TimeBaseUpdata) refers to base_timer.o(.constdata) for .constdata
    pwm.o(i.PWM_Config_Init) refers to pwm.o(i.PWM_GPIO_Init) for PWM_GPIO_Init
    pwm.o(i.PWM_Config_Init) refers to stm32f4xx_rcc.o(i.RCC_APB1PeriphClockCmd) for RCC_APB1PeriphClockCmd
    pwm.o(i.PWM_Config_Init) refers to stm32f4xx_tim.o(i.TIM_TimeBaseInit) for TIM_TimeBaseInit
    pwm.o(i.PWM_Config_Init) refers to stm32f4xx_tim.o(i.TIM_OC1Init) for TIM_OC1Init
    pwm.o(i.PWM_Config_Init) refers to stm32f4xx_tim.o(i.TIM_OC1PreloadConfig) for TIM_OC1PreloadConfig
    pwm.o(i.PWM_Config_Init) refers to stm32f4xx_tim.o(i.TIM_ARRPreloadConfig) for TIM_ARRPreloadConfig
    pwm.o(i.PWM_Config_Init) refers to stm32f4xx_tim.o(i.TIM_Cmd) for TIM_Cmd
    pwm.o(i.PWM_GPIO_Init) refers to stm32f4xx_rcc.o(i.RCC_AHB1PeriphClockCmd) for RCC_AHB1PeriphClockCmd
    pwm.o(i.PWM_GPIO_Init) refers to stm32f4xx_gpio.o(i.GPIO_Init) for GPIO_Init
    pwm.o(i.PWM_GPIO_Init) refers to stm32f4xx_gpio.o(i.GPIO_PinAFConfig) for GPIO_PinAFConfig
    led.o(i.LED_Init) refers to stm32f4xx_rcc.o(i.RCC_AHB1PeriphClockCmd) for RCC_AHB1PeriphClockCmd
    led.o(i.LED_Init) refers to stm32f4xx_gpio.o(i.GPIO_Init) for GPIO_Init
[...]
    .text                                    0x080001dc   Section        0  strncmp.o(.text)
    .text                                    0x080001fc   Section        0  strtok.o(.text)
    .text                                    0x08000240   Section        0  atoi.o(.text)
    .text                                    0x0800025a   Section        0  dadd.o(.text)
    .text                                    0x080003a8   Section        0  dmul.o(.text)
    .text                                    0x0800048c   Section        0  ddiv.o(.text)
    .text                                    0x0800056a   Section        0  dfltui.o(.text)
    .text                                    0x08000584   Section        0  f2d.o(.text)
    .text                                    0x080005aa   Section        0  d2f.o(.text)
    .text                                    0x080005e2   Section        0  uidiv.o(.text)
    .text                                    0x0800060e   Section        0  uldiv.o(.text)
    .text                                    0x08000670   Section        0  llshl.o(.text)
    .text                                    0x0800068e   Section        0  llsshr.o(.text)
    .text                                    0x080006b2   Section        0  strtol.o(.text)
    .text                                    0x08000722   Section        0  iusefp.o(.text)
    .text                                    0x08000722   Section        0  fepilogue.o(.text)
    .text                                    0x08000790   Section        0  depilogue.o(.text)
    .text                                    0x0800084a   Section        0  dfixul.o(.text)
    .text                                    0x0800087c   Section       48  cdrcmple.o(.text)
    .text                                    0x080008ac   Section       36  init.o(.text)
    .text                                    0x080008d0   Section        0  llushr.o(.text)
    .text                                    0x080008f0   Section        0  ctype_o.o(.text)
    .text                                    0x080008f8   Section        0  _strtoul.o(.text)
    .text                                    0x08000996   Section        0  _chval.o(.text)
    i.ADC_Cmd                                0x080009b2   Section        0  stm32f4xx_adc.o(i.ADC_Cmd)
    i.ADC_CommonInit                         0x080009cc   Section        0  stm32f4xx_adc.o(i.ADC_CommonInit)
    i.ADC_DMACmd                             0x080009f4   Section        0  stm32f4xx_adc.o(i.ADC_DMACmd)
    i.ADC_DMARequestAfterLastTransferCmd     0x08000a0c   Section        0  stm32f4xx_adc.o(i.ADC_DMARequestAfterLastTransferCmd)
    i.ADC_GPIO_Init                          0x08000a24   Section        0  adc.o(i.ADC_GPIO_Init)
    i.ADC_Init                               0x08000a4c   Section        0  stm32f4xx_adc.o(i.ADC_Init)
    i.ADC_RegularChannelConfig               0x08000a98   Section        0  stm32f4xx_adc.o(i.ADC_RegularChannelConfig)
    i.ADC_SoftwareStartConv                  0x08000b0c   Section        0  stm32f4xx_adc.o(i.ADC_SoftwareStartConv)
    i.ADC_TempSensorVrefintCmd               0x08000b18   Section        0  stm32f4xx_adc.o(i.ADC_TempSensorVrefintCmd)
    i.ALARM_Interrupt_Init                   0x08000b40   Section        0  rtc.o(i.ALARM_Interrupt_Init)
    i.BASE_Timer_Init                        0x08000ba8   Section        0  base_timer.o(i.BASE_Timer_Init)
    i.BLE_Modify_Time                        0x08000c04   Section        0  rtc.o(i.BLE_Modify_Time)
    i.BusFault_Handler                       0x08000c90   Section        0  stm32f4xx_it.o(i.BusFault_Handler)
    i.Button_Init                            0x08000c94   Section        0  button.o(i.Button_Init)
    i.DMA_Cmd                                0x08000cc8   Section        0  stm32f4xx_dma.o(i.DMA_Cmd)
    i.DMA_Control_Init                       0x08000ce0   Section        0  adc.o(i.DMA_Control_Init)
    i.DMA_Init                               0x08000d3c   Section        0  stm32f4xx_dma.o(i.DMA_Init)
    i.DebugMon_Handler                       0x08000d90   Section        0  stm32f4xx_it.o(i.DebugMon_Handler)
    i.Delay_us                               0x08000d92   Section        0  delay.o(i.Delay_us)
    i.EXTI_ClearITPendingBit                 0x08000db8   Section        0  stm32f4xx_exti.o(i.EXTI_ClearITPendingBit)
    i.EXTI_Init                              0x08000dc4   Section        0  stm32f4xx_exti.o(i.EXTI_Init)
    i.FLASH_ClearFlag                        0x08000e38   Section        0  stm32f4xx_flash.o(i.FLASH_ClearFlag)
    i.FLASH_EraseSector                      0x08000e44   Section        0  stm32f4xx_flash.o(i.FLASH_EraseSector)
    i.FLASH_GetStatus                        0x08000eb4   Section        0  stm32f4xx_flash.o(i.FLASH_GetStatus)
    i.FLASH_Lock                             0x08000ef0   Section        0  stm32f4xx_flash.o(i.FLASH_Lock)
    i.FLASH_ProgramByte                      0x08000f00   Section        0  stm32f4xx_flash.o(i.FLASH_ProgramByte)
    i.FLASH_ProgramHalfWord                  0x08000f38   Section        0  stm32f4xx_flash.o(i.FLASH_ProgramHalfWord)
    i.FLASH_ProgramWord                      0x08000f74   Section        0  stm32f4xx_flash.o(i.FLASH_ProgramWord)
    i.FLASH_Unlock                           0x08000fb0   Section        0  stm32f4xx_flash.o(i.FLASH_Unlock)
    i.FLASH_WaitForLastOperation             0x08000fd4   Section        0  stm32f4xx_flash.o(i.FLASH_WaitForLastOperation)
    i.GPIO_Init                              0x08000ff6   Section        0  stm32f4xx_gpio.o(i.GPIO_Init)
    i.GPIO_PinAFConfig                       0x08001072   Section        0  stm32f4xx_gpio.o(i.GPIO_PinAFConfig)
    i.GPIO_ReadInputDataBit                  0x08001092   Section        0  stm32f4xx_gpio.o(i.GPIO_ReadInputDataBit)
    i.GPIO_WriteBit                          0x080010a0   Section        0  stm32f4xx_gpio.o(i.GPIO_WriteBit)
    i.GTIM_TIMx_Cap_Chy_Init                 0x080010b0   Section        0  gtimer.o(i.GTIM_TIMx_Cap_Chy_Init)
    i.GetSector                              0x08001114   Section        0  flash.o(i.GetSector)
    i.Get_Kernal_Tempature                   0x0800119c   Section        0  adc.o(i.Get_Kernal_Tempature)
    i.HC_SR04_GetDistance2                   0x08001250   Section        0  sonic.o(i.HC_SR04_GetDistance2)
    i.HC_SR04_Start                          0x080012c4   Section        0  sonic.o(i.HC_SR04_Start)
    i.HardFault_Handler                      0x080012ec   Section        0  stm32f4xx_it.o(i.HardFault_Handler)
    i.JSPI_GPIO_Init                         0x080012f0   Section        0  hspi.o(i.JSPI_GPIO_Init)
    i.JSPI_Init                              0x08001390   Section        0  hspi.o(i.JSPI_Init)
    i.LED_Init                               0x08001438   Section        0  led.o(i.LED_Init)
    i.MYADC_Init                             0x08001480   Section        0  adc.o(i.MYADC_Init)
    i.MemManage_Handler                      0x0800150c   Section        0  stm32f4xx_it.o(i.MemManage_Handler)
    i.My_EXTI_Set                            0x0800150e   Section        0  stm32f4xx_exti.o(i.My_EXTI_Set)
    i.My_RTC_Init                            0x08001534   Section        0  rtc.o(i.My_RTC_Init)
    i.NMI_Handler                            0x0800157c   Section        0  stm32f4xx_it.o(i.NMI_Handler)
    i.NVIC_Init                              0x08001580   Section        0  misc.o(i.NVIC_Init)
    i.NVIC_PriorityGroupConfig               0x080015e8   Section        0  misc.o(i.NVIC_PriorityGroupConfig)
    i.NVIC_SetPreandSub_IRQx                 0x080015fc   Section        0  misc.o(i.NVIC_SetPreandSub_IRQx)
    i.PWM_Config_Init                        0x08001618   Section        0  pwm.o(i.PWM_Config_Init)
    i.PWM_GPIO_Init                          0x0800167c   Section        0  pwm.o(i.PWM_GPIO_Init)
    i.PWR_BackupAccessCmd                    0x080016bc   Section        0  stm32f4xx_pwr.o(i.PWR_BackupAccessCmd)
    i.PendSV_Handler                         0x080016c8   Section        0  stm32f4xx_it.o(i.PendSV_Handler)
    i.RCC_AHB1PeriphClockCmd                 0x080016cc   Section        0  stm32f4xx_rcc.o(i.RCC_AHB1PeriphClockCmd)
    i.RCC_APB1PeriphClockCmd                 0x080016e8   Section        0  stm32f4xx_rcc.o(i.RCC_APB1PeriphClockCmd)
    i.RCC_APB2PeriphClockCmd                 0x08001704   Section        0  stm32f4xx_rcc.o(i.RCC_APB2PeriphClockCmd)
    i.RCC_GetClocksFreq                      0x08001720   Section        0  stm32f4xx_rcc.o(i.RCC_GetClocksFreq)
    i.RCC_GetFlagStatus                      0x080017c0   Section        0  stm32f4xx_rcc.o(i.RCC_GetFlagStatus)
    i.RCC_LSEConfig                          0x080017f8   Section        0  stm32f4xx_rcc.o(i.RCC_LSEConfig)
    i.RCC_RTCCLKCmd                          0x08001818   Section        0  stm32f4xx_rcc.o(i.RCC_RTCCLKCmd)
    i.RCC_RTCCLKConfig                       0x08001824   Section        0  stm32f4xx_rcc.o(i.RCC_RTCCLKConfig)
    i.RTC_AlarmCmd                           0x08001854   Section        0  stm32f4xx_rtc.o(i.RTC_AlarmCmd)
    i.RTC_Alarm_IRQHandler                   0x080018b0   Section        0  main.o(i.RTC_Alarm_IRQHandler)
    i.RTC_Bcd2ToByte                         0x080018e4   Section        0  stm32f4xx_rtc.o(i.RTC_Bcd2ToByte)
    RTC_Bcd2ToByte                           0x080018e5   Thumb Code    18  stm32f4xx_rtc.o(i.RTC_Bcd2ToByte)
    i.RTC_ByteToBcd2                         0x080018f6   Section        0  stm32f4xx_rtc.o(i.RTC_ByteToBcd2)
    RTC_ByteToBcd2                           0x080018f7   Thumb Code    24  stm32f4xx_rtc.o(i.RTC_ByteToBcd2)
    i.RTC_CLK_Config                         0x0800190e   Section        0  rtc.o(i.RTC_CLK_Config)
    i.RTC_ClearFlag                          0x08001954   Section        0  stm32f4xx_rtc.o(i.RTC_ClearFlag)
    i.RTC_ClearITPendingBit                  0x08001970   Section        0  stm32f4xx_rtc.o(i.RTC_ClearITPendingBit)
    i.RTC_EnterInitMode                      0x0800198c   Section        0  stm32f4xx_rtc.o(i.RTC_EnterInitMode)
    i.RTC_ExitInitMode                       0x080019d0   Section        0  stm32f4xx_rtc.o(i.RTC_ExitInitMode)
    i.RTC_GetITStatus                        0x080019e0   Section        0  stm32f4xx_rtc.o(i.RTC_GetITStatus)
    i.RTC_GetTime                            0x08001a20   Section        0  stm32f4xx_rtc.o(i.RTC_GetTime)
    i.RTC_ITConfig                           0x08001a6c   Section        0  stm32f4xx_rtc.o(i.RTC_ITConfig)
    i.RTC_Init                               0x08001ab0   Section        0  stm32f4xx_rtc.o(i.RTC_Init)
    i.RTC_ReadBackupRegister                 0x08001b00   Section        0  stm32f4xx_rtc.o(i.RTC_ReadBackupRegister)
    i.RTC_SetAlarm                           0x08001b14   Section        0  stm32f4xx_rtc.o(i.RTC_SetAlarm)
    i.RTC_SetDate                            0x08001bd0   Section        0  stm32f4xx_rtc.o(i.RTC_SetDate)
    i.RTC_SetTime                            0x08001c74   Section        0  stm32f4xx_rtc.o(i.RTC_SetTime)
    i.RTC_SetWakeUpCounter                   0x08001d1c   Section        0  stm32f4xx_rtc.o(i.RTC_SetWakeUpCounter)
    i.RTC_TimeAndDateSet                     0x08001d38   Section        0  rtc.o(i.RTC_TimeAndDateSet)
    i.RTC_WKUP_IRQHandler                    0x08001d90   Section        0  main.o(i.RTC_WKUP_IRQHandler)
    i.RTC_WaitForSynchro                     0x08001dbc   Section        0  stm32f4xx_rtc.o(i.RTC_WaitForSynchro)
    i.RTC_WakeUpClockConfig                  0x08001e08   Section        0  stm32f4xx_rtc.o(i.RTC_WakeUpClockConfig)
    i.RTC_WakeUpCmd                          0x08001e30   Section        0  stm32f4xx_rtc.o(i.RTC_WakeUpCmd)
    i.RTC_WriteBackupRegister                0x08001e90   Section        0  stm32f4xx_rtc.o(i.RTC_WriteBackupRegister)
    i.SONIC_GPIO_Init                        0x08001ea4   Section        0  sonic.o(i.SONIC_GPIO_Init)
    i.SPI_Cmd                                0x08001ed8   Section        0  stm32f4xx_spi.o(i.SPI_Cmd)
    i.SPI_I2S_GetFlagStatus                  0x08001ef0   Section        0  stm32f4xx_spi.o(i.SPI_I2S_GetFlagStatus)
    i.SPI_I2S_ReceiveData                    0x08001efe   Section        0  stm32f4xx_spi.o(i.SPI_I2S_ReceiveData)
    i.SPI_I2S_SendData                       0x08001f02   Section        0  stm32f4xx_spi.o(i.SPI_I2S_SendData)
    i.SPI_Init                               0x08001f06   Section        0  stm32f4xx_spi.o(i.SPI_Init)
    i.SPI_ReadByte                           0x08001f40   Section        0  hspi.o(i.SPI_ReadByte)
    i.SPI_SendByte                           0x08001f8c   Section        0  hspi.o(i.SPI_SendByte)
    i.SPI_TIMEOUT_UserCallback               0x08002050   Section        0  hspi.o(i.SPI_TIMEOUT_UserCallback)
    i.SVC_Handler                            0x0800208c   Section        0  stm32f4xx_it.o(i.SVC_Handler)
    i.SetRTCAlarm                            0x0800208e   Section        0  rtc.o(i.SetRTCAlarm)
    i.SetSysClock                            0x080020c8   Section        0  system_stm32f4xx.o(i.SetSysClock)
    SetSysClock                              0x080020c9   Thumb Code   168  system_stm32f4xx.o(i.SetSysClock)
    i.SysTick_CLKSourceConfig                0x08002180   Section        0  misc.o(i.SysTick_CLKSourceConfig)
    i.SysTick_Handler                        0x0800219c   Section        0  stm32f4xx_it.o(i.SysTick_Handler)
    i.SystemInit                             0x080021a0   Section        0  system_stm32f4xx.o(i.SystemInit)
    i.System_Tick_Init                       0x080021fc   Section        0  delay.o(i.System_Tick_Init)
    i.TI1_Config                             0x08002204   Section        0  stm32f4xx_tim.o(i.TI1_Config)
    TI1_Config                               0x08002205   Thumb Code    46  stm32f4xx_tim.o(i.TI1_Config)
    i.TI2_Config                             0x08002232   Section        0  stm32f4xx_tim.o(i.TI2_Config)
    TI2_Config                               0x08002233   Thumb Code    54  stm32f4xx_tim.o(i.TI2_Config)
    i.TI3_Config                             0x08002268   Section        0  stm32f4xx_tim.o(i.TI3_Config)
    TI3_Config                               0x08002269   Thumb Code    50  stm32f4xx_tim.o(i.TI3_Config)
    i.TI4_Config                             0x0800229a   Section        0  stm32f4xx_tim.o(i.TI4_Config)
    TI4_Config                               0x0800229b   Thumb Code    54  stm32f4xx_tim.o(i.TI4_Config)
    i.TIM3_IRQHandler                        0x080022d0   Section        0  main.o(i.TIM3_IRQHandler)
    i.TIM6_DAC_IRQHandler                    0x08002390   Section        0  main.o(i.TIM6_DAC_IRQHandler)
    i.TIM_ARRPreloadConfig                   0x080023b8   Section        0  stm32f4xx_tim.o(i.TIM_ARRPreloadConfig)
    i.TIM_ClearITPendingBit                  0x080023d0   Section        0  stm32f4xx_tim.o(i.TIM_ClearITPendingBit)
    i.TIM_Cmd                                0x080023d6   Section        0  stm32f4xx_tim.o(i.TIM_Cmd)
    i.TIM_GetCapture1                        0x080023ee   Section        0  stm32f4xx_tim.o(i.TIM_GetCapture1)
    i.TIM_GetITStatus                        0x080023f2   Section        0  stm32f4xx_tim.o(i.TIM_GetITStatus)
    i.TIM_ICInit                             0x0800240a   Section        0  stm32f4xx_tim.o(i.TIM_ICInit)
    i.TIM_IC_MspInit                         0x0800246c   Section        0  gtimer.o(i.TIM_IC_MspInit)
    i.TIM_ITConfig                           0x080024cc   Section        0  stm32f4xx_tim.o(i.TIM_ITConfig)
    i.TIM_OC1Init                            0x080024e0   Section        0  stm32f4xx_tim.o(i.TIM_OC1Init)
    i.TIM_OC1PolarityConfig                  0x08002548   Section        0  stm32f4xx_tim.o(i.TIM_OC1PolarityConfig)
    i.TIM_OC1PreloadConfig                   0x08002554   Section        0  stm32f4xx_tim.o(i.TIM_OC1PreloadConfig)
    i.TIM_SetCounter                         0x08002560   Section        0  stm32f4xx_tim.o(i.TIM_SetCounter)
    i.TIM_SetIC1Prescaler                    0x08002564   Section        0  stm32f4xx_tim.o(i.TIM_SetIC1Prescaler)
    i.TIM_SetIC2Prescaler                    0x08002574   Section        0  stm32f4xx_tim.o(i.TIM_SetIC2Prescaler)
    i.TIM_SetIC3Prescaler                    0x0800258c   Section        0  stm32f4xx_tim.o(i.TIM_SetIC3Prescaler)
    i.TIM_SetIC4Prescaler                    0x0800259c   Section        0  stm32f4xx_tim.o(i.TIM_SetIC4Prescaler)
    i.TIM_TimeBaseInit                       0x080025b4   Section        0  stm32f4xx_tim.o(i.TIM_TimeBaseInit)
    i.TimeBaseClearFlag                      0x08002630   Section        0  base_timer.o(i.TimeBaseClearFlag)
    i.TimeBaseGetFlag                        0x08002644   Section        0  base_timer.o(i.TimeBaseGetFlag)
    i.TimeBaseSetFlag                        0x08002654   Section        0  base_timer.o(i.TimeBaseSetFlag)
    i.TimeBaseUpdata                         0x08002668   Section        0  base_timer.o(i.TimeBaseUpdata)
    i.UARTx_Init                             0x080026a8   Section        0  uart.o(i.UARTx_Init)
    i.USART2_IRQHandler                      0x080027d8   Section        0  main.o(i.USART2_IRQHandler)
    i.USART_ClearFlag                        0x08002848   Section        0  stm32f4xx_usart.o(i.USART_ClearFlag)
    i.USART_ClearITPendingBit                0x08002850   Section        0  stm32f4xx_usart.o(i.USART_ClearITPendingBit)
    i.USART_Cmd                              0x08002860   Section        0  stm32f4xx_usart.o(i.USART_Cmd)
    i.USART_GetFlagStatus                    0x08002878   Section        0  stm32f4xx_usart.o(i.USART_GetFlagStatus)
    i.USART_GetITStatus                      0x08002886   Section        0  stm32f4xx_usart.o(i.USART_GetITStatus)
    i.USART_ITConfig                         0x080028c6   Section        0  stm32f4xx_usart.o(i.USART_ITConfig)
    i.USART_Init                             0x080028fc   Section        0  stm32f4xx_usart.o(i.USART_Init)
    i.USART_PRINT                            0x080029b8   Section        0  uart.o(i.USART_PRINT)
    i.USART_ReceiveData                      0x080029e8   Section        0  stm32f4xx_usart.o(i.USART_ReceiveData)
    i.USART_SendData                         0x080029f0   Section        0  stm32f4xx_usart.o(i.USART_SendData)
    i.USART_SendString                       0x080029f8   Section        0  uart.o(i.USART_SendString)
    i.UsageFault_Handler                     0x08002a30   Section        0  stm32f4xx_it.o(i.UsageFault_Handler)
    i.W25QXX_BufferRead                      0x08002a34   Section        0  w25qxx.o(i.W25QXX_BufferRead)
    i.W25QXX_BufferWrite                     0x08002aa4   Section        0  w25qxx.o(i.W25QXX_BufferWrite)
    i.W25QXX_PageWrite                       0x08002b8c   Section        0  w25qxx.o(i.W25QXX_PageWrite)
    i.W25QXX_SectorErase                     0x08002c38   Section        0  w25qxx.o(i.W25QXX_SectorErase)
    i.W25QXX_WaitForWriteEnd                 0x08002c94   Section        0  w25qxx.o(i.W25QXX_WaitForWriteEnd)
    i.W25QXX_WriteEnable                     0x08002cf0   Section        0  w25qxx.o(i.W25QXX_WriteEnable)
    i.WKUP_Interrupt_Init                    0x08002d1c   Section        0  rtc.o(i.WKUP_Interrupt_Init)
    i.__0printf                              0x08002d68   Section        0  printfa.o(i.__0printf)
    i.__0vsprintf                            0x08002d88   Section        0  printfa.o(i.__0vsprintf)
    i.__aeabi_errno_addr                     0x08002dac   Section        0  errno.o(i.__aeabi_errno_addr)
    i.__scatterload_copy                     0x08002db4   Section       14  handlers.o(i.__scatterload_copy)
    i.__scatterload_null                     0x08002dc2   Section        2  handlers.o(i.__scatterload_null)
    i.__scatterload_zeroinit                 0x08002dc4   Section       14  handlers.o(i.__scatterload_zeroinit)
    i._fp_digits                             0x08002dd4   Section        0  printfa.o(i._fp_digits)
    _fp_digits                               0x08002dd5   Thumb Code   366  printfa.o(i._fp_digits)
    i._printf_core                           0x08002f58   Section        0  printfa.o(i._printf_core)
    _printf_core                             0x08002f59   Thumb Code  1704  printfa.o(i._printf_core)
    i._printf_post_padding                   0x0800360c   Section        0  printfa.o(i._printf_post_padding)
    _printf_post_padding                     0x0800360d   Thumb Code    36  printfa.o(i._printf_post_padding)
    i._printf_pre_padding                    0x08003630   Section        0  printfa.o(i._printf_pre_padding)
    _printf_pre_padding                      0x08003631   Thumb Code    46  printfa.o(i._printf_pre_padding)
    i._sputc                                 0x0800365e   Section        0  printfa.o(i._sputc)
    _sputc                                   0x0800365f   Thumb Code    10  printfa.o(i._sputc)
    i.fputc                                  0x08003668   Section        0  uart.o(i.fputc)
    i.main                                   0x0800368c   Section        0  main.o(i.main)
    i.stmflash_read                          0x08003848   Section        0  flash.o(i.stmflash_read)
    i.stmflash_readfull                      0x08003870   Section        0  flash.o(i.stmflash_readfull)
    i.stmflash_write                         0x080038cc   Section        0  flash.o(i.stmflash_write)
    .constdata                               0x08003a3c   Section       36  base_timer.o(.constdata)
    base_time_div                            0x08003a3c   Data          36  base_timer.o(.constdata)
    .constdata                               0x08003a60   Section        2  led.o(.constdata)
    .constdata                               0x08003a62   Section        8  uart.o(.constdata)
    .constdata                               0x08003a6a   Section        2  button.o(.constdata)
    .constdata                               0x08003a6c   Section      129  ctype_o.o(.constdata)
    .constdata                               0x08003af0   Section        4  ctype_o.o(.constdata)
    table                                    0x08003af0   Data           4  ctype_o.o(.constdata)
    .data                                    0x20000000   Section        8  base_timer.o(.data)
    base_index                               0x20000000   Data           1  base_timer.o(.data)
    base_time_flag                           0x20000002   Data           2  base_timer.o(.data)
    base_counter                             0x20000004   Data           4  base_timer.o(.data)
    .data                                    0x20000008   Section        4  led.o(.data)
    .data                                    0x2000000c   Section       20  uart.o(.data)
    ap                                       0x2000000c   Data           4  uart.o(.data)
    .data                                    0x20000020   Section        4  button.o(.data)
    .data                                    0x20000024   Section        4  hspi.o(.data)
    .data                                    0x20000028   Section       38  main.o(.data)
    state                                    0x20000029   Data           1  main.o(.data)
    TempDataIndex                            0x2000002a   Data           1  main.o(.data)
    .data                                    0x2000004e   Section       16  stm32f4xx_rcc.o(.data)
    APBAHBPrescTable                         0x2000004e   Data          16  stm32f4xx_rcc.o(.data)
    .data                                    0x20000060   Section        4  strtok.o(.data)
    state                                    0x20000060   Data           4  strtok.o(.data)
    .data                                    0x20000064   Section        4  stdout.o(.data)
    .data                                    0x20000068   Section        4  errno.o(.data)
    _errno                                   0x20000068   Data           4  errno.o(.data)
    .bss                                     0x2000006c   Section      255  uart.o(.bss)
    USART_Send_Buf                           0x2000006c   Data         255  uart.o(.bss)
    .bss                                     0x2000016c   Section      316  main.o(.bss)
    STACK                                    0x200002a8   Section     4096  startup_stm32f40_41xxx.o(STACK)

    Global Symbols

    Symbol Name                              Value     Ov Type        Size  Object(Section)

    BuildAttributes$$THM_ISAv4$E$P$D$K$B$S$7EM$VFPi3$EXTD16$VFPS$VFMA$PE$A:L22UL41UL21$X:L11$S22US41US21$IEEE1$IW$USESV6$~STKCKD$USESV7$~SHL$OTIME$ROPI$EBA8$MICROLIB$REQ8$PRES8$EABIv2 0x00000000   Number         0  anon$$obj.o ABSOLUTE
    __ARM_use_no_argv                        0x00000000   Number         0  main.o ABSOLUTE
    _printf_a                                0x00000000   Number         0  stubs.o ABSOLUTE
    _printf_c                                0x00000000   Number         0  stubs.o ABSOLUTE
    _printf_charcount                        0x00000000   Number         0  stubs.o ABSOLUTE
    _printf_d                                0x00000000   Number         0  stubs.o ABSOLUTE
    _printf_e                                0x00000000   Number         0  stubs.o ABSOLUTE
    _printf_f                                0x00000000   Number         0  stubs.o ABSOLUTE
    _printf_flags                            0x00000000   Number         0  stubs.o ABSOLUTE
    _printf_fp_dec                           0x00000000   Number         0  stubs.o ABSOLUTE
    _printf_fp_hex                           0x00000000   Number         0  stubs.o ABSOLUTE
    _printf_g                                0x00000000   Number         0  stubs.o ABSOLUTE
    _printf_i                                0x00000000   Number         0  stubs.o ABSOLUTE
    _printf_int_dec                          0x00000000   Number         0  stubs.o ABSOLUTE
    _printf_l                                0x00000000   Number         0  stubs.o ABSOLUTE
    _printf_lc                               0x00000000   Number         0  stubs.o ABSOLUTE
    _printf_ll                               0x00000000   Number         0  stubs.o ABSOLUTE
    _printf_lld                              0x00000000   Number         0  stubs.o ABSOLUTE
    _printf_lli                              0x00000000   Number         0  stubs.o ABSOLUTE
    _printf_llo                              0x00000000   Number         0  stubs.o ABSOLUTE
    _printf_llu                              0x00000000   Number         0  stubs.o ABSOLUTE
    _printf_llx                              0x00000000   Number         0  stubs.o ABSOLUTE
    _printf_longlong_dec                     0x00000000   Number         0  stubs.o ABSOLUTE
    _printf_longlong_hex                     0x00000000   Number         0  stubs.o ABSOLUTE
    _printf_longlong_oct                     0x00000000   Number         0  stubs.o ABSOLUTE
    _printf_ls                               0x00000000   Number         0  stubs.o ABSOLUTE
    _printf_mbtowc                           0x00000000   Number         0  stubs.o ABSOLUTE
    _printf_n                                0x00000000   Number         0  stubs.o ABSOLUTE
    _printf_o                                0x00000000   Number         0  stubs.o ABSOLUTE
    _printf_p                                0x00000000   Number         0  stubs.o ABSOLUTE
    _printf_percent                          0x00000000   Number         0  stubs.o ABSOLUTE
    _printf_pre_padding                      0x00000000   Number         0  stubs.o ABSOLUTE
    _printf_return_value                     0x00000000   Number         0  stubs.o ABSOLUTE
    _printf_s                                0x00000000   Number         0  stubs.o ABSOLUTE
    _printf_sizespec                         0x00000000   Number         0  stubs.o ABSOLUTE
    _printf_str                              0x00000000   Number         0  stubs.o ABSOLUTE
    _printf_truncate_signed                  0x00000000   Number         0  stubs.o ABSOLUTE
    _printf_truncate_unsigned                0x00000000   Number         0  stubs.o ABSOLUTE
    _printf_u                                0x00000000   Number         0  stubs.o ABSOLUTE
    _printf_wc                               0x00000000   Number         0  stubs.o ABSOLUTE
    _printf_wctomb                           0x00000000   Number         0  stubs.o ABSOLUTE
    _printf_widthprec                        0x00000000   Number         0  stubs.o ABSOLUTE
    _printf_x                                0x00000000   Number         0  stubs.o ABSOLUTE
    __arm_fini_                               - Undefined Weak Reference
    __cpp_initialize__aeabi_                  - Undefined Weak Reference
    __cxa_finalize                            - Undefined Weak Reference
    __decompress                              - Undefined Weak Reference
    _clock_init                               - Undefined Weak Reference
    _microlib_exit                            - Undefined Weak Reference
    __Vectors_Size                           0x00000188   Number         0  startup_stm32f40_41xxx.o ABSOLUTE
    __Vectors                                0x08000000   Data           4  startup_stm32f40_41xxx.o(RESET)
    __Vectors_End                            0x08000188   Data           0  startup_stm32f40_41xxx.o(RESET)
    __main                                   0x08000189   Thumb Code     0  entry.o(.ARM.Collect$$$$00000000)
    _main_stk                                0x08000189   Thumb Code     0  entry2.o(.ARM.Collect$$$$00000001)
    _main_scatterload                        0x0800018d   Thumb Code     0  entry5.o(.ARM.Collect$$$$00000004)
    __main_after_scatterload                 0x08000191   Thumb Code     0  entry5.o(.ARM.Collect$$$$00000004)
    _main_clock                              0x08000191   Thumb Code     0  entry7b.o(.ARM.Collect$$$$00000008)
    _main_cpp_init                           0x08000191   Thumb Code     0  entry8b.o(.ARM.Collect$$$$0000000A)
    _main_init                               0x08000191   Thumb Code     0  entry9a.o(.ARM.Collect$$$$0000000B)
    __rt_lib_shutdown_fini                   0x08000199   Thumb Code     0  entry12b.o(.ARM.Collect$$$$0000000E)
    __rt_final_cpp                           0x0800019d   Thumb Code     0  entry10a.o(.ARM.Collect$$$$0000000F)
    __rt_final_exit                          0x0800019d   Thumb Code     0  entry11a.o(.ARM.Collect$$$$00000011)
    Reset_Handler                            0x080001a1   Thumb Code     8  startup_stm32f40_41xxx.o(.text)
    ADC_IRQHandler                           0x080001bb   Thumb Code     0  startup_stm32f40_41xxx.o(.text)
    CAN1_RX0_IRQHandler                      0x080001bb   Thumb Code     0  startup_stm32f40_41xxx.o(.text)
    CAN1_RX1_IRQHandler                      0x080001bb   Thumb Code     0  startup_stm32f40_41xxx.o(.text)
    CAN1_SCE_IRQHandler                      0x080001bb   Thumb Code     0  startup_stm32f40_41xxx.o(.text)
    CAN1_TX_IRQHandler                       0x080001bb   Thumb Code     0  startup_stm32f40_41xxx.o(.text)
    CAN2_RX0_IRQHandler                      0x080001bb   Thumb Code     0  startup_stm32f40_41xxx.o(.text)
    CAN2_RX1_IRQHandler                      0x080001bb   Thumb Code     0  startup_stm32f40_41xxx.o(.text)
    CAN2_SCE_IRQHandler                      0x080001bb   Thumb Code     0  startup_stm32f40_41xxx.o(.text)
    CAN2_TX_IRQHandler                       0x080001bb   Thumb Code     0  startup_stm32f40_41xxx.o(.text)
    CRYP_IRQHandler                          0x080001bb   Thumb Code     0  startup_stm32f40_41xxx.o(.text)
    DCMI_IRQHandler                          0x080001bb   Thumb Code     0  startup_stm32f40_41xxx.o(.text)
    DMA1_Stream0_IRQHandler                  0x080001bb   Thumb Code     0  startup_stm32f40_41xxx.o(.text)
    DMA1_Stream1_IRQHandler                  0x080001bb   Thumb Code     0  startup_stm32f40_41xxx.o(.text)
    DMA1_Stream2_IRQHandler                  0x080001bb   Thumb Code     0  startup_stm32f40_41xxx.o(.text)
    DMA1_Stream3_IRQHandler                  0x080001bb   Thumb Code     0  startup_stm32f40_41xxx.o(.text)
    DMA1_Stream4_IRQHandler                  0x080001bb   Thumb Code     0  startup_stm32f40_41xxx.o(.text)
    DMA1_Stream5_IRQHandler                  0x080001bb   Thumb Code     0  startup_stm32f40_41xxx.o(.text)
    DMA1_Stream6_IRQHandler                  0x080001bb   Thumb Code     0  startup_stm32f40_41xxx.o(.text)
    DMA1_Stream7_IRQHandler                  0x080001bb   Thumb Code     0  startup_stm32f40_41xxx.o(.text)
    DMA2_Stream0_IRQHandler                  0x080001bb   Thumb Code     0  startup_stm32f40_41xxx.o(.text)
    DMA2_Stream1_IRQHandler                  0x080001bb   Thumb Code     0  startup_stm32f40_41xxx.o(.text)
    DMA2_Stream2_IRQHandler                  0x080001bb   Thumb Code     0  startup_stm32f40_41xxx.o(.text)
    DMA2_Stream3_IRQHandler                  0x080001bb   Thumb Code     0  startup_stm32f40_41xxx.o(.text)
    DMA2_Stream4_IRQHandler                  0x080001bb   Thumb Code     0  startup_stm32f40_41xxx.o(.text)
    DMA2_Stream5_IRQHandler                  0x080001bb   Thumb Code     0  startup_stm32f40_41xxx.o(.text)
    DMA2_Stream6_IRQHandler                  0x080001bb   Thumb Code     0  startup_stm32f40_41xxx.o(.text)
    DMA2_Stream7_IRQHandler                  0x080001bb   Thumb Code     0  startup_stm32f40_41xxx.o(.text)
    ETH_IRQHandler                           0x080001bb   Thumb Code     0  startup_stm32f40_41xxx.o(.text)
    ETH_WKUP_IRQHandler                      0x080001bb   Thumb Code     0  startup_stm32f40_41xxx.o(.text)
    EXTI0_IRQHandler                         0x080001bb   Thumb Code     0  startup_stm32f40_41xxx.o(.text)
    EXTI15_10_IRQHandler                     0x080001bb   Thumb Code     0  startup_stm32f40_41xxx.o(.text)
    EXTI1_IRQHandler                         0x080001bb   Thumb Code     0  startup_stm32f40_41xxx.o(.text)
    EXTI2_IRQHandler                         0x080001bb   Thumb Code     0  startup_stm32f40_41xxx.o(.text)
    EXTI3_IRQHandler                         0x080001bb   Thumb Code     0  startup_stm32f40_41xxx.o(.text)
    EXTI4_IRQHandler                         0x080001bb   Thumb Code     0  startup_stm32f40_41xxx.o(.text)
    EXTI9_5_IRQHandler                       0x080001bb   Thumb Code     0  startup_stm32f40_41xxx.o(.text)
    FLASH_IRQHandler                         0x080001bb   Thumb Code     0  startup_stm32f40_41xxx.o(.text)
    FPU_IRQHandler                           0x080001bb   Thumb Code     0  startup_stm32f40_41xxx.o(.text)
    FSMC_IRQHandler                          0x080001bb   Thumb Code     0  startup_stm32f40_41xxx.o(.text)
    HASH_RNG_IRQHandler                      0x080001bb   Thumb Code     0  startup_stm32f40_41xxx.o(.text)
    I2C1_ER_IRQHandler                       0x080001bb   Thumb Code     0  startup_stm32f40_41xxx.o(.text)
    I2C1_EV_IRQHandler                       0x080001bb   Thumb Code     0  startup_stm32f40_41xxx.o(.text)
    I2C2_ER_IRQHandler                       0x080001bb   Thumb Code     0  startup_stm32f40_41xxx.o(.text)
    I2C2_EV_IRQHandler                       0x080001bb   Thumb Code     0  startup_stm32f40_41xxx.o(.text)
    I2C3_ER_IRQHandler                       0x080001bb   Thumb Code     0  startup_stm32f40_41xxx.o(.text)
    I2C3_EV_IRQHandler                       0x080001bb   Thumb Code     0  startup_stm32f40_41xxx.o(.text)
    OTG_FS_IRQHandler                        0x080001bb   Thumb Code     0  startup_stm32f40_41xxx.o(.text)
    OTG_FS_WKUP_IRQHandler                   0x080001bb   Thumb Code     0  startup_stm32f40_41xxx.o(.text)
    OTG_HS_EP1_IN_IRQHandler                 0x080001bb   Thumb Code     0  startup_stm32f40_41xxx.o(.text)
    OTG_HS_EP1_OUT_IRQHandler                0x080001bb   Thumb Code     0  startup_stm32f40_41xxx.o(.text)
    OTG_HS_IRQHandler                        0x080001bb   Thumb Code     0  startup_stm32f40_41xxx.o(.text)
    OTG_HS_WKUP_IRQHandler                   0x080001bb   Thumb Code     0  startup_stm32f40_41xxx.o(.text)
    PVD_IRQHandler                           0x080001bb   Thumb Code     0  startup_stm32f40_41xxx.o(.text)
    RCC_IRQHandler                           0x080001bb   Thumb Code     0  startup_stm32f40_41xxx.o(.text)
    SDIO_IRQHandler                          0x080001bb   Thumb Code     0  startup_stm32f40_41xxx.o(.text)
    SPI1_IRQHandler                          0x080001bb   Thumb Code     0  startup_stm32f40_41xxx.o(.text)
    SPI2_IRQHandler                          0x080001bb   Thumb Code     0  startup_stm32f40_41xxx.o(.text)
    SPI3_IRQHandler                          0x080001bb   Thumb Code     0  startup_stm32f40_41xxx.o(.text)
    TAMP_STAMP_IRQHandler                    0x080001bb   Thumb Code     0  startup_stm32f40_41xxx.o(.text)
    TIM1_BRK_TIM9_IRQHandler                 0x080001bb   Thumb Code     0  startup_stm32f40_41xxx.o(.text)
    TIM1_CC_IRQHandler                       0x080001bb   Thumb Code     0  startup_stm32f40_41xxx.o(.text)
    TIM1_TRG_COM_TIM11_IRQHandler            0x080001bb   Thumb Code     0  startup_stm32f40_41xxx.o(.text)
    TIM1_UP_TIM10_IRQHandler                 0x080001bb   Thumb Code     0  startup_stm32f40_41xxx.o(.text)
    TIM2_IRQHandler                          0x080001bb   Thumb Code     0  startup_stm32f40_41xxx.o(.text)
    TIM4_IRQHandler                          0x080001bb   Thumb Code     0  startup_stm32f40_41xxx.o(.text)
    TIM5_IRQHandler                          0x080001bb   Thumb Code     0  startup_stm32f40_41xxx.o(.text)
    TIM7_IRQHandler                          0x080001bb   Thumb Code     0  startup_stm32f40_41xxx.o(.text)
    TIM8_BRK_TIM12_IRQHandler                0x080001bb   Thumb Code     0  startup_stm32f40_41xxx.o(.text)
    TIM8_CC_IRQHandler                       0x080001bb   Thumb Code     0  startup_stm32f40_41xxx.o(.text)
    TIM8_TRG_COM_TIM14_IRQHandler            0x080001bb   Thumb Code     0  startup_stm32f40_41xxx.o(.text)
    TIM8_UP_TIM13_IRQHandler                 0x080001bb   Thumb Code     0  startup_stm32f40_41xxx.o(.text)
    UART4_IRQHandler                         0x080001bb   Thumb Code     0  startup_stm32f40_41xxx.o(.text)
    UART5_IRQHandler                         0x080001bb   Thumb Code     0  startup_stm32f40_41xxx.o(.text)
    USART1_IRQHandler                        0x080001bb   Thumb Code     0  startup_stm32f40_41xxx.o(.text)
    USART3_IRQHandler                        0x080001bb   Thumb Code     0  startup_stm32f40_41xxx.o(.text)
    USART6_IRQHandler                        0x080001bb   Thumb Code     0  startup_stm32f40_41xxx.o(.text)
    WWDG_IRQHandler                          0x080001bb   Thumb Code     0  startup_stm32f40_41xxx.o(.text)
    strncpy                                  0x080001c5   Thumb Code    24  strncpy.o(.text)
    strncmp                                  0x080001dd   Thumb Code    30  strncmp.o(.text)
    strtok                                   0x080001fd   Thumb Code    62  strtok.o(.text)
    atoi                                     0x08000241   Thumb Code    26  atoi.o(.text)
    __aeabi_dadd                             0x0800025b   Thumb Code   322  dadd.o(.text)
    __aeabi_dsub                             0x0800039d   Thumb Code     6  dadd.o(.text)
    __aeabi_drsub                            0x080003a3   Thumb Code     6  dadd.o(.text)
    __aeabi_dmul                             0x080003a9   Thumb Code   228  dmul.o(.text)
    __aeabi_ddiv                             0x0800048d   Thumb Code   222  ddiv.o(.text)
    __aeabi_ui2d                             0x0800056b   Thumb Code    26  dfltui.o(.text)
    __aeabi_f2d                              0x08000585   Thumb Code    38  f2d.o(.text)
    __aeabi_d2f                              0x080005ab   Thumb Code    56  d2f.o(.text)
    __aeabi_uidiv                            0x080005e3   Thumb Code     0  uidiv.o(.text)
    __aeabi_uidivmod                         0x080005e3   Thumb Code    44  uidiv.o(.text)
    __aeabi_uldivmod                         0x0800060f   Thumb Code    98  uldiv.o(.text)
    __aeabi_llsl                             0x08000671   Thumb Code    30  llshl.o(.text)
    _ll_shift_l                              0x08000671   Thumb Code     0  llshl.o(.text)
    __aeabi_lasr                             0x0800068f   Thumb Code    36  llsshr.o(.text)
    _ll_sshift_r                             0x0800068f   Thumb Code     0  llsshr.o(.text)
    strtol                                   0x080006b3   Thumb Code   112  strtol.o(.text)
    __I$use$fp                               0x08000723   Thumb Code     0  iusefp.o(.text)
    _float_round                             0x08000723   Thumb Code    18  fepilogue.o(.text)
    _float_epilogue                          0x08000735   Thumb Code    92  fepilogue.o(.text)
    _double_round                            0x08000791   Thumb Code    30  depilogue.o(.text)
    _double_epilogue                         0x080007af   Thumb Code   156  depilogue.o(.text)
    __aeabi_d2ulz                            0x0800084b   Thumb Code    48  dfixul.o(.text)
    __aeabi_cdrcmple                         0x0800087d   Thumb Code    48  cdrcmple.o(.text)
    __scatterload                            0x080008ad   Thumb Code    28  init.o(.text)
    __scatterload_rt2                        0x080008ad   Thumb Code     0  init.o(.text)
    __aeabi_llsr                             0x080008d1   Thumb Code    32  llushr.o(.text)
    _ll_ushift_r                             0x080008d1   Thumb Code     0  llushr.o(.text)
    __rt_ctype_table                         0x080008f1   Thumb Code     4  ctype_o.o(.text)
    _strtoul                                 0x080008f9   Thumb Code   158  _strtoul.o(.text)
    _chval                                   0x08000997   Thumb Code    28  _chval.o(.text)
    ADC_Cmd                                  0x080009b3   Thumb Code    24  stm32f4xx_adc.o(i.ADC_Cmd)
    ADC_CommonInit                           0x080009cd   Thumb Code    30  stm32f4xx_adc.o(i.ADC_CommonInit)
    ADC_DMACmd                               0x080009f5   Thumb Code    24  stm32f4xx_adc.o(i.ADC_DMACmd)
    ADC_DMARequestAfterLastTransferCmd       0x08000a0d   Thumb Code    24  stm32f4xx_adc.o(i.ADC_DMARequestAfterLastTransferCmd)
    ADC_GPIO_Init                            0x08000a25   Thumb Code    36  adc.o(i.ADC_GPIO_Init)
    ADC_Init                                 0x08000a4d   Thumb Code    66  stm32f4xx_adc.o(i.ADC_Init)
    ADC_RegularChannelConfig                 0x08000a99   Thumb Code   116  stm32f4xx_adc.o(i.ADC_RegularChannelConfig)
    ADC_SoftwareStartConv                    0x08000b0d   Thumb Code    10  stm32f4xx_adc.o(i.ADC_SoftwareStartConv)
    ADC_TempSensorVrefintCmd                 0x08000b19   Thumb Code    34  stm32f4xx_adc.o(i.ADC_TempSensorVrefintCmd)
    ALARM_Interrupt_Init                     0x08000b41   Thumb Code    98  rtc.o(i.ALARM_Interrupt_Init)
    BASE_Timer_Init                          0x08000ba9   Thumb Code    86  base_timer.o(i.BASE_Timer_Init)
    BLE_Modify_Time                          0x08000c05   Thumb Code   110  rtc.o(i.BLE_Modify_Time)
    BusFault_Handler                         0x08000c91   Thumb Code     2  stm32f4xx_it.o(i.BusFault_Handler)
    Button_Init                              0x08000c95   Thumb Code    44  button.o(i.Button_Init)
    DMA_Cmd                                  0x08000cc9   Thumb Code    24  stm32f4xx_dma.o(i.DMA_Cmd)
    DMA_Control_Init                         0x08000ce1   Thumb Code    80  adc.o(i.DMA_Control_Init)
    DMA_Init                                 0x08000d3d   Thumb Code    80  stm32f4xx_dma.o(i.DMA_Init)
    DebugMon_Handler                         0x08000d91   Thumb Code     2  stm32f4xx_it.o(i.DebugMon_Handler)
    Delay_us                                 0x08000d93   Thumb Code    36  delay.o(i.Delay_us)
    EXTI_ClearITPendingBit                   0x08000db9   Thumb Code     6  stm32f4xx_exti.o(i.EXTI_ClearITPendingBit)
    EXTI_Init                                0x08000dc5   Thumb Code   110  stm32f4xx_exti.o(i.EXTI_Init)
    FLASH_ClearFlag                          0x08000e39   Thumb Code     6  stm32f4xx_flash.o(i.FLASH_ClearFlag)
    FLASH_EraseSector                        0x08000e45   Thumb Code   106  stm32f4xx_flash.o(i.FLASH_EraseSector)
    FLASH_GetStatus                          0x08000eb5   Thumb Code    56  stm32f4xx_flash.o(i.FLASH_GetStatus)
    FLASH_Lock                               0x08000ef1   Thumb Code    12  stm32f4xx_flash.o(i.FLASH_Lock)
    FLASH_ProgramByte                        0x08000f01   Thumb Code    52  stm32f4xx_flash.o(i.FLASH_ProgramByte)
    FLASH_ProgramHalfWord                    0x08000f39   Thumb Code    56  stm32f4xx_flash.o(i.FLASH_ProgramHalfWord)
    FLASH_ProgramWord                        0x08000f75   Thumb Code    56  stm32f4xx_flash.o(i.FLASH_ProgramWord)
    FLASH_Unlock                             0x08000fb1   Thumb Code    22  stm32f4xx_flash.o(i.FLASH_Unlock)
    FLASH_WaitForLastOperation               0x08000fd5   Thumb Code    34  stm32f4xx_flash.o(i.FLASH_WaitForLastOperation)
    GPIO_Init                                0x08000ff7   Thumb Code   124  stm32f4xx_gpio.o(i.GPIO_Init)
    GPIO_PinAFConfig                         0x08001073   Thumb Code    32  stm32f4xx_gpio.o(i.GPIO_PinAFConfig)
    GPIO_ReadInputDataBit                    0x08001093   Thumb Code    14  stm32f4xx_gpio.o(i.GPIO_ReadInputDataBit)
    GPIO_WriteBit                            0x080010a1   Thumb Code    14  stm32f4xx_gpio.o(i.GPIO_WriteBit)
    GTIM_TIMx_Cap_Chy_Init                   0x080010b1   Thumb Code    94  gtimer.o(i.GTIM_TIMx_Cap_Chy_Init)
    GetSector                                0x08001115   Thumb Code   106  flash.o(i.GetSector)
    Get_Kernal_Tempature                     0x0800119d   Thumb Code   130  adc.o(i.Get_Kernal_Tempature)
    HC_SR04_GetDistance2                     0x08001251   Thumb Code    84  sonic.o(i.HC_SR04_GetDistance2)
    HC_SR04_Start                            0x080012c5   Thumb Code    34  sonic.o(i.HC_SR04_Start)
    HardFault_Handler                        0x080012ed   Thumb Code     2  stm32f4xx_it.o(i.HardFault_Handler)
    JSPI_GPIO_Init                           0x080012f1   Thumb Code   154  hspi.o(i.JSPI_GPIO_Init)
    JSPI_Init                                0x08001391   Thumb Code   158  hspi.o(i.JSPI_Init)
    LED_Init                                 0x08001439   Thumb Code    62  led.o(i.LED_Init)
    MYADC_Init                               0x08001481   Thumb Code   136  adc.o(i.MYADC_Init)
    MemManage_Handler                        0x0800150d   Thumb Code     2  stm32f4xx_it.o(i.MemManage_Handler)
    My_EXTI_Set                              0x0800150f   Thumb Code    36  stm32f4xx_exti.o(i.My_EXTI_Set)
    My_RTC_Init                              0x08001535   Thumb Code    68  rtc.o(i.My_RTC_Init)
    NMI_Handler                              0x0800157d   Thumb Code     2  stm32f4xx_it.o(i.NMI_Handler)
    NVIC_Init                                0x08001581   Thumb Code    98  misc.o(i.NVIC_Init)
    NVIC_PriorityGroupConfig                 0x080015e9   Thumb Code    10  misc.o(i.NVIC_PriorityGroupConfig)
    NVIC_SetPreandSub_IRQx                   0x080015fd   Thumb Code    28  misc.o(i.NVIC_SetPreandSub_IRQx)
    PWM_Config_Init                          0x08001619   Thumb Code    98  pwm.o(i.PWM_Config_Init)
    PWM_GPIO_Init                            0x0800167d   Thumb Code    58  pwm.o(i.PWM_GPIO_Init)
    PWR_BackupAccessCmd                      0x080016bd   Thumb Code     6  stm32f4xx_pwr.o(i.PWR_BackupAccessCmd)
    PendSV_Handler                           0x080016c9   Thumb Code     2  stm32f4xx_it.o(i.PendSV_Handler)
    RCC_AHB1PeriphClockCmd                   0x080016cd   Thumb Code    22  stm32f4xx_rcc.o(i.RCC_AHB1PeriphClockCmd)
    RCC_APB1PeriphClockCmd                   0x080016e9   Thumb Code    22  stm32f4xx_rcc.o(i.RCC_APB1PeriphClockCmd)
    RCC_APB2PeriphClockCmd                   0x08001705   Thumb Code    22  stm32f4xx_rcc.o(i.RCC_APB2PeriphClockCmd)
    RCC_GetClocksFreq                        0x08001721   Thumb Code   148  stm32f4xx_rcc.o(i.RCC_GetClocksFreq)
    RCC_GetFlagStatus                        0x080017c1   Thumb Code    50  stm32f4xx_rcc.o(i.RCC_GetFlagStatus)
    RCC_LSEConfig                            0x080017f9   Thumb Code    28  stm32f4xx_rcc.o(i.RCC_LSEConfig)
    RCC_RTCCLKCmd                            0x08001819   Thumb Code     6  stm32f4xx_rcc.o(i.RCC_RTCCLKCmd)
    RCC_RTCCLKConfig                         0x08001825   Thumb Code    40  stm32f4xx_rcc.o(i.RCC_RTCCLKConfig)
    RTC_AlarmCmd                             0x08001855   Thumb Code    88  stm32f4xx_rtc.o(i.RTC_AlarmCmd)
    RTC_Alarm_IRQHandler                     0x080018b1   Thumb Code    36  main.o(i.RTC_Alarm_IRQHandler)
    RTC_CLK_Config                           0x0800190f   Thumb Code    68  rtc.o(i.RTC_CLK_Config)
    RTC_ClearFlag                            0x08001955   Thumb Code    22  stm32f4xx_rtc.o(i.RTC_ClearFlag)
    RTC_ClearITPendingBit                    0x08001971   Thumb Code    24  stm32f4xx_rtc.o(i.RTC_ClearITPendingBit)
    RTC_EnterInitMode                        0x0800198d   Thumb Code    62  stm32f4xx_rtc.o(i.RTC_EnterInitMode)
    RTC_ExitInitMode                         0x080019d1   Thumb Code    12  stm32f4xx_rtc.o(i.RTC_ExitInitMode)
    RTC_GetITStatus                          0x080019e1   Thumb Code    58  stm32f4xx_rtc.o(i.RTC_GetITStatus)
    RTC_GetTime                              0x08001a21   Thumb Code    68  stm32f4xx_rtc.o(i.RTC_GetTime)
    RTC_ITConfig                             0x08001a6d   Thumb Code    64  stm32f4xx_rtc.o(i.RTC_ITConfig)
    RTC_Init                                 0x08001ab1   Thumb Code    74  stm32f4xx_rtc.o(i.RTC_Init)
    RTC_ReadBackupRegister                   0x08001b01   Thumb Code    16  stm32f4xx_rtc.o(i.RTC_ReadBackupRegister)
    RTC_SetAlarm                             0x08001b15   Thumb Code   184  stm32f4xx_rtc.o(i.RTC_SetAlarm)
    RTC_SetDate                              0x08001bd1   Thumb Code   156  stm32f4xx_rtc.o(i.RTC_SetDate)
    RTC_SetTime                              0x08001c75   Thumb Code   160  stm32f4xx_rtc.o(i.RTC_SetTime)
    RTC_SetWakeUpCounter                     0x08001d1d   Thumb Code    22  stm32f4xx_rtc.o(i.RTC_SetWakeUpCounter)
    RTC_TimeAndDateSet                       0x08001d39   Thumb Code    82  rtc.o(i.RTC_TimeAndDateSet)
    RTC_WKUP_IRQHandler                      0x08001d91   Thumb Code    40  main.o(i.RTC_WKUP_IRQHandler)
    RTC_WaitForSynchro                       0x08001dbd   Thumb Code    72  stm32f4xx_rtc.o(i.RTC_WaitForSynchro)
    RTC_WakeUpClockConfig                    0x08001e09   Thumb Code    34  stm32f4xx_rtc.o(i.RTC_WakeUpClockConfig)
    RTC_WakeUpCmd                            0x08001e31   Thumb Code    90  stm32f4xx_rtc.o(i.RTC_WakeUpCmd)
    RTC_WriteBackupRegister                  0x08001e91   Thumb Code    16  stm32f4xx_rtc.o(i.RTC_WriteBackupRegister)
    SONIC_GPIO_Init                          0x08001ea5   Thumb Code    46  sonic.o(i.SONIC_GPIO_Init)
    SPI_Cmd                                  0x08001ed9   Thumb Code    24  stm32f4xx_spi.o(i.SPI_Cmd)
    SPI_I2S_GetFlagStatus                    0x08001ef1   Thumb Code    14  stm32f4xx_spi.o(i.SPI_I2S_GetFlagStatus)
    SPI_I2S_ReceiveData                      0x08001eff   Thumb Code     4  stm32f4xx_spi.o(i.SPI_I2S_ReceiveData)
    SPI_I2S_SendData                         0x08001f03   Thumb Code     4  stm32f4xx_spi.o(i.SPI_I2S_SendData)
    SPI_Init                                 0x08001f07   Thumb Code    56  stm32f4xx_spi.o(i.SPI_Init)
    SPI_ReadByte                             0x08001f41   Thumb Code    70  hspi.o(i.SPI_ReadByte)
    SPI_SendByte                             0x08001f8d   Thumb Code   184  hspi.o(i.SPI_SendByte)
    SPI_TIMEOUT_UserCallback                 0x08002051   Thumb Code    14  hspi.o(i.SPI_TIMEOUT_UserCallback)
    SVC_Handler                              0x0800208d   Thumb Code     2  stm32f4xx_it.o(i.SVC_Handler)
    SetRTCAlarm                              0x0800208f   Thumb Code    56  rtc.o(i.SetRTCAlarm)
    SysTick_CLKSourceConfig                  0x08002181   Thumb Code    28  misc.o(i.SysTick_CLKSourceConfig)
    SysTick_Handler                          0x0800219d   Thumb Code     2  stm32f4xx_it.o(i.SysTick_Handler)
    SystemInit                               0x080021a1   Thumb Code    74  system_stm32f4xx.o(i.SystemInit)
    System_Tick_Init                         0x080021fd   Thumb Code     8  delay.o(i.System_Tick_Init)
    TIM3_IRQHandler                          0x080022d1   Thumb Code   182  main.o(i.TIM3_IRQHandler)
    TIM6_DAC_IRQHandler                      0x08002391   Thumb Code    34  main.o(i.TIM6_DAC_IRQHandler)
    TIM_ARRPreloadConfig                     0x080023b9   Thumb Code    24  stm32f4xx_tim.o(i.TIM_ARRPreloadConfig)
    TIM_ClearITPendingBit                    0x080023d1   Thumb Code     6  stm32f4xx_tim.o(i.TIM_ClearITPendingBit)
    TIM_Cmd                                  0x080023d7   Thumb Code    24  stm32f4xx_tim.o(i.TIM_Cmd)
    TIM_GetCapture1                          0x080023ef   Thumb Code     4  stm32f4xx_tim.o(i.TIM_GetCapture1)
    TIM_GetITStatus                          0x080023f3   Thumb Code    24  stm32f4xx_tim.o(i.TIM_GetITStatus)
    TIM_ICInit                               0x0800240b   Thumb Code    98  stm32f4xx_tim.o(i.TIM_ICInit)
    TIM_IC_MspInit                           0x0800246d   Thumb Code    92  gtimer.o(i.TIM_IC_MspInit)
    TIM_ITConfig                             0x080024cd   Thumb Code    20  stm32f4xx_tim.o(i.TIM_ITConfig)
    TIM_OC1Init                              0x080024e1   Thumb Code    96  stm32f4xx_tim.o(i.TIM_OC1Init)
    TIM_OC1PolarityConfig                    0x08002549   Thumb Code    12  stm32f4xx_tim.o(i.TIM_OC1PolarityConfig)
    TIM_OC1PreloadConfig                     0x08002555   Thumb Code    12  stm32f4xx_tim.o(i.TIM_OC1PreloadConfig)
    TIM_SetCounter                           0x08002561   Thumb Code     4  stm32f4xx_tim.o(i.TIM_SetCounter)
    TIM_SetIC1Prescaler                      0x08002565   Thumb Code    16  stm32f4xx_tim.o(i.TIM_SetIC1Prescaler)
    TIM_SetIC2Prescaler                      0x08002575   Thumb Code    24  stm32f4xx_tim.o(i.TIM_SetIC2Prescaler)
    TIM_SetIC3Prescaler                      0x0800258d   Thumb Code    16  stm32f4xx_tim.o(i.TIM_SetIC3Prescaler)
    TIM_SetIC4Prescaler                      0x0800259d   Thumb Code    24  stm32f4xx_tim.o(i.TIM_SetIC4Prescaler)
    TIM_TimeBaseInit                         0x080025b5   Thumb Code    96  stm32f4xx_tim.o(i.TIM_TimeBaseInit)
    TimeBaseClearFlag                        0x08002631   Thumb Code    14  base_timer.o(i.TimeBaseClearFlag)
    TimeBaseGetFlag                          0x08002645   Thumb Code    12  base_timer.o(i.TimeBaseGetFlag)
    TimeBaseSetFlag                          0x08002655   Thumb Code    14  base_timer.o(i.TimeBaseSetFlag)
    TimeBaseUpdata                           0x08002669   Thumb Code    56  base_timer.o(i.TimeBaseUpdata)
    UARTx_Init                               0x080026a9   Thumb Code   296  uart.o(i.UARTx_Init)
    USART2_IRQHandler                        0x080027d9   Thumb Code    98  main.o(i.USART2_IRQHandler)
    USART_ClearFlag                          0x08002849   Thumb Code     8  stm32f4xx_usart.o(i.USART_ClearFlag)
    USART_ClearITPendingBit                  0x08002851   Thumb Code    16  stm32f4xx_usart.o(i.USART_ClearITPendingBit)
    USART_Cmd                                0x08002861   Thumb Code    24  stm32f4xx_usart.o(i.USART_Cmd)
    USART_GetFlagStatus                      0x08002879   Thumb Code    14  stm32f4xx_usart.o(i.USART_GetFlagStatus)
    USART_GetITStatus                        0x08002887   Thumb Code    64  stm32f4xx_usart.o(i.USART_GetITStatus)
    USART_ITConfig                           0x080028c7   Thumb Code    54  stm32f4xx_usart.o(i.USART_ITConfig)
    USART_Init                               0x080028fd   Thumb Code   180  stm32f4xx_usart.o(i.USART_Init)
    USART_PRINT                              0x080029b9   Thumb Code    38  uart.o(i.USART_PRINT)
    USART_ReceiveData                        0x080029e9   Thumb Code     8  stm32f4xx_usart.o(i.USART_ReceiveData)
    USART_SendData                           0x080029f1   Thumb Code     8  stm32f4xx_usart.o(i.USART_SendData)
    USART_SendString                         0x080029f9   Thumb Code    56  uart.o(i.USART_SendString)
    UsageFault_Handler                       0x08002a31   Thumb Code     2  stm32f4xx_it.o(i.UsageFault_Handler)
    W25QXX_BufferRead                        0x08002a35   Thumb Code   106  w25qxx.o(i.W25QXX_BufferRead)
    W25QXX_BufferWrite                       0x08002aa5   Thumb Code   230  w25qxx.o(i.W25QXX_BufferWrite)
    W25QXX_PageWrite                         0x08002b8d   Thumb Code   120  w25qxx.o(i.W25QXX_PageWrite)
    W25QXX_SectorErase                       0x08002c39   Thumb Code    86  w25qxx.o(i.W25QXX_SectorErase)
    W25QXX_WaitForWriteEnd                   0x08002c95   Thumb Code    82  w25qxx.o(i.W25QXX_WaitForWriteEnd)
    W25QXX_WriteEnable                       0x08002cf1   Thumb Code    38  w25qxx.o(i.W25QXX_WriteEnable)
    WKUP_Interrupt_Init                      0x08002d1d   Thumb Code    74  rtc.o(i.WKUP_Interrupt_Init)
    __0printf                                0x08002d69   Thumb Code    22  printfa.o(i.__0printf)
    __1printf                                0x08002d69   Thumb Code     0  printfa.o(i.__0printf)
    __2printf                                0x08002d69   Thumb Code     0  printfa.o(i.__0printf)
    __c89printf                              0x08002d69   Thumb Code     0  printfa.o(i.__0printf)
    printf                                   0x08002d69   Thumb Code     0  printfa.o(i.__0printf)
    __0vsprintf                              0x08002d89   Thumb Code    30  printfa.o(i.__0vsprintf)
    __1vsprintf                              0x08002d89   Thumb Code     0  printfa.o(i.__0vsprintf)
    __2vsprintf                              0x08002d89   Thumb Code     0  printfa.o(i.__0vsprintf)
    __c89vsprintf                            0x08002d89   Thumb Code     0  printfa.o(i.__0vsprintf)
    vsprintf                                 0x08002d89   Thumb Code     0  printfa.o(i.__0vsprintf)
    __aeabi_errno_addr                       0x08002dad   Thumb Code     4  errno.o(i.__aeabi_errno_addr)
    __rt_errno_addr                          0x08002dad   Thumb Code     0  errno.o(i.__aeabi_errno_addr)
    __scatterload_copy                       0x08002db5   Thumb Code    14  handlers.o(i.__scatterload_copy)
    __scatterload_null                       0x08002dc3   Thumb Code     2  handlers.o(i.__scatterload_null)
    __scatterload_zeroinit                   0x08002dc5   Thumb Code    14  handlers.o(i.__scatterload_zeroinit)
    fputc                                    0x08003669   Thumb Code    30  uart.o(i.fputc)
    main                                     0x0800368d   Thumb Code   358  main.o(i.main)
    stmflash_read                            0x08003849   Thumb Code    40  flash.o(i.stmflash_read)
    stmflash_readfull                        0x08003871   Thumb Code    92  flash.o(i.stmflash_readfull)
    stmflash_write                           0x080038cd   Thumb Code   354  flash.o(i.stmflash_write)
    GPIO_PIN                                 0x08003a60   Data           2  led.o(.constdata)
    GPIOx_AF                                 0x08003a62   Data           2  uart.o(.constdata)
    NVIC_UARTx_IRQ                           0x08003a64   Data           2  uart.o(.constdata)
    NVIC_UARTx_Pre                           0x08003a66   Data           2  uart.o(.constdata)
    NVIC_UARTx_Sub                           0x08003a68   Data           2  uart.o(.constdata)
    BUTTON_GPIO_PIN                          0x08003a6a   Data           2  button.o(.constdata)
    __ctype_table                            0x08003a6c   Data         129  ctype_o.o(.constdata)
    Region$$Table$$Base                      0x08003af4   Number         0  anon$$obj.o(Region$$Table)
    Region$$Table$$Limit                     0x08003b14   Number         0  anon$$obj.o(Region$$Table)
    GPIO_PORT                                0x20000008   Data           4  led.o(.data)
    UARTx_GPIO_PORT                          0x20000010   Data           8  uart.o(.data)
    USARTx                                   0x20000018   Data           8  uart.o(.data)
    BUTTON_GPIO_PORT                         0x20000020   Data           4  button.o(.data)
    SPITimeout                               0x20000024   Data           4  hspi.o(.data)
    RTC_WKUP_Flag                            0x20000028   Data           1  main.o(.data)
    Gtimer3Input                             0x2000002c   Data           4  main.o(.data)
    RTC_TimeStructure                        0x20000030   Data           4  main.o(.data)
    My_Flash                                 0x20000034   Data           6  main.o(.data)
    Tx_Buffer                                0x2000003a   Data          20  main.o(.data)
    __stdout                                 0x20000064   Data           4  stdout.o(.data)
    ADC_Temp                                 0x2000016c   Data          12  main.o(.bss)
    Rx_Buffer                                0x20000178   Data          19  main.o(.bss)
    RTC_AlarmStructure                       0x2000018c   Data          16  main.o(.bss)
    RTC_SetTime1                             0x2000019c   Data          12  main.o(.bss)
    UartBLEReceive                           0x200001a8   Data         256  main.o(.bss)
    __initial_sp                             0x200012a8   Data           0  startup_stm32f40_41xxx.o(STACK)



==============================================================================

Memory Map of the image

  Image Entry point : 0x08000189

  Load Region LR_IROM1 (Base: 0x08000000, Size: 0x00003b80, Max: 0x00080000, ABSOLUTE)

    Execution Region ER_IROM1 (Exec base: 0x08000000, Load base: 0x08000000, Size: 0x00003b14, Max: 0x00080000, ABSOLUTE)

    Exec Addr    Load Addr    Size         Type   Attr      Idx    E Section Name        Object

    0x08000000   0x08000000   0x00000188   Data   RO         1024    RESET               startup_stm32f40_41xxx.o
    0x08000188   0x08000188   0x00000000   Code   RO         3886  * .ARM.Collect$$$$00000000  mc_w.l(entry.o)
    0x08000188   0x08000188   0x00000004   Code   RO         4202    .ARM.Collect$$$$00000001  mc_w.l(entry2.o)
    0x0800018c   0x0800018c   0x00000004   Code   RO         4205    .ARM.Collect$$$$00000004  mc_w.l(entry5.o)
    0x08000190   0x08000190   0x00000000   Code   RO         4207    .ARM.Collect$$$$00000008  mc_w.l(entry7b.o)
    0x08000190   0x08000190   0x00000000   Code   RO         4209    .ARM.Collect$$$$0000000A  mc_w.l(entry8b.o)
    0x08000190   0x08000190   0x00000008   Code   RO         4210    .ARM.Collect$$$$0000000B  mc_w.l(entry9a.o)
    0x08000198   0x08000198   0x00000004   Code   RO         4217    .ARM.Collect$$$$0000000E  mc_w.l(entry12b.o)
    0x0800019c   0x0800019c   0x00000000   Code   RO         4212    .ARM.Collect$$$$0000000F  mc_w.l(entry10a.o)
    0x0800019c   0x0800019c   0x00000000   Code   RO         4214    .ARM.Collect$$$$00000011  mc_w.l(entry11a.o)
    0x0800019c   0x0800019c   0x00000004   Code   RO         4203    .ARM.Collect$$$$00002712  mc_w.l(entry2.o)
    0x080001a0   0x080001a0   0x00000024   Code   RO         1025    .text               startup_stm32f40_41xxx.o
    0x080001c4   0x080001c4   0x00000018   Code   RO         3889    .text               mc_w.l(strncpy.o)
    0x080001dc   0x080001dc   0x0000001e   Code   RO         3891    .text               mc_w.l(strncmp.o)
    0x080001fa   0x080001fa   0x00000002   PAD
    0x080001fc   0x080001fc   0x00000044   Code   RO         3893    .text               mc_w.l(strtok.o)
    0x08000240   0x08000240   0x0000001a   Code   RO         4188    .text               mc_w.l(atoi.o)
    0x0800025a   0x0800025a   0x0000014e   Code   RO         4190    .text               mf_w.l(dadd.o)
    0x080003a8   0x080003a8   0x000000e4   Code   RO         4192    .text               mf_w.l(dmul.o)
    0x0800048c   0x0800048c   0x000000de   Code   RO         4194    .text               mf_w.l(ddiv.o)
    0x0800056a   0x0800056a   0x0000001a   Code   RO         4196    .text               mf_w.l(dfltui.o)
    0x08000584   0x08000584   0x00000026   Code   RO         4198    .text               mf_w.l(f2d.o)
    0x080005aa   0x080005aa   0x00000038   Code   RO         4200    .text               mf_w.l(d2f.o)
    0x080005e2   0x080005e2   0x0000002c   Code   RO         4219    .text               mc_w.l(uidiv.o)
    0x0800060e   0x0800060e   0x00000062   Code   RO         4221    .text               mc_w.l(uldiv.o)
    0x08000670   0x08000670   0x0000001e   Code   RO         4223    .text               mc_w.l(llshl.o)
    0x0800068e   0x0800068e   0x00000024   Code   RO         4225    .text               mc_w.l(llsshr.o)
    0x080006b2   0x080006b2   0x00000070   Code   RO         4240    .text               mc_w.l(strtol.o)
    0x08000722   0x08000722   0x00000000   Code   RO         4242    .text               mc_w.l(iusefp.o)
    0x08000722   0x08000722   0x0000006e   Code   RO         4243    .text               mf_w.l(fepilogue.o)
    0x08000790   0x08000790   0x000000ba   Code   RO         4245    .text               mf_w.l(depilogue.o)
    0x0800084a   0x0800084a   0x00000030   Code   RO         4247    .text               mf_w.l(dfixul.o)
    0x0800087a   0x0800087a   0x00000002   PAD
    0x0800087c   0x0800087c   0x00000030   Code   RO         4249    .text               mf_w.l(cdrcmple.o)
    0x080008ac   0x080008ac   0x00000024   Code   RO         4251    .text               mc_w.l(init.o)
    0x080008d0   0x080008d0   0x00000020   Code   RO         4253    .text               mc_w.l(llushr.o)
    0x080008f0   0x080008f0   0x00000008   Code   RO         4255    .text               mc_w.l(ctype_o.o)
    0x080008f8   0x080008f8   0x0000009e   Code   RO         4283    .text               mc_w.l(_strtoul.o)
    0x08000996   0x08000996   0x0000001c   Code   RO         4285    .text               mc_w.l(_chval.o)
    0x080009b2   0x080009b2   0x00000018   Code   RO         3272    i.ADC_Cmd           stm32f4xx_adc.o
    0x080009ca   0x080009ca   0x00000002   PAD
    0x080009cc   0x080009cc   0x00000028   Code   RO         3273    i.ADC_CommonInit    stm32f4xx_adc.o
    0x080009f4   0x080009f4   0x00000018   Code   RO         3276    i.ADC_DMACmd        stm32f4xx_adc.o
    0x08000a0c   0x08000a0c   0x00000018   Code   RO         3277    i.ADC_DMARequestAfterLastTransferCmd  stm32f4xx_adc.o
    0x08000a24   0x08000a24   0x00000028   Code   RO          783    i.ADC_GPIO_Init     adc.o
    0x08000a4c   0x08000a4c   0x0000004c   Code   RO         3292    i.ADC_Init          stm32f4xx_adc.o
    0x08000a98   0x08000a98   0x00000074   Code   RO         3297    i.ADC_RegularChannelConfig  stm32f4xx_adc.o
    0x08000b0c   0x08000b0c   0x0000000a   Code   RO         3299    i.ADC_SoftwareStartConv  stm32f4xx_adc.o
    0x08000b16   0x08000b16   0x00000002   PAD
    0x08000b18   0x08000b18   0x00000028   Code   RO         3302    i.ADC_TempSensorVrefintCmd  stm32f4xx_adc.o
    0x08000b40   0x08000b40   0x00000068   Code   RO          654    i.ALARM_Interrupt_Init  rtc.o
    0x08000ba8   0x08000ba8   0x0000005c   Code   RO          203    i.BASE_Timer_Init   base_timer.o
    0x08000c04   0x08000c04   0x0000008c   Code   RO          655    i.BLE_Modify_Time   rtc.o
    0x08000c90   0x08000c90   0x00000002   Code   RO          950    i.BusFault_Handler  stm32f4xx_it.o
    0x08000c92   0x08000c92   0x00000002   PAD
    0x08000c94   0x08000c94   0x00000034   Code   RO          393    i.Button_Init       button.o
    0x08000cc8   0x08000cc8   0x00000018   Code   RO         3514    i.DMA_Cmd           stm32f4xx_dma.o
    0x08000ce0   0x08000ce0   0x0000005c   Code   RO          784    i.DMA_Control_Init  adc.o
    0x08000d3c   0x08000d3c   0x00000054   Code   RO         3526    i.DMA_Init          stm32f4xx_dma.o
    0x08000d90   0x08000d90   0x00000002   Code   RO          951    i.DebugMon_Handler  stm32f4xx_it.o
    0x08000d92   0x08000d92   0x00000024   Code   RO         3854    i.Delay_us          delay.o
    0x08000db6   0x08000db6   0x00000002   PAD
    0x08000db8   0x08000db8   0x0000000c   Code   RO         1527    i.EXTI_ClearITPendingBit  stm32f4xx_exti.o
    0x08000dc4   0x08000dc4   0x00000074   Code   RO         1532    i.EXTI_Init         stm32f4xx_exti.o
    0x08000e38   0x08000e38   0x0000000c   Code   RO         3008    i.FLASH_ClearFlag   stm32f4xx_flash.o
    0x08000e44   0x08000e44   0x00000070   Code   RO         3014    i.FLASH_EraseSector  stm32f4xx_flash.o
    0x08000eb4   0x08000eb4   0x0000003c   Code   RO         3016    i.FLASH_GetStatus   stm32f4xx_flash.o
    0x08000ef0   0x08000ef0   0x00000010   Code   RO         3020    i.FLASH_Lock        stm32f4xx_flash.o
    0x08000f00   0x08000f00   0x00000038   Code   RO         3041    i.FLASH_ProgramByte  stm32f4xx_flash.o
    0x08000f38   0x08000f38   0x0000003c   Code   RO         3043    i.FLASH_ProgramHalfWord  stm32f4xx_flash.o
    0x08000f74   0x08000f74   0x0000003c   Code   RO         3044    i.FLASH_ProgramWord  stm32f4xx_flash.o
    0x08000fb0   0x08000fb0   0x00000024   Code   RO         3046    i.FLASH_Unlock      stm32f4xx_flash.o
    0x08000fd4   0x08000fd4   0x00000022   Code   RO         3047    i.FLASH_WaitForLastOperation  stm32f4xx_flash.o
    0x08000ff6   0x08000ff6   0x0000007c   Code   RO         1425    i.GPIO_Init         stm32f4xx_gpio.o
    0x08001072   0x08001072   0x00000020   Code   RO         1426    i.GPIO_PinAFConfig  stm32f4xx_gpio.o
    0x08001092   0x08001092   0x0000000e   Code   RO         1429    i.GPIO_ReadInputDataBit  stm32f4xx_gpio.o
    0x080010a0   0x080010a0   0x0000000e   Code   RO         1437    i.GPIO_WriteBit     stm32f4xx_gpio.o
    0x080010ae   0x080010ae   0x00000002   PAD
    0x080010b0   0x080010b0   0x00000064   Code   RO          624    i.GTIM_TIMx_Cap_Chy_Init  gtimer.o
    0x08001114   0x08001114   0x00000088   Code   RO          731    i.GetSector         flash.o
    0x0800119c   0x0800119c   0x000000b4   Code   RO          785    i.Get_Kernal_Tempature  adc.o
    0x08001250   0x08001250   0x00000074   Code   RO          431    i.HC_SR04_GetDistance2  sonic.o
    0x080012c4   0x080012c4   0x00000028   Code   RO          432    i.HC_SR04_Start     sonic.o
    0x080012ec   0x080012ec   0x00000002   Code   RO          952    i.HardFault_Handler  stm32f4xx_it.o
    0x080012ee   0x080012ee   0x00000002   PAD
    0x080012f0   0x080012f0   0x000000a0   Code   RO          829    i.JSPI_GPIO_Init    hspi.o
    0x08001390   0x08001390   0x000000a8   Code   RO          830    i.JSPI_Init         hspi.o
    0x08001438   0x08001438   0x00000048   Code   RO          290    i.LED_Init          led.o
    0x08001480   0x08001480   0x0000008c   Code   RO          786    i.MYADC_Init        adc.o
    0x0800150c   0x0800150c   0x00000002   Code   RO          953    i.MemManage_Handler  stm32f4xx_it.o
    0x0800150e   0x0800150e   0x00000024   Code   RO         1534    i.My_EXTI_Set       stm32f4xx_exti.o
    0x08001532   0x08001532   0x00000002   PAD
    0x08001534   0x08001534   0x00000048   Code   RO          656    i.My_RTC_Init       rtc.o
    0x0800157c   0x0800157c   0x00000002   Code   RO          954    i.NMI_Handler       stm32f4xx_it.o
    0x0800157e   0x0800157e   0x00000002   PAD
    0x08001580   0x08001580   0x00000068   Code   RO         1032    i.NVIC_Init         misc.o
    0x080015e8   0x080015e8   0x00000014   Code   RO         1033    i.NVIC_PriorityGroupConfig  misc.o
    0x080015fc   0x080015fc   0x0000001c   Code   RO         1034    i.NVIC_SetPreandSub_IRQx  misc.o
    0x08001618   0x08001618   0x00000062   Code   RO          257    i.PWM_Config_Init   pwm.o
    0x0800167a   0x0800167a   0x00000002   PAD
    0x0800167c   0x0800167c   0x00000040   Code   RO          258    i.PWM_GPIO_Init     pwm.o
    0x080016bc   0x080016bc   0x0000000c   Code   RO         2894    i.PWR_BackupAccessCmd  stm32f4xx_pwr.o
    0x080016c8   0x080016c8   0x00000002   Code   RO          955    i.PendSV_Handler    stm32f4xx_it.o
    0x080016ca   0x080016ca   0x00000002   PAD
    0x080016cc   0x080016cc   0x0000001c   Code   RO         1086    i.RCC_AHB1PeriphClockCmd  stm32f4xx_rcc.o
    0x080016e8   0x080016e8   0x0000001c   Code   RO         1095    i.RCC_APB1PeriphClockCmd  stm32f4xx_rcc.o
    0x08001704   0x08001704   0x0000001c   Code   RO         1098    i.RCC_APB2PeriphClockCmd  stm32f4xx_rcc.o
    0x08001720   0x08001720   0x000000a0   Code   RO         1107    i.RCC_GetClocksFreq  stm32f4xx_rcc.o
    0x080017c0   0x080017c0   0x00000038   Code   RO         1108    i.RCC_GetFlagStatus  stm32f4xx_rcc.o
    0x080017f8   0x080017f8   0x00000020   Code   RO         1116    i.RCC_LSEConfig     stm32f4xx_rcc.o
    0x08001818   0x08001818   0x0000000c   Code   RO         1130    i.RCC_RTCCLKCmd     stm32f4xx_rcc.o
    0x08001824   0x08001824   0x00000030   Code   RO         1131    i.RCC_RTCCLKConfig  stm32f4xx_rcc.o
    0x08001854   0x08001854   0x0000005c   Code   RO         2536    i.RTC_AlarmCmd      stm32f4xx_rtc.o
    0x080018b0   0x080018b0   0x00000034   Code   RO          887    i.RTC_Alarm_IRQHandler  main.o
    0x080018e4   0x080018e4   0x00000012   Code   RO         2539    i.RTC_Bcd2ToByte    stm32f4xx_rtc.o
    0x080018f6   0x080018f6   0x00000018   Code   RO         2541    i.RTC_ByteToBcd2    stm32f4xx_rtc.o
    0x0800190e   0x0800190e   0x00000044   Code   RO          657    i.RTC_CLK_Config    rtc.o
    0x08001952   0x08001952   0x00000002   PAD
    0x08001954   0x08001954   0x0000001c   Code   RO         2544    i.RTC_ClearFlag     stm32f4xx_rtc.o
    0x08001970   0x08001970   0x0000001c   Code   RO         2545    i.RTC_ClearITPendingBit  stm32f4xx_rtc.o
    0x0800198c   0x0800198c   0x00000044   Code   RO         2551    i.RTC_EnterInitMode  stm32f4xx_rtc.o
    0x080019d0   0x080019d0   0x00000010   Code   RO         2552    i.RTC_ExitInitMode  stm32f4xx_rtc.o
    0x080019e0   0x080019e0   0x00000040   Code   RO         2557    i.RTC_GetITStatus   stm32f4xx_rtc.o
    0x08001a20   0x08001a20   0x0000004c   Code   RO         2560    i.RTC_GetTime       stm32f4xx_rtc.o
    0x08001a6c   0x08001a6c   0x00000044   Code   RO         2564    i.RTC_ITConfig      stm32f4xx_rtc.o
    0x08001ab0   0x08001ab0   0x00000050   Code   RO         2565    i.RTC_Init          stm32f4xx_rtc.o
    0x08001b00   0x08001b00   0x00000014   Code   RO         2568    i.RTC_ReadBackupRegister  stm32f4xx_rtc.o
    0x08001b14   0x08001b14   0x000000bc   Code   RO         2570    i.RTC_SetAlarm      stm32f4xx_rtc.o
    0x08001bd0   0x08001bd0   0x000000a4   Code   RO         2571    i.RTC_SetDate       stm32f4xx_rtc.o
    0x08001c74   0x08001c74   0x000000a8   Code   RO         2572    i.RTC_SetTime       stm32f4xx_rtc.o
    0x08001d1c   0x08001d1c   0x0000001c   Code   RO         2573    i.RTC_SetWakeUpCounter  stm32f4xx_rtc.o
    0x08001d38   0x08001d38   0x00000058   Code   RO          658    i.RTC_TimeAndDateSet  rtc.o
    0x08001d90   0x08001d90   0x0000002c   Code   RO          888    i.RTC_WKUP_IRQHandler  main.o
    0x08001dbc   0x08001dbc   0x0000004c   Code   RO         2588    i.RTC_WaitForSynchro  stm32f4xx_rtc.o
    0x08001e08   0x08001e08   0x00000028   Code   RO         2589    i.RTC_WakeUpClockConfig  stm32f4xx_rtc.o
    0x08001e30   0x08001e30   0x00000060   Code   RO         2590    i.RTC_WakeUpCmd     stm32f4xx_rtc.o
    0x08001e90   0x08001e90   0x00000014   Code   RO         2591    i.RTC_WriteBackupRegister  stm32f4xx_rtc.o
    0x08001ea4   0x08001ea4   0x00000034   Code   RO          433    i.SONIC_GPIO_Init   sonic.o
    0x08001ed8   0x08001ed8   0x00000018   Code   RO         3650    i.SPI_Cmd           stm32f4xx_spi.o
    0x08001ef0   0x08001ef0   0x0000000e   Code   RO         3658    i.SPI_I2S_GetFlagStatus  stm32f4xx_spi.o
    0x08001efe   0x08001efe   0x00000004   Code   RO         3661    i.SPI_I2S_ReceiveData  stm32f4xx_spi.o
    0x08001f02   0x08001f02   0x00000004   Code   RO         3662    i.SPI_I2S_SendData  stm32f4xx_spi.o
    0x08001f06   0x08001f06   0x00000038   Code   RO         3663    i.SPI_Init          stm32f4xx_spi.o
    0x08001f3e   0x08001f3e   0x00000002   PAD
    0x08001f40   0x08001f40   0x0000004c   Code   RO          831    i.SPI_ReadByte      hspi.o
    0x08001f8c   0x08001f8c   0x000000c4   Code   RO          832    i.SPI_SendByte      hspi.o
    0x08002050   0x08002050   0x0000003c   Code   RO          833    i.SPI_TIMEOUT_UserCallback  hspi.o
    0x0800208c   0x0800208c   0x00000002   Code   RO          956    i.SVC_Handler       stm32f4xx_it.o
    0x0800208e   0x0800208e   0x00000038   Code   RO          659    i.SetRTCAlarm       rtc.o
    0x080020c6   0x080020c6   0x00000002   PAD
    0x080020c8   0x080020c8   0x000000b8   Code   RO         3812    i.SetSysClock       system_stm32f4xx.o
    0x08002180   0x08002180   0x0000001c   Code   RO         1037    i.SysTick_CLKSourceConfig  misc.o
    0x0800219c   0x0800219c   0x00000002   Code   RO          957    i.SysTick_Handler   stm32f4xx_it.o
    0x0800219e   0x0800219e   0x00000002   PAD
    0x080021a0   0x080021a0   0x0000005c   Code   RO         3814    i.SystemInit        system_stm32f4xx.o
    0x080021fc   0x080021fc   0x00000008   Code   RO         3855    i.System_Tick_Init  delay.o
    0x08002204   0x08002204   0x0000002e   Code   RO         1658    i.TI1_Config        stm32f4xx_tim.o
    0x08002232   0x08002232   0x00000036   Code   RO         1659    i.TI2_Config        stm32f4xx_tim.o
    0x08002268   0x08002268   0x00000032   Code   RO         1660    i.TI3_Config        stm32f4xx_tim.o
    0x0800229a   0x0800229a   0x00000036   Code   RO         1661    i.TI4_Config        stm32f4xx_tim.o
    0x080022d0   0x080022d0   0x000000c0   Code   RO          889    i.TIM3_IRQHandler   main.o
    0x08002390   0x08002390   0x00000028   Code   RO          890    i.TIM6_DAC_IRQHandler  main.o
    0x080023b8   0x080023b8   0x00000018   Code   RO         1662    i.TIM_ARRPreloadConfig  stm32f4xx_tim.o
    0x080023d0   0x080023d0   0x00000006   Code   RO         1669    i.TIM_ClearITPendingBit  stm32f4xx_tim.o
    0x080023d6   0x080023d6   0x00000018   Code   RO         1674    i.TIM_Cmd           stm32f4xx_tim.o
    0x080023ee   0x080023ee   0x00000004   Code   RO         1689    i.TIM_GetCapture1   stm32f4xx_tim.o
    0x080023f2   0x080023f2   0x00000018   Code   RO         1695    i.TIM_GetITStatus   stm32f4xx_tim.o
    0x0800240a   0x0800240a   0x00000062   Code   RO         1697    i.TIM_ICInit        stm32f4xx_tim.o
    0x0800246c   0x0800246c   0x00000060   Code   RO          625    i.TIM_IC_MspInit    gtimer.o
    0x080024cc   0x080024cc   0x00000014   Code   RO         1699    i.TIM_ITConfig      stm32f4xx_tim.o
    0x080024e0   0x080024e0   0x00000068   Code   RO         1703    i.TIM_OC1Init       stm32f4xx_tim.o
    0x08002548   0x08002548   0x0000000c   Code   RO         1705    i.TIM_OC1PolarityConfig  stm32f4xx_tim.o
    0x08002554   0x08002554   0x0000000c   Code   RO         1706    i.TIM_OC1PreloadConfig  stm32f4xx_tim.o
    0x08002560   0x08002560   0x00000004   Code   RO         1740    i.TIM_SetCounter    stm32f4xx_tim.o
    0x08002564   0x08002564   0x00000010   Code   RO         1741    i.TIM_SetIC1Prescaler  stm32f4xx_tim.o
    0x08002574   0x08002574   0x00000018   Code   RO         1742    i.TIM_SetIC2Prescaler  stm32f4xx_tim.o
    0x0800258c   0x0800258c   0x00000010   Code   RO         1743    i.TIM_SetIC3Prescaler  stm32f4xx_tim.o
    0x0800259c   0x0800259c   0x00000018   Code   RO         1744    i.TIM_SetIC4Prescaler  stm32f4xx_tim.o
    0x080025b4   0x080025b4   0x0000007c   Code   RO         1746    i.TIM_TimeBaseInit  stm32f4xx_tim.o
    0x08002630   0x08002630   0x00000014   Code   RO          204    i.TimeBaseClearFlag  base_timer.o
    0x08002644   0x08002644   0x00000010   Code   RO          205    i.TimeBaseGetFlag   base_timer.o
    0x08002654   0x08002654   0x00000014   Code   RO          206    i.TimeBaseSetFlag   base_timer.o
    0x08002668   0x08002668   0x00000040   Code   RO          207    i.TimeBaseUpdata    base_timer.o
    0x080026a8   0x080026a8   0x00000130   Code   RO          339    i.UARTx_Init        uart.o
    0x080027d8   0x080027d8   0x00000070   Code   RO          891    i.USART2_IRQHandler  main.o
    0x08002848   0x08002848   0x00000008   Code   RO         2224    i.USART_ClearFlag   stm32f4xx_usart.o
    0x08002850   0x08002850   0x00000010   Code   RO         2225    i.USART_ClearITPendingBit  stm32f4xx_usart.o
    0x08002860   0x08002860   0x00000018   Code   RO         2228    i.USART_Cmd         stm32f4xx_usart.o
    0x08002878   0x08002878   0x0000000e   Code   RO         2231    i.USART_GetFlagStatus  stm32f4xx_usart.o
    0x08002886   0x08002886   0x00000040   Code   RO         2232    i.USART_GetITStatus  stm32f4xx_usart.o
    0x080028c6   0x080028c6   0x00000036   Code   RO         2234    i.USART_ITConfig    stm32f4xx_usart.o
    0x080028fc   0x080028fc   0x000000bc   Code   RO         2235    i.USART_Init        stm32f4xx_usart.o
    0x080029b8   0x080029b8   0x00000030   Code   RO          340    i.USART_PRINT       uart.o
    0x080029e8   0x080029e8   0x00000008   Code   RO         2242    i.USART_ReceiveData  stm32f4xx_usart.o
    0x080029f0   0x080029f0   0x00000008   Code   RO         2245    i.USART_SendData    stm32f4xx_usart.o
    0x080029f8   0x080029f8   0x00000038   Code   RO          341    i.USART_SendString  uart.o
    0x08002a30   0x08002a30   0x00000002   Code   RO          958    i.UsageFault_Handler  stm32f4xx_it.o
    0x08002a32   0x08002a32   0x00000002   PAD
    0x08002a34   0x08002a34   0x00000070   Code   RO            5    i.W25QXX_BufferRead  w25qxx.o
    0x08002aa4   0x08002aa4   0x000000e6   Code   RO            6    i.W25QXX_BufferWrite  w25qxx.o
    0x08002b8a   0x08002b8a   0x00000002   PAD
    0x08002b8c   0x08002b8c   0x000000ac   Code   RO            7    i.W25QXX_PageWrite  w25qxx.o
    0x08002c38   0x08002c38   0x0000005c   Code   RO           11    i.W25QXX_SectorErase  w25qxx.o
    0x08002c94   0x08002c94   0x0000005c   Code   RO           12    i.W25QXX_WaitForWriteEnd  w25qxx.o
    0x08002cf0   0x08002cf0   0x0000002c   Code   RO           13    i.W25QXX_WriteEnable  w25qxx.o
    0x08002d1c   0x08002d1c   0x0000004a   Code   RO          660    i.WKUP_Interrupt_Init  rtc.o
    0x08002d66   0x08002d66   0x00000002   PAD
    0x08002d68   0x08002d68   0x00000020   Code   RO         4132    i.__0printf         mc_w.l(printfa.o)
    0x08002d88   0x08002d88   0x00000024   Code   RO         4138    i.__0vsprintf       mc_w.l(printfa.o)
    0x08002dac   0x08002dac   0x00000008   Code   RO         4233    i.__aeabi_errno_addr  mc_w.l(errno.o)
    0x08002db4   0x08002db4   0x0000000e   Code   RO         4289    i.__scatterload_copy  mc_w.l(handlers.o)
    0x08002dc2   0x08002dc2   0x00000002   Code   RO         4290    i.__scatterload_null  mc_w.l(handlers.o)
    0x08002dc4   0x08002dc4   0x0000000e   Code   RO         4291    i.__scatterload_zeroinit  mc_w.l(handlers.o)
    0x08002dd2   0x08002dd2   0x00000002   PAD
    0x08002dd4   0x08002dd4   0x00000184   Code   RO         4139    i._fp_digits        mc_w.l(printfa.o)
    0x08002f58   0x08002f58   0x000006b4   Code   RO         4140    i._printf_core      mc_w.l(printfa.o)
    0x0800360c   0x0800360c   0x00000024   Code   RO         4141    i._printf_post_padding  mc_w.l(printfa.o)
    0x08003630   0x08003630   0x0000002e   Code   RO         4142    i._printf_pre_padding  mc_w.l(printfa.o)
    0x0800365e   0x0800365e   0x0000000a   Code   RO         4144    i._sputc            mc_w.l(printfa.o)
    0x08003668   0x08003668   0x00000024   Code   RO          342    i.fputc             uart.o
    0x0800368c   0x0800368c   0x000001bc   Code   RO          892    i.main              main.o
    0x08003848   0x08003848   0x00000028   Code   RO          733    i.stmflash_read     flash.o
    0x08003870   0x08003870   0x0000005c   Code   RO          734    i.stmflash_readfull  flash.o
    0x080038cc   0x080038cc   0x00000170   Code   RO          735    i.stmflash_write    flash.o
    0x08003a3c   0x08003a3c   0x00000024   Data   RO          208    .constdata          base_timer.o
    0x08003a60   0x08003a60   0x00000002   Data   RO          294    .constdata          led.o
    0x08003a62   0x08003a62   0x00000008   Data   RO          344    .constdata          uart.o
    0x08003a6a   0x08003a6a   0x00000002   Data   RO          395    .constdata          button.o
    0x08003a6c   0x08003a6c   0x00000081   Data   RO         4256    .constdata          mc_w.l(ctype_o.o)
    0x08003aed   0x08003aed   0x00000003   PAD
    0x08003af0   0x08003af0   0x00000004   Data   RO         4257    .constdata          mc_w.l(ctype_o.o)
    0x08003af4   0x08003af4   0x00000020   Data   RO         4287    Region$$Table       anon$$obj.o


    Execution Region RW_IRAM1 (Exec base: 0x20000000, Load base: 0x08003b14, Size: 0x000012a8, Max: 0x00020000, ABSOLUTE)

    Exec Addr    Load Addr    Size         Type   Attr      Idx    E Section Name        Object

    0x20000000   0x08003b14   0x00000008   Data   RW          209    .data               base_timer.o
    0x20000008   0x08003b1c   0x00000004   Data   RW          295    .data               led.o
    0x2000000c   0x08003b20   0x00000014   Data   RW          345    .data               uart.o
    0x20000020   0x08003b34   0x00000004   Data   RW          396    .data               button.o
    0x20000024   0x08003b38   0x00000004   Data   RW          834    .data               hspi.o
    0x20000028   0x08003b3c   0x00000026   Data   RW          894    .data               main.o
    0x2000004e   0x08003b62   0x00000010   Data   RW         1139    .data               stm32f4xx_rcc.o
    0x2000005e   0x08003b72   0x00000002   PAD
    0x20000060   0x08003b74   0x00000004   Data   RW         3894    .data               mc_w.l(strtok.o)
    0x20000064   0x08003b78   0x00000004   Data   RW         4218    .data               mc_w.l(stdout.o)
    0x20000068   0x08003b7c   0x00000004   Data   RW         4236    .data               mc_w.l(errno.o)
    0x2000006c        -       0x000000ff   Zero   RW          343    .bss                uart.o
    0x2000016b   0x08003b80   0x00000001   PAD
    0x2000016c        -       0x0000013c   Zero   RW          893    .bss                main.o
    0x200002a8        -       0x00001000   Zero   RW         1022    STACK               startup_stm32f40_41xxx.o


==============================================================================

Image component sizes


      Code (inc. data)   RO Data    RW Data    ZI Data      Debug   Object Name

       452         70          0          0          0       3770   adc.o
       212         30         36          8          0       4379   base_timer.o
        52          8          2          4          0       2053   button.o
        44          0          0          0          0       1022   delay.o
       636         44          0          0          0       3813   flash.o
       196         10          0          0          0       1410   gtimer.o
       660         80          0          4          0       5939   hspi.o
        72         10          2          4          0       1964   led.o
       884        136          0         38        316       5355   main.o
       180         16          0          0          0       3162   misc.o
       162          6          0          0          0       1318   pwm.o
       602         46          0          0          0       7119   rtc.o
       208         44          0          0          0       2469   sonic.o
        36          8        392          0       4096        868   startup_stm32f40_41xxx.o
       354         26          0          0          0       6870   stm32f4xx_adc.o
       108          4          0          0          0       2677   stm32f4xx_dma.o
       164         12          0          0          0       2591   stm32f4xx_exti.o
       446         46          0          0          0       6685   stm32f4xx_flash.o
       184          0          0          0          0       3395   stm32f4xx_gpio.o
        18          0          0          0          0       4334   stm32f4xx_it.o
        12          6          0          0          0        574   stm32f4xx_pwr.o
       392         54          0         16          0       7874   stm32f4xx_rcc.o
      1362         98          0          0          0      15078   stm32f4xx_rtc.o
       102          0          0          0          0       3930   stm32f4xx_spi.o
       740         36          0          0          0      14862   stm32f4xx_tim.o
       384          8          0          0          0       7573   stm32f4xx_usart.o
       276         34          0          0          0       1769   system_stm32f4xx.o
       444         24          8         20        255       5773   uart.o
       742         80          0          0          0     362732   w25qxx.o

    ----------------------------------------------------------------------
     10158        936        472         96       4668     491358   Object Totals
         0          0         32          0          0          0   (incl. Generated)
        34          0          0          2          1          0   (incl. Padding)

    ----------------------------------------------------------------------

      Code (inc. data)   RO Data    RW Data    ZI Data      Debug   Library Member Name

        28          0          0          0          0         68   _chval.o
       158          0          0          0          0         92   _strtoul.o
        26          0          0          0          0         80   atoi.o
         8          4        133          0          0         68   ctype_o.o
         0          0          0          0          0          0   entry.o
         0          0          0          0          0          0   entry10a.o
         0          0          0          0          0          0   entry11a.o
         4          0          0          0          0          0   entry12b.o
         8          4          0          0          0          0   entry2.o
         4          0          0          0          0          0   entry5.o
         0          0          0          0          0          0   entry7b.o
         0          0          0          0          0          0   entry8b.o
         8          4          0          0          0          0   entry9a.o
         8          4          0          4          0         68   errno.o
        30          0          0          0          0          0   handlers.o
        36          8          0          0          0         68   init.o
         0          0          0          0          0          0   iusefp.o
        30          0          0          0          0         68   llshl.o
        36          0          0          0          0         68   llsshr.o
        32          0          0          0          0         68   llushr.o
      2264         96          0          0          0        612   printfa.o
         0          0          0          4          0          0   stdout.o
        30          0          0          0          0         80   strncmp.o
        24          0          0          0          0         76   strncpy.o
        68          6          0          4          0         80   strtok.o
       112          0          0          0          0         88   strtol.o
        44          0          0          0          0         80   uidiv.o
        98          0          0          0          0         92   uldiv.o
        48          0          0          0          0         68   cdrcmple.o
        56          0          0          0          0         88   d2f.o
       334          0          0          0          0        148   dadd.o
       222          0          0          0          0        100   ddiv.o
       186          0          0          0          0        176   depilogue.o
        48          0          0          0          0         68   dfixul.o
        26          0          0          0          0         76   dfltui.o
       228          0          0          0          0         96   dmul.o
        38          0          0          0          0         68   f2d.o
       110          0          0          0          0        168   fepilogue.o

    ----------------------------------------------------------------------
      4358        126        136         12          0       2812   Library Totals
         6          0          3          0          0          0   (incl. Padding)

    ----------------------------------------------------------------------

      Code (inc. data)   RO Data    RW Data    ZI Data      Debug   Library Name

      3056        126        133         12          0       1756   mc_w.l
      1296          0          0          0          0       1056   mf_w.l

    ----------------------------------------------------------------------
      4358        126        136         12          0       2812   Library Totals

    ----------------------------------------------------------------------

==============================================================================


      Code (inc. data)   RO Data    RW Data    ZI Data      Debug   

     14516       1062        608        108       4668     478018   Grand Totals
     14516       1062        608        108       4668     478018   ELF Image Totals
     14516       1062        608        108          0          0   ROM Totals

==============================================================================

    Total RO  Size (Code + RO Data)                15124 (  14.77kB)
    Total RW  Size (RW Data + ZI Data)              4776 (   4.66kB)
    Total ROM Size (Code + RO Data + RW Data)      15232 (  14.88kB)

==============================================================================

